00000408 A _binary_common_avb_pubkey_size
0000f800 T start16
0000f831 t ff
0000f83a t code32start
0000f840 t idt_ptr
0000f846 t gdt_ptr
0000f850 T gdt_rom
0000fff0 t reset_vector
fff00000 A __text_start
fff00000 T _x86boot_start
fff0001c T _start
fff0003f T car_init_ret
fff00076 T board_init_f_r_trampoline
fff00082 t die
fff00088 W car_uninit
fff00089 t blank_idt_ptr
fff00090 t multiboot_header
fff000b0 T efi_reset_system
fff000b0 d __efi_runtime_start
fff000c8 T efi_memcpy_runtime
fff000de T efi_update_table_header_crc32
fff00100 W efi_get_time
fff00106 W efi_set_time
fff0010c T efi_convert_pointer
fff001c0 T efi_update_capsule
fff001c6 T efi_query_capsule_caps
fff001cc t efi_unimplemented
fff001d2 t efi_set_virtual_address_map_runtime
fff001d8 t efi_convert_pointer_runtime
fff001de T efi_get_variable_runtime
fff00212 T efi_get_next_variable_name_runtime
fff00223 T efi_var_mem_find
fff002ff t efi_var_mem_compare
fff00360 T efi_var_mem_del
fff003cb T efi_var_mem_ins
fff004b8 T efi_var_mem_free
fff004c9 t efi_var_mem_notify_virtual_address_map
fff004eb T efi_get_variable_mem
fff00574 T efi_get_next_variable_name_mem
fff0060d T efi_get_variable_int
fff00612 T efi_get_next_variable_name_int
fff00617 T efi_query_variable_info_runtime
fff0061d t efi_set_variable_runtime
fff00623 T u16_strnlen
fff0063d T crc32_no_comp
fff006ec T crc32
fff00701 T efi_runtime_detach
fff00747 T efi_runtime_relocate
fff00858 t efi_events
fff00860 t systab
fff008a8 t firmware_vendor
fff008c0 t efi_runtime_services
fff00910 t efi_virtmap
fff00914 t efi_descriptor_count
fff00918 t efi_descriptor_size
fff0091c t efi_var_buf
fff00920 t efi_current_var
fff00924 t crc_table
fff00d24 t efi_runtime_mmio
fff00d2c t efi_runtime_relocate.lastoff
fff00d30 T car_init
fff00d30 d __efi_runtime_stop
fff00d44 T cpu_call64
fff00d95 t code64
fff00d95 t lret_target
fff00d9a T call64_stub_size
fff00d9e T irq_common_entry
fff00dcd T irq_0
fff00dd4 T irq_1
fff00ddb T irq_2
fff00de2 T irq_3
fff00de9 T irq_4
fff00df0 T irq_5
fff00df7 T irq_6
fff00dfe T irq_7
fff00e05 T irq_8
fff00e0c T irq_9
fff00e13 T irq_10
fff00e1a T irq_11
fff00e21 T irq_12
fff00e28 T irq_13
fff00e2f T irq_14
fff00e36 T irq_15
fff00e3d T irq_16
fff00e44 T irq_17
fff00e4b T irq_18
fff00e52 T irq_19
fff00e59 T irq_20
fff00e60 T irq_21
fff00e67 T irq_22
fff00e6e T irq_23
fff00e75 T irq_24
fff00e7c T irq_25
fff00e83 T irq_26
fff00e8a T irq_27
fff00e91 T irq_28
fff00e98 T irq_29
fff00e9f T irq_30
fff00ea6 T irq_31
fff00ead T irq_32
fff00eb4 T irq_33
fff00ebb T irq_34
fff00ec2 T irq_35
fff00ec9 T irq_36
fff00ed0 T irq_37
fff00ed7 T irq_38
fff00ede T irq_39
fff00ee5 T irq_40
fff00eec T irq_41
fff00ef3 T irq_42
fff00efa T irq_43
fff00f01 T irq_44
fff00f08 T irq_45
fff00f0f T irq_46
fff00f16 T irq_47
fff00f1d T irq_48
fff00f24 T irq_49
fff00f2b T irq_50
fff00f32 T irq_51
fff00f39 T irq_52
fff00f40 T irq_53
fff00f47 T irq_54
fff00f4e T irq_55
fff00f55 T irq_56
fff00f5c T irq_57
fff00f63 T irq_58
fff00f6a T irq_59
fff00f71 T irq_60
fff00f78 T irq_61
fff00f7f T irq_62
fff00f86 T irq_63
fff00f8d T irq_64
fff00f94 T irq_65
fff00f9b T irq_66
fff00fa2 T irq_67
fff00fa9 T irq_68
fff00fb0 T irq_69
fff00fb7 T irq_70
fff00fbe T irq_71
fff00fc5 T irq_72
fff00fcc T irq_73
fff00fd3 T irq_74
fff00fda T irq_75
fff00fe1 T irq_76
fff00fe8 T irq_77
fff00fef T irq_78
fff00ff6 T irq_79
fff00ffd T irq_80
fff01004 T irq_81
fff0100b T irq_82
fff01012 T irq_83
fff01019 T irq_84
fff01020 T irq_85
fff01027 T irq_86
fff0102e T irq_87
fff01035 T irq_88
fff0103c T irq_89
fff01043 T irq_90
fff0104a T irq_91
fff01051 T irq_92
fff01058 T irq_93
fff0105f T irq_94
fff01066 T irq_95
fff0106d T irq_97
fff01074 T irq_96
fff0107b T irq_98
fff01082 T irq_99
fff01089 T irq_100
fff01090 T irq_101
fff01097 T irq_102
fff0109e T irq_103
fff010a5 T irq_104
fff010ac T irq_105
fff010b3 T irq_106
fff010ba T irq_107
fff010c1 T irq_108
fff010c8 T irq_109
fff010cf T irq_110
fff010d6 T irq_111
fff010dd T irq_112
fff010e4 T irq_113
fff010eb T irq_114
fff010f2 T irq_115
fff010f9 T irq_116
fff01100 T irq_117
fff01107 T irq_118
fff0110e T irq_119
fff01115 T irq_120
fff0111c T irq_121
fff01123 T irq_122
fff0112a T irq_123
fff01131 T irq_124
fff01138 T irq_125
fff0113f T irq_126
fff01146 T irq_127
fff0114d T irq_128
fff01157 T irq_129
fff01161 T irq_130
fff0116b T irq_131
fff01175 T irq_132
fff0117f T irq_133
fff01189 T irq_134
fff01193 T irq_135
fff0119d T irq_136
fff011a7 T irq_137
fff011b1 T irq_138
fff011bb T irq_139
fff011c5 T irq_140
fff011cf T irq_141
fff011d9 T irq_142
fff011e3 T irq_143
fff011ed T irq_144
fff011f7 T irq_145
fff01201 T irq_146
fff0120b T irq_147
fff01215 T irq_148
fff0121f T irq_149
fff01229 T irq_150
fff01233 T irq_151
fff0123d T irq_152
fff01247 T irq_153
fff01251 T irq_154
fff0125b T irq_155
fff01265 T irq_156
fff0126f T irq_157
fff01279 T irq_158
fff01283 T irq_159
fff0128d T irq_160
fff01297 T irq_161
fff012a1 T irq_162
fff012ab T irq_163
fff012b5 T irq_164
fff012bf T irq_165
fff012c9 T irq_166
fff012d3 T irq_167
fff012dd T irq_168
fff012e7 T irq_169
fff012f1 T irq_170
fff012fb T irq_171
fff01305 T irq_172
fff0130f T irq_173
fff01319 T irq_174
fff01323 T irq_175
fff0132d T irq_176
fff01337 T irq_177
fff01341 T irq_178
fff0134b T irq_179
fff01355 T irq_180
fff0135f T irq_181
fff01369 T irq_182
fff01373 T irq_183
fff0137d T irq_184
fff01387 T irq_185
fff01391 T irq_186
fff0139b T irq_187
fff013a5 T irq_188
fff013af T irq_189
fff013b9 T irq_190
fff013c3 T irq_191
fff013cd T irq_192
fff013d7 T irq_193
fff013e1 T irq_194
fff013eb T irq_195
fff013f5 T irq_196
fff013ff T irq_197
fff01409 T irq_198
fff01413 T irq_199
fff0141d T irq_200
fff01427 T irq_201
fff01431 T irq_202
fff0143b T irq_203
fff01445 T irq_204
fff0144f T irq_205
fff01459 T irq_206
fff01463 T irq_207
fff0146d T irq_208
fff01477 T irq_209
fff01481 T irq_210
fff0148b T irq_211
fff01495 T irq_212
fff0149f T irq_213
fff014a9 T irq_214
fff014b3 T irq_215
fff014bd T irq_216
fff014c7 T irq_217
fff014d1 T irq_218
fff014db T irq_219
fff014e5 T irq_220
fff014ef T irq_221
fff014f9 T irq_222
fff01503 T irq_223
fff0150d T irq_224
fff01517 T irq_225
fff01521 T irq_226
fff0152b T irq_227
fff01535 T irq_228
fff0153f T irq_229
fff01549 T irq_230
fff01553 T irq_231
fff0155d T irq_232
fff01567 T irq_233
fff01571 T irq_234
fff0157b T irq_235
fff01585 T irq_236
fff0158f T irq_237
fff01599 T irq_238
fff015a3 T irq_239
fff015ad T irq_240
fff015b7 T irq_241
fff015c1 T irq_242
fff015cb T irq_243
fff015d5 T irq_244
fff015df T irq_245
fff015e9 T irq_246
fff015f3 T irq_247
fff015fd T irq_248
fff01607 T irq_249
fff01611 T irq_250
fff0161b T irq_251
fff01625 T irq_252
fff0162f T irq_253
fff01639 T irq_254
fff01643 T irq_255
fff01650 T setjmp
fff01668 T longjmp
fff0167a T x86_init_cache
fff0167a W init_cache
fff01688 T flush_cache
fff0168b T flush_dcache_range
fff0168c T cpu_vendor_name
fff016a3 T cpu_get_name
fff016ed T show_boot_progress
fff016f0 W board_final_init
fff016f1 W board_final_cleanup
fff016f2 T last_stage_init
fff01720 T cpu_init_r
fff01785 T reserve_arch
fff017a7 T cpu_x86_bind
fff01800 T cpu_x86_get_vendor
fff0183b T cpu_x86_get_desc
fff01868 T cpu_x86_get_count
fff018f3 T qemu_get_low_memory_size
fff01913 T qemu_get_high_memory_size
fff01937 T dram_init
fff01986 T dram_init_banksize
fff019fe T board_get_usable_ram_top
fff01a1e T arch_cpu_init
fff01a27 T checkcpu
fff01a2a T arch_early_init_r
fff01b7f t qemu_x86_fwcfg_read_entry_pio
fff01ba1 t qemu_x86_fwcfg_read_entry_dma
fff01bb8 T cpu_qemu_get_desc
fff01bd2 t cpu_qemu_get_count
fff01bd7 T install_e820_map
fff01cd7 T lapic_setup
fff01d49 T pirq_check_irq_routed
fff01e04 T pirq_translate_link
fff01e46 T pirq_assign_irq
fff01eee T irq_router_probe
fff022dc T mtrr_open
fff02324 T mtrr_close
fff0235e T mtrr_read_all
fff023a8 T mtrr_get_var_count
fff023b3 T mtrr_write_all
fff0241b T mtrr_commit
fff02557 t h_comp_mtrr
fff02578 T mtrr_set_valid
fff02596 t mtrr_start_op
fff02615 T mtrr_set
fff02650 T pci_x86_read_config
fff026aa T pci_x86_write_config
fff02702 T pci_assign_irqs
fff0278b T arch_setup_gd
fff02864 t setup_identity
fff02975 T x86_cpu_init_f
fff02a3a T x86_enable_caches
fff02a3a W enable_caches
fff02a48 T x86_disable_caches
fff02a48 W disable_caches
fff02a58 T dcache_status
fff02a65 T cpu_has_64bit
fff02aab T cpu_jump_to_64bit
fff02af0 t build_pagetable
fff02b45 T enable_interrupts
fff02b47 T disable_interrupts
fff02b57 T interrupt_init
fff02be9 T irq_llsr
fff02c05 t do_exception
fff02c31 t dump_regs
fff02db8 T memset
fff02dfe T memcpy
fff02e40 T memmove
fff02fb5 T bootm_announce_and_cleanup
fff02fdb T boot_linux_kernel
fff03027 T do_bootm_linux
fff0314d T efi_add_known_memory
fff031ee T init_cache_f_r
fff0321e T irq_install_handler
fff032a7 T irq_free_handler
fff032f6 T do_irq
fff0336f T i8259_init
fff033dd T unmask_irq
fff03403 T mask_irq
fff03427 T specific_eoi
fff03441 T i8254_init
fff03458 T pirq_route_irqs
fff0359b T copy_uboot_to_ram
fff035cf T clear_bss
fff03607 T do_elf_reloc_fixups
fff036a9 T write_tables
fff036ac T load_zimage
fff03899 t get_boot_protocol
fff038da T setup_zimage
fff03b05 T do_zboot_dump
fff04186 t print_flags
fff041df T do_zboot_parent
fff04293 T android_bootloader_boot_kernel
fff04367 t hex_to_str
fff043be t complete_zboot
fff043ea t do_zboot_start
fff044c3 t do_zboot_load
fff0455e t do_zboot_setup
fff045b1 t do_zboot_info
fff045d3 t do_zboot_go
fff04605 T do_bootm
fff046d1 T do_bootd
fff046ec t do_help
fff04730 t do_panic
fff0474c t do_version
fff04787 t do_ab_select
fff0481a T blk_common_cmd
fff04af4 t do_source
fff04b4b t do_boot_android
fff04c16 T efi_install_fdt
fff04f6b T efi_run_image
fff050d2 t do_bootefi_exec
fff0515a t do_bootefi
fff0524c T efi_set_bootdev
fff052d2 t efi_reserve_memory
fff0531a W bootz_setup
fff0532e T do_bootz
fff0540a T mk_date
fff05639 t do_date
fff0578d t do_echo
fff0581d t do_exit
fff0584a T do_fat_size
fff0585c T do_fat_fsload
fff0586e t do_fat_ls
fff05880 t do_fat_fsinfo
fff0590b t do_fat_fswrite
fff0591d t do_fat_rm
fff0592f t do_fat_mkdir
fff05941 T set_working_fdt_addr
fff05952 t do_fdt
fff068b5 t fdt_valid
fff0695d t is_printable_string
fff069bc t print_data
fff06b1c t do_size_wrapper
fff06b2e t do_load_wrapper
fff06b40 t do_save_wrapper
fff06b52 t do_ls_wrapper
fff06b64 t do_ln_wrapper
fff06b76 t do_fstype_wrapper
fff06b7b t do_fstypes_wrapper
fff06b80 t do_itest
fff06bee t binary_test
fff06d13 t evalstr
fff06d63 t evalexp
fff06dc8 t do_sleep
fff06e8f t do_part
fff07209 t do_part_info
fff07323 T pci_bar_show
fff074e1 T pci_header_show
fff0758f t pci_show_regs
fff07615 T pciinfo_header
fff0764c t do_pci
fff07c29 t pci_cfg_modify
fff07d2a T do_read
fff07e6c t do_setexpr
fff07fa6 t get_arg
fff07feb t regex_sub
fff082d1 t substitute
fff08396 t do_test
fff08624 t do_false
fff08628 t do_true
fff0862b t do_virtio
fff0866e t do_gpt
fff08870 t gpt_verify
fff08979 t set_gpt_info
fff08e8a t extract_val
fff08f05 t extract_env
fff08f99 T do_avb_init
fff08fe9 T do_avb_read_part
fff090af T do_avb_read_part_hex
fff091d3 T do_avb_write_part
fff0927f T do_avb_read_rb
fff092fa T do_avb_write_rb
fff09376 T do_avb_get_uuid
fff093e1 T do_avb_verify_part
fff0953e T do_avb_is_unlocked
fff095a8 t do_avb
fff095ff t do_mtrr
fff097d0 T env_set
fff09826 t _do_env_set
fff099a3 T env_set_ulong
fff099bd T env_set_hex
fff099e9 T env_get_hex
fff09a27 T env_get
fff09a98 T env_get_f
fff09b6b T env_match
fff09bb6 T env_get_ulong
fff09bdc t do_env_save
fff09bf1 t do_env
fff09c3c t do_env_edit
fff09d14 t do_env_print
fff09daf t do_env_set
fff09dcf t do_env_default
fff09e86 t do_env_delete
fff09f13 t do_env_export
fff0a11c t do_env_import
fff0a3a9 t do_env_exists
fff0a3f1 t env_print
fff0a49f T board_init_f_alloc_reserve
fff0a4a8 T board_init_f_init_reserve
fff0a4d8 T main_loop
fff0a523 T get_version
fff0a529 T jumptable_init
fff0a72c t dummy
fff0a72d t mdelay
fff0a738 T get_local_var
fff0a79d T set_local_var
fff0a8d3 T parse_string_outer
fff0a999 t parse_stream_outer
fff0afff T parse_file_outer
fff0b031 T u_boot_hush_start
fff0b073 t do_showvar
fff0b152 t static_peek
fff0b158 t static_get
fff0b16d t done_word
fff0b3f2 t done_pipe
fff0b42d t file_peek
fff0b433 t free_pipe_list
fff0b4fd t new_pipe
fff0b530 t done_command
fff0b5a1 t b_addqchr
fff0b5e3 t b_addchr
fff0b638 t run_list_real
fff0bedc t insert_var_value_sub
fff0c166 t file_get
fff0c2ee T bootdelay_process
fff0c39f T autoboot_command
fff0c4a7 W board_add_ram_info
fff0c4a8 W mach_cpu_init
fff0c4ab W arch_reserve_mmu
fff0c4ae W arch_reserve_stacks
fff0c4b1 W arch_setup_bdinfo
fff0c4b4 T setup_bdinfo
fff0c4bf W arch_cpu_init_dm
fff0c4c2 T board_init_f
fff0c52c T board_init_f_r
fff0c5a8 t setup_mon_len
fff0c5b8 t log_init
fff0c5bb t log_init
fff0c5be t initf_bootstage
fff0c5d1 t setup_spl_handoff
fff0c5d4 t initf_console_record
fff0c5d7 t initf_dm
fff0c5df t init_baud_rate
fff0c606 t display_text_info
fff0c609 t print_resetinfo
fff0c655 t announce_dram_init
fff0c668 t setup_dest_addr
fff0c6b8 t reserve_round_4k
fff0c6c8 t reserve_video
fff0c6cb t reserve_trace
fff0c6ce t reserve_uboot
fff0c710 t reserve_malloc
fff0c72d t reserve_board
fff0c781 t setup_machine
fff0c784 t reserve_global_data
fff0c7b4 t reserve_fdt
fff0c81c t reserve_bootstage
fff0c81f t reserve_bloblist
fff0c822 t reserve_stacks
fff0c843 t show_dram_config
fff0c88e t display_new_sp
fff0c891 t reloc_fdt
fff0c8ec t reloc_bootstage
fff0c8ef t reloc_bloblist
fff0c8f2 t setup_reloc
fff0c938 t jump_to_copy
fff0c969 W cpu_secondary_init_r
fff0c96a W power_init_board
fff0c96d T board_init_r
fff0c9d3 t initr_trace
fff0c9d6 t initr_reloc
fff0c9e6 t initr_reloc_global_data
fff0ca18 t initr_barrier
fff0ca1b t initr_malloc
fff0ca3d t initr_bootstage
fff0ca50 t initr_console_record
fff0ca53 t initr_of_live
fff0ca56 t initr_dm
fff0ca84 t initr_binman
fff0ca89 t initr_dm_devices
fff0ca8c t initr_announce
fff0ca8f t initr_env
fff0caef t initr_secondary_cpu
fff0cafd t initr_pci
fff0cb0b t initr_jumptable
fff0cb19 t run_main_loop
fff0cb23 W checkboard
fff0cb26 W show_board_info
fff0cb61 W board_quiesce_devices
fff0cb62 T bootm_find_images
fff0cc71 T bootm_disable_interrupts
fff0cc76 T do_bootm_states
fff0d265 W switch_to_non_secure_mode
fff0d266 W arch_preboot_os
fff0d267 W board_preboot_os
fff0d268 T boot_selected_os
fff0d2b5 T bootm_os_get_boot_func
fff0d2bd t do_bootm_standalone
fff0d300 T fdt_find_and_setprop
fff0d352 T fdt_find_or_add_subnode
fff0d3a1 T fdt_root
fff0d429 T fdt_initrd
fff0d5c6 T fdt_chosen
fff0d667 T do_fixup_by_path
fff0d6a6 T fdt_fixup_memory_banks
fff0d7fd t fdt_pack_reg
fff0d8d9 T fdt_fixup_memory
fff0d8fd T fdt_fixup_ethernet
fff0da68 T fdt_shrink_to_minimum
fff0db20 T fdt_support_default_count_cells
fff0db71 T fdt_translate_address
fff0db8c t __of_translate_address
fff0ddfc t of_bus_default_map
fff0deac t of_bus_default_translate
fff0df0a T cli_readline
fff0df1d T cli_readline_into_buffer
fff0e7ce t delete_char
fff0e876 t cread_add_char
fff0e934 T cli_simple_process_macros
fff0eb36 t on_console
fff0ebda T console_puts_select
fff0ec27 T fputs
fff0ec39 T getchar
fff0ec79 T tstc
fff0eca1 T putc
fff0ece5 T puts
fff0ed1b T ctrlc
fff0ed5c T disable_ctrlc
fff0ed6a T had_ctrlc
fff0ed72 T clear_ctrlc
fff0ed7a T console_assign
fff0edb0 t console_setfile
fff0ee47 T console_announce_r
fff0ee74 T console_init_f
fff0ee84 T console_init_r
fff0ef9f T sbrk
fff0efdd T mem_malloc_init
fff0eff8 T malloc
fff0f594 T free
fff0f778 T malloc_trim
fff0f83a T realloc
fff0fc70 T memalign
fff0fdc8 T calloc
fff0fe95 T initf_malloc
fff0febe T malloc_simple
fff0fec8 t alloc_simple
fff0ff38 T memalign_simple
fff0ff41 T image_multi_getimg
fff0ff98 T image_decomp
fff100b1 t on_loadaddr
fff100d8 T env_get_bootm_low
fff100fe T env_get_bootm_size
fff1019d T env_get_bootm_mapsize
fff101c5 T genimg_get_os_name
fff101ea T genimg_get_comp_name
fff1020f T genimg_get_kernel_addr_fit
fff10225 T genimg_get_format
fff10251 T genimg_has_config
fff10254 T boot_get_ramdisk
fff10353 T boot_ramdisk_high
fff1046e T boot_get_setup
fff10474 T image_setup_linux
fff104cb T ab_select_slot
fff10893 T android_image_get_kernel
fff1089e T android_image_check_header
fff108a1 T android_image_get_end
fff108a4 T android_image_get_kload
fff108a8 T android_image_get_kcomp
fff108ab T android_image_get_ramdisk
fff108c3 T android_image_get_kernel_cmdline
fff108c7 T android_image_is_bootconfig_used
fff108d2 T android_image_load
fff10e4c T android_image_get_second
fff10e50 T android_image_get_dtb_by_index
fff10e53 T android_bootloader_boot_flow
fff1124d t android_part_get_info_by_name_suffix
fff112c1 T boot_fdt_add_mem_rsv_regions
fff113d1 t boot_fdt_reserve_region
fff11423 T boot_relocate_fdt
fff115e6 T boot_get_fdt
fff117e0 W ft_verify_fdt
fff117e4 W arch_fixup_fdt
fff117e7 T image_setup_libfdt
fff118e9 W get_effective_memsize
fff118f7 T stdio_get_list
fff118fd T stdio_get_by_name
fff11930 T stdio_clone
fff11962 T stdio_register_dev
fff119a4 T stdio_init_tables
fff119b6 T stdio_add_devices
fff11a35 t stdio_serial_putc
fff11a3c t stdio_serial_puts
fff11a43 t stdio_serial_getc
fff11a48 t stdio_serial_tstc
fff11a4d T run_command
fff11a59 T run_command_list
fff11ab6 T do_run
fff11b0b T cli_process_fdt
fff11b49 T cli_secure_boot_cmd
fff11baa T cli_loop
fff11bbe T cli_init
fff11bc3 T _do_help
fff11cfd T find_cmd_tbl
fff11d92 T cmd_usage
fff11de6 T find_cmd
fff11e1a T var_complete
fff11e79 T complete_subcmdv
fff11feb T cmd_auto_complete
fff1238a T cmd_get_data_size
fff123e5 T cmd_always_repeatable
fff12402 T cmd_never_repeatable
fff1241f T cmd_discard_repeatable
fff12437 T cmd_process
fff12577 T avb_set_state
fff12594 T append_cmd_line
fff125b9 T avb_ops_alloc
fff12628 t read_from_partition
fff1264c t write_to_partition
fff1266e t validate_vbmeta_public_key
fff126b4 t read_rollback_index
fff126e1 t write_rollback_index
fff126fc t read_is_device_unlocked
fff12721 t get_unique_guid_for_partition
fff12761 t get_size_of_partition
fff1279b T avb_ops_free
fff127d1 t blk_byte_io
fff12aaa t get_partition
fff12b3d t blk_read_and_flush
fff12c10 t blk_write
fff12cc3 T blk_get_dev
fff12cd8 t get_dev_hwpart
fff12cff T dev_print
fff12e9b T part_init
fff12f17 T part_print
fff12f8b t part_driver_lookup_type
fff13056 T part_get_info
fff1309f T part_get_info_whole_disk
fff130df T blk_get_device_by_str
fff131c6 T blk_get_device_part_str
fff1351c T part_get_info_by_name_type
fff1357e T part_get_info_by_name
fff1358a T part_get_info_by_dev_and_name_or_num
fff1365b T part_set_generic_name
fff13692 T part_print_dos
fff136bc t print_partition_extended
fff138ac T part_get_info_dos
fff138ce t part_get_info_extended
fff13b0c t test_block_type
fff13b92 t part_test_dos
fff13c0f T part_get_info_iso_verb
fff13fb2 t part_get_info_iso
fff13fc5 t part_print_iso
fff1405c t part_test_iso
fff1407c T get_disk_guid
fff140fa t find_valid_gpt
fff14197 T part_print_efi
fff14372 t is_pte_valid
fff143c3 T part_get_info_efi
fff1455e T write_gpt_table
fff14671 t set_protective_mbr
fff14750 T gpt_fill_pte
fff14978 T gpt_fill_header
fff14a55 T gpt_restore
fff14b5c T gpt_verify_headers
fff14bc5 t is_gpt_valid
fff14dea T gpt_verify_partitions
fff14f6d t validate_gpt_header
fff1507c t validate_gpt_entries
fff150b7 t part_test_efi
fff15144 T device_bind_with_driver_data
fff15169 t device_bind_common
fff15446 T device_bind_ofnode
fff1546b T device_bind_by_name
fff154ca T device_ofdata_to_platdata
fff155ad t alloc_priv
fff155fe T device_probe
fff156eb T device_get_uclass_id
fff156f5 T dev_get_platdata
fff1571c T dev_get_parent_platdata
fff15743 T dev_get_uclass_platdata
fff1576a T dev_get_priv
fff15791 T dev_get_uclass_priv
fff157b8 T dev_get_parent_priv
fff157df T device_find_first_child
fff157f9 T device_find_next_child
fff15818 T dev_get_driver_data
fff1581c T device_set_name_alloced
fff15821 T device_set_name
fff15847 T devfdt_get_addr_index
fff158fa T devfdt_get_addr
fff15901 T devfdt_get_addr_pci
fff15978 T lists_driver_lookup_name
fff159ee T lists_uclass_lookup
fff15a48 T lists_bind_drivers
fff15b1e T device_bind_driver
fff15b40 T device_bind_driver_to_node
fff15be2 T lists_bind_fdt
fff15db7 T dm_root
fff15de3 T dm_init
fff15e57 T dm_remove_devices_flags
fff15e90 T dm_scan_platdata
fff15eba T dm_scan_fdt_dev
fff15ef9 t dm_scan_fdt_node
fff15f81 T dm_extended_scan_fdt
fff15ff6 W dm_scan_other
fff15ff9 T dm_init_and_scan
fff1603d T uclass_find
fff1608e T uclass_get
fff16192 T uclass_find_device
fff161d7 T uclass_find_device_by_seq
fff16238 T uclass_find_device_by_of_offset
fff1627c T uclass_find_device_by_ofnode
fff162c0 T uclass_get_device
fff162ee T uclass_get_device_by_seq
fff16342 T uclass_get_device_by_of_offset
fff16370 T uclass_get_device_by_ofnode
fff1639e T uclass_first_device
fff163df T uclass_first_device_err
fff16400 T uclass_next_device
fff16436 T uclass_first_device_check
fff1647c T uclass_next_device_check
fff164a1 T uclass_first_device_drvdata
fff16506 T uclass_bind_device
fff1655d T uclass_unbind_device
fff16590 T uclass_resolve_seq
fff1663b T uclass_pre_probe_device
fff1667b T uclass_post_probe_device
fff166b9 T uclass_pre_remove_device
fff166d5 T dm_warn
fff166ed T pci_get_devfn
fff16722 T devres_release_probe
fff1673a t release_nodes
fff1678e T devres_release_all
fff167a6 T device_remove
fff168ea T device_free
fff1695b t simple_bus_post_bind
fff169a4 t init_range
fff169fb T regmap_init_mem
fff16b46 T syscon_get_by_driver_data
fff16b5a t syscon_pre_probe
fff16b8a T ofnode_read_u32_index
fff16bdc T ofnode_read_u32_default
fff16bf7 T ofnode_read_bool
fff16c1c T ofnode_get_property
fff16c3c T ofnode_read_size
fff16c6b T ofnode_read_u32_array
fff16c91 T ofnode_first_subnode
fff16cb6 T ofnode_next_subnode
fff16cdb T ofnode_get_parent
fff16cf8 T ofnode_get_name
fff16d11 T ofnode_read_simple_addr_cells
fff16d21 T ofnode_read_simple_size_cells
fff16d31 T ofnode_path
fff16d56 T ofnode_get_chosen_node
fff16dbf T ofnode_is_available
fff16ddb T ofnode_read_pci_addr
fff16e7e T ofnode_read_pci_vendev
fff16f48 T ofnode_pre_reloc
fff16fd8 T sysreset_get_status
fff16ff6 T sysreset_walk
fff17066 T sysreset_walk_halt
fff1708e T do_reset
fff170af t sysreset_post_bind
fff170b2 T pch_sysreset_power_off
fff17135 t x86_sysreset_probe
fff1714f t x86_sysreset_request
fff1718d t x86_sysreset_get_last
fff17193 T pci_get_bus
fff171d6 T pci_get_controller
fff1720f T dm_pci_get_bdf
fff17246 t pci_get_bus_max
fff17282 T pci_bus_find_devfn
fff172d7 T dm_pci_bus_find_bdf
fff17302 T pci_write_config
fff17352 T dm_pci_write_config
fff173c8 T pci_write_config32
fff173db T pci_write_config16
fff173ee T pci_write_config8
fff17401 T dm_pci_write_config8
fff17414 T dm_pci_write_config16
fff17427 T dm_pci_write_config32
fff1743a T pci_read_config
fff17489 T dm_pci_read_config
fff174fe T pci_read_config16
fff17525 T pci_read_config8
fff1754a T dm_pci_read_config8
fff1756f T dm_pci_read_config16
fff17596 T dm_pci_read_config32
fff175bb T pci_auto_config_devices
fff176b0 T dm_pci_hose_probe_bus
fff17727 T dm_pci_find_capability
fff17794 T pci_bind_bus_devices
fff17c0e T dm_pci_read_bar32
fff17c4a T dm_pci_bus_to_phys
fff17ce4 t _dm_pci_bus_to_phys
fff17d67 T dm_pci_map_bar
fff17e7a T dm_pci_find_next_capability
fff17e90 t _dm_pci_find_next_capability
fff17f1b t pci_uclass_pre_probe
fff18192 t pci_uclass_post_probe
fff181da t pci_uclass_child_post_bind
fff1820b T pci_init
fff1823b t pci_bridge_read_config
fff1826c t pci_bridge_write_config
fff1829e T dm_pciauto_setup_device
fff184e3 T dm_pciauto_prescan_setup_bridge
fff1869d T dm_pciauto_postscan_setup_bridge
fff18791 T dm_pciauto_config_device
fff18839 t _pci_x86_read_config
fff18858 t _pci_x86_write_config
fff18877 T setup_video
fff18926 T pciauto_region_align
fff18932 T pciauto_region_allocate
fff1896a T pciauto_config_init
fff18a46 T pci_class_str
fff18a5d T timer_get_count
fff18a83 T timer_get_rate
fff18a89 T dm_timer_init
fff18b4d t timer_pre_probe
fff18b76 t timer_post_probe
fff18b8f T get_timer
fff18bcd T timer_get_us
fff18bff T __udelay
fff18c4a t tsc_timer_ensure_setup
fff18f8d t tsc_timer_probe
fff18fd6 t tsc_timer_get_count
fff18fec T virtio_get_config
fff19006 T virtio_generation
fff1901d T virtio_reset
fff19028 T virtio_find_vqs
fff1903c T virtio_notify
fff19049 T virtio_add_status
fff1907b T virtio_finalize_features
fff190d4 T virtio_driver_features_init
fff190ed T virtio_init
fff19122 t virtio_uclass_pre_probe
fff19170 t virtio_uclass_post_probe
fff19218 t virtio_uclass_child_post_bind
fff19229 t virtio_uclass_child_pre_probe
fff1941d t virtio_uclass_child_post_probe
fff19430 T virtqueue_add
fff19663 T virtqueue_kick
fff196cc T virtqueue_get_buf
fff19809 T vring_create_virtqueue
fff199c5 T vring_del_virtqueue
fff199ef T virtqueue_get_vring_size
fff199f3 T virtqueue_get_desc_addr
fff199f7 T virtqueue_get_avail_addr
fff199fb T virtqueue_get_used_addr
fff199ff t virtio_pci_bind
fff19a3b t virtio_pci_bind
fff19a77 t virtio_pci_probe
fff19b3c t virtio_pci_probe
fff19c6b t virtio_pci_get_config
fff19c9e t virtio_pci_get_config
fff19dc1 t virtio_pci_set_config
fff19df4 t virtio_pci_set_config
fff19f4e t virtio_pci_get_status
fff19f74 t virtio_pci_get_status
fff19f9a t virtio_pci_set_status
fff19fe4 t virtio_pci_set_status
fff1a02e t virtio_pci_reset
fff1a065 t virtio_pci_reset
fff1a0ae t virtio_pci_get_features
fff1a0d8 t virtio_pci_get_features
fff1a147 t virtio_pci_set_features
fff1a19d t virtio_pci_set_features
fff1a227 t virtio_pci_find_vqs
fff1a305 t virtio_pci_find_vqs
fff1a4e5 t virtio_pci_del_vqs
fff1a544 t virtio_pci_del_vqs
fff1a5a3 t virtio_pci_notify
fff1a5cf t virtio_pci_notify
fff1a62e t virtio_pci_find_capability
fff1a6a3 t virtio_pci_map_capability
fff1a6ef t virtio_pci_generation
fff1a718 t virtio_blk_bind
fff1a7ac t virtio_blk_probe
fff1a83c t virtio_blk_read
fff1a857 t virtio_blk_write
fff1a872 t virtio_blk_do_req
fff1a943 t virtio_rng_bind
fff1a969 t virtio_rng_probe
fff1a98e t virtio_rng_read
fff1aa29 T blk_get_if_type_name
fff1aa31 T blk_get_devnum_by_typename
fff1aae0 T blk_list_part
fff1ab4a t get_desc
fff1abf5 T blk_print_part_devnum
fff1ac26 T blk_list_devices
fff1ac78 T blk_print_device_num
fff1acb4 T blk_show_device
fff1ad1c T blk_read_devnum
fff1ad4f T blk_dread
fff1adcd T blk_write_devnum
fff1ae00 T blk_dwrite
fff1ae44 T blk_dselect_hwpart
fff1ae62 T blk_find_device
fff1aed1 T blk_find_max_devnum
fff1af2b T blk_next_free_devnum
fff1af4d T blk_create_device
fff1b0c0 t blk_post_probe
fff1b0d3 T blkcache_read
fff1b199 T blkcache_fill
fff1b2cb T blkcache_invalidate
fff1b327 t uclass_cpu_init
fff1b373 T irq_snapshot_polarities
fff1b387 T irq_first_device_type
fff1b395 T qemu_fwcfg_read_entry
fff1b3f3 T qemu_fwcfg_online_cpus
fff1b422 T qemu_fwcfg_init
fff1b4a1 T pch_ioctl
fff1b4c6 T dm_rtc_get
fff1b4d9 T dm_rtc_set
fff1b4ed T dm_rtc_reset
fff1b501 t rtc_mc146818_probe
fff1b522 t rtc_mc146818_get
fff1b617 t rtc_mc146818_set
fff1b733 t rtc_mc146818_reset
fff1b75e t rtc_mc146818_read8
fff1b77a t rtc_mc146818_write8
fff1b799 T dm_rng_read
fff1b7b6 T serial_init
fff1b900 T serial_setbrg
fff1b93f T serial_initialize
fff1b94d T serial_putc
fff1b9a1 T serial_puts
fff1ba00 T serial_getc
fff1ba39 T serial_tstc
fff1ba6c T serial_stdio_init
fff1ba6d t on_baudrate
fff1bb49 t serial_post_probe
fff1bbe3 t serial_pre_remove
fff1bbe6 t serial_stub_putc
fff1bc22 t serial_stub_puts
fff1bc69 t serial_stub_getc
fff1bc8a t serial_stub_tstc
fff1bca2 T NS16550_init
fff1bd28 t NS16550_setbrg
fff1bd99 T ns16550_serial_probe
fff1bde8 T ns16550_serial_ofdata_to_platdata
fff1be9d t ns16550_serial_setbrg
fff1bed3 t ns16550_serial_getc
fff1bf0e t ns16550_serial_putc
fff1bf4c t ns16550_serial_pending
fff1bf86 t ns16550_serial_setconfig
fff1bfd0 t ns16550_serial_getinfo
fff1c00f T env_get_yesno
fff1c04c T env_get_default
fff1c09b T env_set_default
fff1c11c T env_set_default_vars
fff1c155 T env_import
fff1c1fc T env_export
fff1c263 T env_relocate
fff1c293 T env_complete
fff1c418 W env_get_location
fff1c423 W env_get_char_spec
fff1c432 T env_get_char
fff1c44b T env_load
fff1c571 T env_save
fff1c65a T env_init
fff1c783 T env_attr_walk
fff1c880 T env_attr_lookup
fff1c8e7 t regex_callback
fff1ca27 T env_flags_parse_vartype
fff1ca6d T env_flags_parse_varaccess
fff1cab6 T env_flags_init
fff1cb4e t on_flags
fff1cb89 T env_flags_validate
fff1cd6a t clear_flags
fff1cd74 t set_flags
fff1cde1 T env_callback_init
fff1cebb t on_callbacks
fff1cef6 t clear_callback
fff1cf00 t set_callback
fff1cfa8 t env_raw_disk_load
fff1d066 t env_raw_disk_save
fff1d11a T fs_get_type
fff1d120 T fs_set_blk_dev
fff1d1aa T fs_set_blk_dev_with_part
fff1d22a T fs_close
fff1d251 T fs_exists
fff1d293 T fs_size
fff1d2d5 T fs_read
fff1d33b T fs_write
fff1d3ca T fs_opendir
fff1d43e T fs_readdir
fff1d4a5 T fs_closedir
fff1d4f5 T fs_unlink
fff1d537 T fs_mkdir
fff1d579 T fs_ln
fff1d5db T do_size
fff1d661 T do_load
fff1d9f7 T do_ls
fff1da8a T file_exists
fff1dae1 T do_save
fff1dc45 T do_fs_type
fff1dcd1 T do_rm
fff1dd3e T do_mkdir
fff1ddc5 T do_ln
fff1de08 T do_fs_types
fff1de70 t fs_ls_generic
fff1df20 t fs_uuid_unsupported
fff1df24 t fs_ln_unsupported
fff1df28 t fs_probe_unsupported
fff1df3e t fs_ls_unsupported
fff1df42 t fs_exists_unsupported
fff1df45 t fs_size_unsupported
fff1df49 t fs_read_unsupported
fff1df4d t fs_write_unsupported
fff1df51 t fs_close_unsupported
fff1df52 t fs_opendir_unsupported
fff1df58 t fs_unlink_unsupported
fff1df5c t fs_mkdir_unsupported
fff1df60 T fat_set_blk_dev
fff1e027 T file_fat_detectfs
fff1e0a9 t read_bootsectandvi
fff1e1b6 T fat_exists
fff1e218 t fat_itr_root
fff1e382 t fat_itr_resolve
fff1e4f0 T fat_size
fff1e59a T file_fat_read_at
fff1e9ae T fat_read_file
fff1e9f1 T fat_opendir
fff1ea83 T fat_readdir
fff1eaf0 t fat_itr_next
fff1ed4f T fat_closedir
fff1ed6b T fat_close
fff1ed6c T file_fat_write_at
fff1f035 t split_filename
fff1f0d8 t normalize_longname
fff1f178 t find_directory_entry
fff1f1fb t set_name
fff1f2ef t fill_dir_slot
fff1f528 t set_contents
fff1ffb1 t flush_dirty_fat_buffer
fff2002e t flush_dir
fff20095 T file_fat_write
fff200ba T fat_unlink
fff20339 T fat_mkdir
fff206c8 t fat_itr_child
fff20717 t get_fatent
fff2088c t get_cluster
fff20a23 t next_dent
fff20b42 t downcase
fff20b6e t new_dir_table
fff20c1f t set_fatent_value
fff20dc3 t clear_fatent
fff20e27 t determine_fatent
fff20e56 t disk_write
fff20eb5 t set_sectors
fff20ff8 T efi_driver_init
fff210d0 t efi_uc_init
fff210e5 t efi_uc_destroy
fff210fa t efi_uc_supported
fff21193 t efi_uc_start
fff21242 t efi_uc_stop
fff2134c t check_node_type
fff213a5 t disconnect_child
fff213fa t efi_bl_read
fff21448 t efi_bl_write
fff21496 t efi_bl_bind
fff215a8 T efi_set_load_options
fff21632 T efi_deserialize_load_option
fff216b7 T efi_bootmgr_load
fff217fa t try_load_entry
fff219c2 t get_var
fff21a25 T __efi_entry_check
fff21a3b T __efi_exit_check
fff21a47 T efi_save_gd
fff21a48 T efi_restore_gd
fff21a49 T efi_signal_event
fff21adb t efi_queue_event
fff21b40 T efi_add_handle
fff21b64 T efi_create_handle
fff21bac T efi_search_protocol
fff21c12 T efi_search_obj
fff21c33 T efi_remove_protocol
fff21c73 T efi_remove_all_protocols
fff21cbe T efi_delete_handle
fff21cea T efi_create_event
fff21dfd T efi_create_event_ex
fff21e5a T efi_timer_check
fff21ed3 t efi_process_event_queue
fff21f4a T efi_set_timer
fff22023 T efi_add_protocol
fff22146 T efi_install_configuration_table
fff2226b T efi_setup_loaded_image
fff2238f T efi_load_image
fff2266d T efi_close_protocol
fff22728 T efi_locate_handle_buffer
fff227c7 t efi_locate_handle
fff22903 T efi_install_multiple_protocol_interfaces
fff22a41 t efi_locate_device_path
fff22b63 t efi_install_protocol_interface
fff22bb6 t efi_uninstall_protocol_interface
fff22c09 T efi_start_image
fff22d29 t efi_open_protocol
fff22fdb T efi_unload_image
fff230a6 t efi_delete_image
fff2312a T efi_handle_protocol
fff2314c T efi_initialize_system_table
fff231ae t efi_uninstall_protocol
fff23273 t efi_disconnect_all_drivers
fff233db t efi_disconnect_controller
fff2363f t efi_raise_tpl
fff2365d t efi_restore_tpl
fff2368c t efi_allocate_pages_ext
fff236b9 t efi_free_pages_ext
fff236dd t efi_get_memory_map_ext
fff23713 t efi_allocate_pool_ext
fff23737 t efi_free_pool_ext
fff23753 t efi_create_event_ext
fff2378b t efi_set_timer_ext
fff237bd t efi_wait_for_event
fff2387a t efi_signal_event_ext
fff238ca t efi_close_event
fff239b6 t efi_check_event
fff23a19 t efi_reinstall_protocol_interface
fff23a7e t efi_register_protocol_notify
fff23b07 t efi_locate_handle_ext
fff23b3e t efi_install_configuration_table_ext
fff23b5e t efi_exit
fff23c65 t efi_exit_boot_services
fff23daa t efi_get_next_monotonic_count
fff23dfe t efi_stall
fff23e49 t efi_set_watchdog_timer
fff23e65 t efi_connect_controller
fff24036 t efi_open_protocol_information
fff24113 t efi_protocols_per_handle
fff241c4 t efi_locate_protocol
fff242c2 t efi_uninstall_multiple_protocol_interfaces
fff243bb t efi_calculate_crc32
fff24404 t efi_copy_mem
fff24428 t efi_set_mem
fff2444d t efi_bind_controller
fff24503 t efi_cout_reset
fff24558 t efi_cout_output_string
fff2468d t efi_cout_test_string
fff246a0 t efi_cout_query_mode
fff246f7 t efi_cout_set_mode
fff2475e t efi_cout_set_attribute
fff247b8 t efi_cout_clear_screen
fff247e3 t efi_cout_set_cursor_position
fff24852 t efi_cout_enable_cursor
fff24890 T set_shift_mask
fff248dd t efi_cin_reset
fff24907 t efi_cin_read_key_stroke
fff2495f T efi_console_register
fff24c27 t efi_key_notify
fff24c3c t efi_console_timer_notify
fff24c51 t efi_cin_empty_buffer
fff24c6f t efi_cin_check
fff24f29 t analyze_modifiers
fff24f8b t term_get_char
fff24fc3 t efi_cin_reset_ex
fff24fed t efi_cin_read_key_stroke_ex
fff2509e t efi_cin_set_state
fff250b4 t efi_cin_register_key_notify
fff25139 t efi_cin_unregister_key_notify
fff2518e T efi_dp_next
fff251ad T efi_dp_match
fff25231 T efi_dp_find_obj
fff2526f t find_obj
fff253de T efi_dp_last_node
fff25405 T efi_dp_instance_size
fff2542e T efi_dp_size
fff2544d T efi_dp_dup
fff25498 t dp_alloc
fff254c5 T efi_dp_append
fff25564 T efi_dp_append_node
fff25617 T efi_dp_create_device_node
fff2564f T efi_dp_append_instance
fff2572b T efi_dp_get_next_instance
fff257bd T efi_dp_is_multi_instance
fff257de T efi_dp_from_part
fff2581c t dp_part_size
fff25868 t dp_part_fill
fff258b6 T efi_dp_part_node
fff258ec t dp_part_node
fff259d1 T efi_dp_from_file
fff25abb T efi_dp_from_mem
fff25afe T efi_dp_split_file_path
fff25b70 T efi_dp_from_name
fff25c78 T efi_dp_check_length
fff25cc0 t dp_size
fff25d39 t dp_fill
fff25e8f T efi_dp_str
fff25eb9 t efi_convert_device_path_to_text
fff25f20 t efi_convert_device_node_to_text
fff25f62 t efi_convert_single_device_node_to_text
fff2635f t efi_str_to_u16
fff263a5 t get_device_path_size
fff263d2 t duplicate_device_path
fff263f4 t append_device_path
fff2641c t append_device_node
fff26444 t append_device_path_instance
fff2646c t get_next_device_path_instance
fff26494 t is_device_path_multi_instance
fff264b6 t create_device_node
fff264e5 T efi_file_from_path
fff265ea T efi_simple_file_system
fff26621 t efi_open_volume
fff26682 t efi_file_open
fff26941 t efi_file_close
fff26969 t efi_file_delete
fff269b8 t efi_file_read
fff26ba3 t efi_file_write
fff26c46 t efi_file_getpos
fff26c7b t efi_file_setpos
fff26cef t efi_file_getinfo
fff26ed4 t efi_file_setinfo
fff26fe1 t efi_file_flush
fff26ff4 t efi_file_open_ex
fff26ffa t efi_file_read_ex
fff27000 t efi_file_write_ex
fff27006 t efi_file_flush_ex
fff2700c t efi_get_file_size
fff27047 t new_package_list
fff270e8 t remove_package_list
fff27127 t update_package_list
fff271da t list_package_lists
fff272a3 t export_package_lists
fff272d1 t register_package_notify
fff27312 t unregister_package_notify
fff27328 t find_keyboard_layouts
fff273d6 t get_keyboard_layout
fff27466 t set_keyboard_layout
fff2747c t get_package_list_handle
fff274cb t new_string
fff275b4 t get_string
fff2765b t set_string
fff27761 t get_languages
fff2782d t get_secondary_languages
fff278b1 t add_packages
fff27ba7 t free_packagelist
fff27bdc t free_keyboard_layouts
fff27c1e t remove_strings_package
fff27c7f t remove_guid_package
fff27cb0 t remove_keyboard_package
fff27ce8 t language_match
fff27d1d t extract_config
fff27d33 t export_config
fff27d49 t route_config
fff27d5f t block_to_config
fff27d75 t config_to_block
fff27d8b t get_alt_config
fff27da1 T efi_print_image_infos
fff27e75 W invalidate_icache_all
fff27e76 T efi_load_pe
fff28200 t efi_set_code_and_data_type
fff28247 T efi_add_memory_map
fff28284 t efi_add_memory_map_pg
fff285ff T efi_allocate_pages
fff287f3 t efi_check_allocated
fff28858 T efi_alloc
fff28893 T efi_free_pages
fff28900 T efi_allocate_pool
fff28979 T efi_free_pool
fff28a02 T efi_get_memory_map
fff28ac1 T efi_add_conventional_memory_map
fff28b64 T efi_memory_init
fff28bde t efi_mem_cmp
fff28c0d T efi_root_node_register
fff28ccc T efi_init_runtime_supported
fff28d12 W efi_reset_system_init
fff28d15 t efi_get_time_boottime
fff28df4 t efi_set_time_boottime
fff28e0a t efi_set_virtual_address_map
fff29022 t efi_reset_system_boottime
fff2907f W allow_unaligned
fff29080 T efi_init_obj_list
fff2921c t efi_stri_coll
fff29289 t efi_metai_match
fff292af t efi_str_lwr
fff292e7 t efi_str_upr
fff2931f t efi_fat_to_str
fff2936e t efi_str_to_fat
fff29435 t metai_match
fff295a1 T efi_get_variable
fff295ed T efi_set_variable
fff29631 T efi_get_next_variable_name
fff2965d T efi_query_variable_info
fff29698 T efi_init_secure_state
fff297d6 T efi_auth_var_get_type
fff29829 T efi_var_mem_init
fff298c9 t efi_var_mem_notify_exit_boot_services
fff29917 T efi_var_collect
fff29ab0 T efi_var_to_file
fff29b3f t efi_set_blk_dev_to_system_partition
fff29bb2 T efi_var_restore
fff29c9f T efi_var_from_file
fff29d4a T efi_set_variable_int
fff29f53 T efi_query_variable_info_int
fff29f80 T efi_variables_boot_exit_notify
fff29fb2 T efi_init_variables
fff29fd3 T efi_set_watchdog
fff2a00f T efi_watchdog_register
fff2a07b t efi_watchdog_timer_notify
fff2a0b4 T efi_fs_from_path
fff2a116 T efi_disk_create_partitions
fff2a1f7 t efi_disk_add_dev
fff2a3ea T efi_disk_register
fff2a4ed t efi_disk_reset
fff2a500 t efi_disk_read_blocks
fff2a5a5 t efi_disk_write_blocks
fff2a655 t efi_disk_flush_blocks
fff2a668 t efi_disk_rw_blocks
fff2a6d5 W platform_get_rng_device
fff2a703 T efi_rng_register
fff2a74f t rng_getinfo
fff2a7cc t getrng
fff2a86e T binman_init
fff2a8ff T console_read_unicode
fff2a9bf T utf8_get
fff2aa8d T utf8_put
fff2ab23 T utf8_utf16_strnlen
fff2ab72 T utf8_utf16_strncpy
fff2abd5 T utf16_put
fff2ac39 T utf16_get
fff2acb1 T utf16_strnlen
fff2ad00 T utf16_utf8_strnlen
fff2ad6f T utf16_utf8_strncpy
fff2add2 T utf_to_lower
fff2ae06 T utf_to_upper
fff2ae3a T u16_strncmp
fff2ae69 T u16_strlen
fff2ae80 T u16_strdup
fff2aecb T utf16_to_utf8
fff2afbf T list_sort
fff2b150 t merge
fff2b1b3 T inflate_fast
fff2b720 T inflate_table
fff2bbad T inflateReset
fff2bc05 T inflateInit2_
fff2bce2 T zcalloc
fff2bcec T zcfree
fff2bcf3 T inflate
fff2d611 T adler32
fff2d89e T inflateEnd
fff2d8e6 T gzalloc
fff2d8f4 T gzfree
fff2d8fb T gzip_parse_header
fff2d964 T gunzip
fff2d9a8 T zunzip
fff2da7b T ulz4fn
fff2de09 T avb_chain_partition_descriptor_validate_and_byteswap
fff2df45 T avb_sub_cmdline
fff2e139 T avb_append_options
fff2e481 t cmdline_append_option
fff2e546 t cmdline_append_hex
fff2e580 T avb_new_cmdline_subst_list
fff2e58a T avb_free_cmdline_subst_list
fff2e5bf T avb_add_root_digest_substitution
fff2e653 t uint64_to_base10
fff2e6a7 T avb_get_algorithm_data
fff2e6ba T avb_rsa_public_key_header_validate_and_byteswap
fff2e6e9 T avb_footer_validate_and_byteswap
fff2e7b6 T avb_hashtree_descriptor_validate_and_byteswap
fff2e962 T avb_sha256_init
fff2e982 T avb_sha256_update
fff2ea24 t SHA256_transform
fff2ec1e T avb_sha256_final
fff2ecf2 T avb_slot_verify
fff2f343 t load_and_verify_vbmeta
fff308ce T avb_slot_verify_data_free
fff3098c T avb_slot_verify_data_calculate_vbmeta_digest
fff30a7c t read_persistent_digest
fff30d26 t load_full_partition
fff30ed2 T avb_be32toh
fff30ed5 T avb_be64toh
fff30ee0 T avb_safe_memcmp
fff30f09 T avb_safe_add_to
fff30f4b T avb_basename
fff30f89 T avb_safe_add
fff30fb2 T avb_validate_utf8
fff3101e T avb_str_concat
fff310dc T avb_malloc
fff3111e T avb_calloc
fff31141 T avb_strdup
fff3116e T avb_strstr
fff311ab T avb_strv_find_str
fff311f0 T avb_replace
fff31395 T avb_strdupv
fff3148c T avb_uppercase
fff314ab T avb_bin2hex
fff314fb T avb_version_string
fff31501 T avb_descriptor_validate_and_byteswap
fff31564 T avb_descriptor_foreach
fff317f4 T avb_descriptor_get_all
fff31863 t count_descriptors
fff31868 t set_descriptors
fff3187c T avb_hash_descriptor_validate_and_byteswap
fff319b8 T avb_kernel_cmdline_descriptor_validate_and_byteswap
fff31aa4 T avb_rsa_verify
fff31f25 t montMul
fff3206c T avb_sha512_init
fff32098 T avb_sha512_update
fff3213a t SHA512_transform
fff325a5 T avb_sha512_final
fff32686 T avb_memcmp
fff3268b T avb_memcpy
fff32690 T avb_memset
fff32695 T avb_strcmp
fff3269a T avb_strncmp
fff3269f T avb_strlen
fff326a4 T avb_abort
fff326ac T avb_printv
fff326e3 T avb_malloc_
fff326e8 T avb_free
fff326ed T avb_div_by_10
fff3271d T avb_vbmeta_image_verify
fff32cbe T avb_vbmeta_image_header_to_host_byte_order
fff32de0 T avb_vbmeta_verify_result_to_string
fff32e28 T addBootConfigParameters
fff32ebe T addBootConfigTrailer
fff32f4c T fdt_ro_probe_
fff32fa9 T fdt_check_header
fff3309b T fdt_offset_ptr
fff330e8 T fdt_next_tag
fff331be T fdt_check_node_offset_
fff331ea T fdt_check_prop_offset_
fff33216 T fdt_next_node
fff3329d T fdt_first_subnode
fff332cb T fdt_next_subnode
fff33309 T fdt_find_string_
fff33352 T fdt_move
fff33393 T fdt_get_string
fff3344c T fdt_string
fff33453 T fdt_get_mem_rsv
fff334a0 t fdt_mem_rsv
fff334c9 T fdt_num_mem_rsv
fff33502 T fdt_subnode_offset_namelen
fff335be T fdt_subnode_offset
fff335e6 T fdt_path_offset_namelen
fff336ab T fdt_get_alias_namelen
fff336ec T fdt_path_offset
fff3370a T fdt_get_name
fff3377a T fdt_first_property_offset
fff3379b t nextprop_
fff337e8 T fdt_next_property_offset
fff33809 t fdt_get_property_by_offset_
fff33841 T fdt_get_property_namelen
fff3387a t fdt_get_property_namelen_
fff33905 T fdt_get_property
fff33936 T fdt_getprop_namelen
fff33988 T fdt_getprop_by_offset
fff33a0a T fdt_getprop
fff33a3b T fdt_supernode_atdepth_offset
fff33ad5 T fdt_node_depth
fff33af9 T fdt_parent_offset
fff33b42 T fdt_stringlist_search
fff33be3 T fdt_node_end_offset_
fff33c0b T fdt_strerror
fff33c38 T fdt_add_mem_rsv
fff33cb0 t fdt_rw_probe_
fff33d02 t fdt_splice_mem_rsv_
fff33d53 T fdt_del_mem_rsv
fff33d98 t fdt_splice_struct_
fff33dd4 T fdt_setprop_placeholder
fff33e8d t fdt_add_property_
fff33fa9 T fdt_setprop
fff33fe1 T fdt_delprop
fff34034 T fdt_add_subnode_namelen
fff3410f T fdt_add_subnode
fff34137 T fdt_del_node
fff34179 T fdt_open_into
fff342cb t fdt_blocks_misordered_
fff34308 t fdt_packblocks_
fff3438f t fdt_splice_
fff343f3 T fdt_address_cells
fff3441d t fdt_cells
fff3445a T fdt_size_cells
fff34477 T fdtdec_get_int
fff344a3 T fdtdec_get_addr_size_fixed
fff3455d T fdtdec_get_number
fff3457c T fdtdec_get_addr_size_auto_parent
fff345d5 T fdtdec_get_pci_bar32
fff345fe T fdtdec_get_is_enabled
fff34632 T fdtdec_get_alias_seq
fff3470e T fdtdec_get_alias_highest_id
fff347be T fdtdec_get_chosen_prop
fff347ee T fdtdec_prepare_fdt
fff34830 T fdtdec_get_int_array
fff34887 T fdtdec_get_bool
fff348a5 T fdtdec_get_config_int
fff348d8 T fdtdec_get_config_string
fff3490b T fdt_get_resource
fff34a0e W board_fdt_blob_setup
fff34a14 W fdtdec_board_setup
fff34a17 T fdtdec_setup
fff34a69 T qsort
fff34b26 T strcmp_compar
fff34b2f T hcreate_r
fff34bb0 T hdestroy_r
fff34c13 T hmatch_r
fff34c8c T hsearch_r
fff35108 T hdelete_r
fff351db T hexport_r
fff35486 t cmpkey
fff35493 T himport_r
fff35789 t drop_var_from_set
fff357d7 T hwalk_r
fff35816 t match_string
fff35890 T display_options_get_banner_priv
fff35918 T display_options_get_banner
fff3592f T display_options
fff35967 T print_size
fff35a6c W __div64_32
fff35b60 T hang
fff35b79 T strim
fff35bbd T lmb_dump_all
fff35bbe T lmb_init_and_reserve
fff35c36 t lmb_reserve_common
fff35c63 T lmb_init_and_reserve_range
fff35cb6 t lmb_add_region
fff35f32 T lmb_free
fff360b6 t lmb_remove_region
fff360ef T lmb_reserve
fff36111 T lmb_alloc
fff3612a T lmb_alloc_base
fff36171 T __lmb_alloc_base
fff363ba T lmb_alloc_addr
fff3648a W board_lmb_reserve
fff3648b W arch_lmb_reserve
fff3648c T slre_compile
fff365b8 t compile
fff36c2d T slre_match
fff36c93 t match
fff3700c t get_escape_char
fff37062 t quantifier
fff3713f t relocate
fff3718e t loop_greedy
fff37238 t loop_non_greedy
fff3729e T strncasecmp
fff37304 T strcasecmp
fff3730c T strcpy
fff3731c T strncpy
fff37332 T strlen
fff37343 T strcat
fff37360 T strncat
fff3738c T strcmp
fff373a3 T strncmp
fff373d5 T strchr
fff373ef T strrchr
fff37418 T strnlen
fff37437 T strdup
fff3746f T strsep
fff374be T memcmp
fff374e0 T strstr
fff3752c T memchr
fff3753e T get_tbclk
fff3756b T get_ticks
fff375be W timer_init
fff375c1 T usec_to_tick
fff37631 T udelay
fff37657 T uuid_str_valid
fff376b1 T uuid_guid_get_bin
fff376f9 T uuid_guid_get_str
fff37744 T uuid_str_to_bin
fff37890 T uuid_bin_to_str
fff3793c T panic_str
fff37949 t panic_finish
fff37974 T panic
fff3798d t vsnprintf_internal
fff3811a T snprintf
fff38141 T sprintf
fff38169 T printf
fff381c2 T vprintf
fff3820c T simple_itoa
fff38247 t string16
fff38310 t string
fff38383 t number
fff385f3 t put_dec_trunc
fff386bd t put_dec
fff38822 T simple_strtoul
fff388a1 t _parse_integer_fixup_radix
fff38905 T strict_strtoul
fff38966 T simple_strtol
fff38982 T ustrtoul
fff389e5 T ustrtoull
fff38a52 T simple_strtoull
fff38af2 T trailing_strtoln
fff38b51 T trailing_strtol
fff38b58 T rtc_calc_weekday
fff38c2d T __udivdi3
fff38c45 t _64bit_divide
fff38d71 T __umoddi3
fff38da8 d _u_boot_list_2_cmd_2_ab_select
fff38da8 d complete_cmdv.start
fff38da8 d complete_cmdv.start.17
fff38da8 d do_help.start
fff38da8 d do_help.start.6
fff38da8 d find_cmd.start
fff38da8 d find_cmd.start.2
fff38dc4 d _u_boot_list_2_cmd_2_avb
fff38de0 d _u_boot_list_2_cmd_2_boot
fff38dfc d _u_boot_list_2_cmd_2_boot_android
fff38e18 d _u_boot_list_2_cmd_2_bootd
fff38e34 d _u_boot_list_2_cmd_2_bootefi
fff38e50 d _u_boot_list_2_cmd_2_bootm
fff38e6c d _u_boot_list_2_cmd_2_bootz
fff38e88 d _u_boot_list_2_cmd_2_date
fff38ea4 d _u_boot_list_2_cmd_2_echo
fff38ec0 d _u_boot_list_2_cmd_2_editenv
fff38edc d _u_boot_list_2_cmd_2_env
fff38ef8 d _u_boot_list_2_cmd_2_exit
fff38f14 d _u_boot_list_2_cmd_2_false
fff38f30 d _u_boot_list_2_cmd_2_fatinfo
fff38f4c d _u_boot_list_2_cmd_2_fatload
fff38f68 d _u_boot_list_2_cmd_2_fatls
fff38f84 d _u_boot_list_2_cmd_2_fatmkdir
fff38fa0 d _u_boot_list_2_cmd_2_fatrm
fff38fbc d _u_boot_list_2_cmd_2_fatsize
fff38fd8 d _u_boot_list_2_cmd_2_fatwrite
fff38ff4 d _u_boot_list_2_cmd_2_fdt
fff39010 d _u_boot_list_2_cmd_2_fstype
fff3902c d _u_boot_list_2_cmd_2_fstypes
fff39048 d _u_boot_list_2_cmd_2_gpt
fff39064 d _u_boot_list_2_cmd_2_help
fff39080 d _u_boot_list_2_cmd_2_itest
fff3909c d _u_boot_list_2_cmd_2_ln
fff390b8 d _u_boot_list_2_cmd_2_load
fff390d4 d _u_boot_list_2_cmd_2_ls
fff390f0 d _u_boot_list_2_cmd_2_mtrr
fff3910c d _u_boot_list_2_cmd_2_panic
fff39128 d _u_boot_list_2_cmd_2_part
fff39144 d _u_boot_list_2_cmd_2_pci
fff39160 d _u_boot_list_2_cmd_2_printenv
fff3917c d _u_boot_list_2_cmd_2_question_mark
fff39198 d _u_boot_list_2_cmd_2_read
fff391b4 d _u_boot_list_2_cmd_2_reset
fff391d0 d _u_boot_list_2_cmd_2_run
fff391ec d _u_boot_list_2_cmd_2_save
fff39208 d _u_boot_list_2_cmd_2_saveenv
fff39224 d _u_boot_list_2_cmd_2_setenv
fff39240 d _u_boot_list_2_cmd_2_setexpr
fff3925c d _u_boot_list_2_cmd_2_showvar
fff39278 d _u_boot_list_2_cmd_2_size
fff39294 d _u_boot_list_2_cmd_2_sleep
fff392b0 d _u_boot_list_2_cmd_2_source
fff392cc d _u_boot_list_2_cmd_2_test
fff392e8 d _u_boot_list_2_cmd_2_true
fff39304 d _u_boot_list_2_cmd_2_version
fff39320 d _u_boot_list_2_cmd_2_virtio
fff3933c d _u_boot_list_2_cmd_2_zboot
fff39358 d _u_boot_list_2_driver_2_cpu_bus
fff39358 d complete_cmdv.end
fff39358 d dm_dump_driver_compat.start
fff39358 d dm_dump_driver_compat.start.4
fff39358 d dm_dump_drivers.start
fff39358 d dm_dump_drivers.start.11
fff39358 d do_help.end
fff39358 d efi_driver_init.start
fff39358 d find_cmd.end
fff39358 d fix_drivers.start
fff39358 d fix_drivers.start.1
fff39358 d lists_bind_fdt.start
fff39358 d lists_bind_fdt.start.3
fff39358 d lists_driver_lookup_name.start
fff39358 d lists_driver_lookup_name.start.1
fff3939c d _u_boot_list_2_driver_2_cpu_qemu_drv
fff393e0 d _u_boot_list_2_driver_2_cpu_x86_drv
fff39424 d _u_boot_list_2_driver_2_efi_blk
fff39468 d _u_boot_list_2_driver_2_efi_block
fff394ac d _u_boot_list_2_driver_2_generic_syscon
fff394f0 d _u_boot_list_2_driver_2_irq_router_drv
fff39534 d _u_boot_list_2_driver_2_motorola_mc146818
fff39578 d _u_boot_list_2_driver_2_ns16550_serial
fff395bc d _u_boot_list_2_driver_2_pci_bridge_drv
fff39600 d _u_boot_list_2_driver_2_pci_generic_drv
fff39644 d _u_boot_list_2_driver_2_pci_x86
fff39688 d _u_boot_list_2_driver_2_root_driver
fff396cc d _u_boot_list_2_driver_2_simple_bus
fff39710 d _u_boot_list_2_driver_2_virtio_blk
fff39754 d _u_boot_list_2_driver_2_virtio_pci_legacy
fff39798 d _u_boot_list_2_driver_2_virtio_pci_modern
fff397dc d _u_boot_list_2_driver_2_virtio_rng
fff39820 d _u_boot_list_2_driver_2_x86_reset
fff39864 d _u_boot_list_2_driver_2_x86_tsc_timer
fff398a8 d _u_boot_list_2_env_clbk_2_baudrate
fff398a8 d bind_drivers_pass.end
fff398a8 d bind_drivers_pass.start
fff398a8 d bind_drivers_pass.start.6
fff398a8 d dm_dump_driver_compat.end
fff398a8 d dm_dump_drivers.end
fff398a8 d dm_dump_static_driver_info.end
fff398a8 d dm_dump_static_driver_info.start
fff398a8 d dm_dump_static_driver_info.start.19
fff398a8 d efi_driver_init.end
fff398a8 d find_env_callback.start
fff398a8 d find_env_callback.start.3
fff398a8 d fix_devices.end
fff398a8 d fix_devices.start
fff398a8 d fix_devices.start.3
fff398a8 d fix_drivers.end
fff398a8 d lists_bind_fdt.end
fff398a8 d lists_driver_lookup_name.end
fff398b0 d _u_boot_list_2_env_clbk_2_callbacks
fff398b8 d _u_boot_list_2_env_clbk_2_console
fff398c0 d _u_boot_list_2_env_clbk_2_flags
fff398c8 d _u_boot_list_2_env_clbk_2_loadaddr
fff398d0 d _env_driver_lookup.start
fff398d0 d _env_driver_lookup.start.11
fff398d0 d _u_boot_list_2_env_driver_2_raw_disk
fff398d0 d env_select.start
fff398d0 d env_select.start.8
fff398d0 d find_env_callback.end
fff398e8 d _env_driver_lookup.end
fff398e8 d _u_boot_list_2_part_driver_2_a_efi
fff398e8 d do_part_types.start
fff398e8 d do_part_types.start.18
fff398e8 d env_select.end
fff398e8 d part_driver_lookup_type.start
fff398e8 d part_driver_lookup_type.start.42
fff398e8 d part_init.start
fff398e8 d part_init.start.18
fff39900 d _u_boot_list_2_part_driver_2_dos
fff39918 d _u_boot_list_2_part_driver_2_iso
fff39930 d _u_boot_list_2_pci_driver_entry_2_virtio_pci_legacy
fff39930 d do_part_types.end
fff39930 d part_driver_lookup_type.end
fff39930 d part_init.end
fff39930 d pci_find_and_bind_driver.start
fff39930 d pci_find_and_bind_driver.start.11
fff39938 d _u_boot_list_2_pci_driver_entry_2_virtio_pci_modern
fff39940 d _u_boot_list_2_uclass_2_blk
fff39940 d fix_uclass.start
fff39940 d fix_uclass.start.2
fff39940 d lists_uclass_lookup.start
fff39940 d lists_uclass_lookup.start.2
fff39940 d pci_find_and_bind_driver.end
fff3998c d _u_boot_list_2_uclass_2_cpu
fff399d8 d _u_boot_list_2_uclass_2_efi
fff39a24 d _u_boot_list_2_uclass_2_irq
fff39a70 d _u_boot_list_2_uclass_2_lpc
fff39abc d _u_boot_list_2_uclass_2_nop
fff39b08 d _u_boot_list_2_uclass_2_northbridge
fff39b54 d _u_boot_list_2_uclass_2_pch
fff39ba0 d _u_boot_list_2_uclass_2_pci
fff39bec d _u_boot_list_2_uclass_2_pci_generic
fff39c38 d _u_boot_list_2_uclass_2_rng
fff39c84 d _u_boot_list_2_uclass_2_root
fff39cd0 d _u_boot_list_2_uclass_2_rtc
fff39d1c d _u_boot_list_2_uclass_2_serial
fff39d68 d _u_boot_list_2_uclass_2_simple_bus
fff39db4 d _u_boot_list_2_uclass_2_syscon
fff39e00 d _u_boot_list_2_uclass_2_sysreset
fff39e4c d _u_boot_list_2_uclass_2_timer
fff39e98 d _u_boot_list_2_uclass_2_virtio
fff39ee4 d fix_uclass.end
fff39ee4 d lists_uclass_lookup.end
fff39f10 r .L__const.getrng.rng_raw_guid
fff39f40 r number.digits
fff39f50 r efi_block_io_guid
fff39f60 r efi_file_info_guid
fff39f70 r efi_file_system_info_guid
fff39f80 r efi_global_variable_guid
fff39f90 r efi_guid_device_path
fff39fa0 r efi_guid_device_path_to_text_protocol
fff39fb0 r efi_guid_device_path_utilities_protocol
fff39fc0 r efi_guid_driver_binding_protocol
fff39fd0 r efi_guid_event_group_exit_boot_services
fff39fe0 r efi_guid_event_group_memory_map_change
fff39ff0 r efi_guid_event_group_reset_system
fff3a000 r efi_guid_fdt
fff3a010 r efi_guid_hii_config_routing_protocol
fff3a020 r efi_guid_hii_database_protocol
fff3a030 r efi_guid_hii_string_protocol
fff3a040 r efi_guid_image_security_database
fff3a050 r efi_guid_loaded_image
fff3a060 r efi_guid_loaded_image_device_path
fff3a070 r efi_guid_rng_protocol
fff3a080 r efi_guid_text_input_ex_protocol
fff3a090 r efi_guid_text_input_protocol
fff3a0a0 r efi_guid_text_output_protocol
fff3a0b0 r efi_guid_unicode_collation_protocol2
fff3a0c0 r efi_guid_virtio_dev
fff3a0d0 r efi_rt_properties_table_guid
fff3a0e0 r efi_simple_file_system_protocol_guid
fff3a0f0 r efi_system_volume_label_id
fff3a100 r efi_u_boot_guid
fff3a110 r list_guid
fff3a1d0 r partition_basic_data_guid
fff3a1e0 r sha512_h0
fff3a220 r sha512_k
fff3a4a0 r system_guid
fff3a5f4 r baudrate_table
fff3a638 r block_io_disk_template
fff3a654 r boot_os
fff3a69c r bootloader_id
fff3a7fc r color
fff3a868 r cpu_qemu_ids
fff3a878 r cpu_qemu_ops
fff3a88c r cpu_x86_ids
fff3a89c r cpu_x86_ops
fff3a8b0 r env_flags_varaccess_mask
fff3a900 r sha256_h0
fff3aa28 r driver_ops
fff3aa34 r e820_type_name
fff3aa5c r efi_blk_ops
fff3ab3c r efi_device_path_to_text
fff3ab44 r efi_device_path_utilities
fff3ab64 r efi_file_handle_protocol
fff3aba4 r efi_hii_config_routing
fff3abbc r efi_hii_database
fff3abe8 r efi_hii_string
fff3ac28 r efi_rng_protocol
fff3ac30 r efi_unicode_collation_protocol2
fff3ac5c r exceptions
fff3acdc r fdt_errtable
fff3ad28 r fdt_member_table
fff3ad74 r freq_desc_tables
fff3ae8c r fstypes
fff3af14 r generic_simple_bus_ids
fff3af2c r generic_syscon_ids
fff3af58 r if_type_uclass_id
fff3af90 r if_typename_str
fff3b04c r init_sequence_f
fff3b114 r init_sequence_f_r
fff3b11c r irq_router_ids
fff3b1c0 r month_offset
fff3b1f0 r mtrr_type_name
fff3b20c r name_type
fff3b23c r ns16550_serial_ids
fff3b26c r ns16550_serial_ops
fff3b28c r op_adv
fff3b38c r op_table
fff3b420 r pci_bridge_ids
fff3b430 r pci_bridge_ops
fff3b438 r pci_flag_info
fff3b460 r pci_generic_ids
fff3b470 r pci_x86_ids
fff3b480 r pci_x86_ops
fff3b488 r reserved_list
fff3b50c r rtc_mc146818_ids
fff3b51c r rtc_mc146818_ops
fff3b548 r sha256_k
fff3b648 r tsc_timer_ids
fff3b658 r tsc_timer_ops
fff3b65c r uimage_comp
fff3b6bc r uimage_os
fff3b758 r uimage_type
fff3b960 r virtio_blk_ops
fff3b970 r virtio_drv_name
fff3b9a4 r virtio_pci_ops
fff3b9d0 r virtio_pci_ops
fff3ba1c r virtio_rng_ops
fff3ba78 r weekdays
fff3ba94 r x86_sysreset_ids
fff3baa4 r x86_vendor_name
fff3bad0 r x86_vendors
fff3bb28 r END
fff3bb2c r ROOT
fff3bb40 r capitalization_table
fff3ca10 r codepage
fff3cb10 r distfix
fff3cb90 r inflate.order
fff3cbb6 r inflate_table.dbase
fff3cbf6 r inflate_table.dext
fff3cc36 r inflate_table.lbase
fff3cc74 r inflate_table.lext
fff3ccb2 r lenfix
fff3d62d r _ctype
fff3d72d r default_environment
fff3e4b3 r env_flags_varaccess_rep
fff3e4b8 r env_flags_vartype_rep
fff3e4bd r erase_seq
fff3e4c1 r hex_asc
fff3e4d2 r illegal
fff3e4e3 r padding_RSA2048_SHA256
fff3e5c3 r padding_RSA2048_SHA512
fff3e683 r padding_RSA4096_SHA256
fff3e863 r padding_RSA4096_SHA512
fff3ea23 r padding_RSA8192_SHA256
fff3ee03 r padding_RSA8192_SHA512
fff3f1c3 r print_size.names
fff44e7a r .L.str.8
fff44edb r .L.str.17
fff44ee0 r .L.str.18
fff4c260 r tab_seq
fff4c269 r version_string
fff4c2b0 D gdt64
fff4c2b0 d gdt
fff4c2e0 d fwcfg_x86_ops
fff4c2e0 d gdt_end
fff4c2e8 d load_flags
fff4c308 d xload_flags
fff4c330 d zboot_subcmds
fff4c3d8 d bootm_help_text
fff4c768 d cmd_bootm_sub
fff4c864 d source_help_text
fff4c8b2 d bootefi_help_text
fff4ca3d d bootz_help_text
fff4cc48 d default_tm
fff4cc6c d fdt_help_text
fff4d2d3 d do_fdt.root
fff4d2d5 d fdt_print.tabs
fff4d2f8 d regs_start
fff4d340 d regs_rest
fff4d3a0 d regs_normal
fff4d448 d regs_bridge
fff4d544 d regs_cardbus
fff4d670 d pci_help_text
fff4d8c0 d cmd_avb
fff4d9bc d env_id
fff4d9c0 d env_help_text
fff4dc1c d cmd_env_sub
fff4dd34 D _binary_common_avb_pubkey_start
fff4e13c D _binary_common_avb_pubkey_end
fff4e13c d init_sequence_r
fff4e1b4 d hist_cur
fff4e1b8 d av_
fff4e5c0 d trim_threshold
fff4e5c4 d sbrk_base
fff4e5c8 d image_load_addr
fff4e5cc d stdio_names
fff4e5d8 d root_info
fff4e5e0 d x86_sysreset_ops
fff4e5ec d virtio_pci_supported
fff4ed08 d virtio_pci_supported
fff4f424 d _stats
fff4f438 d block_cache
fff4f440 d env_htab
fff4f450 d efi_obj_list
fff4f458 d efi_event_queue
fff4f460 d efi_register_notify_events
fff4f468 d entry_count
fff4f46c d efi_boot_services
fff4f534 d efi_tpl
fff4f538 d efi_con_mode
fff4f550 d efi_con_out
fff4f578 d efi_con_in
fff4f584 d efi_con_in_ex
fff4f59c d efi_cout_modes
fff4f5c0 d cin_notify_functions
fff4f5c8 d efi_package_lists
fff4f5d0 d efi_keyboard_layout_list
fff4f5d8 d efi_mem
fff4f5e0 d efi_obj_list_initialized
fff4f5e4 d algorithm_data
fff4f648 d _GLOBAL_OFFSET_TABLE_
fff4f648 d __efi_runtime_rel_start
fff4f7a0 A __data_end
fff4f7a0 A __init_end
fff4f7a0 d __efi_runtime_rel_stop
fff4f7b0 A __rel_dyn_start
fff4f7b0 B __bss_start
fff4f7b0 b i440fx
fff4f7b4 b irq_handlers
fff4f874 b spurious_irq_cnt
fff4f878 b bootefi_device_path
fff4f87c b bootefi_image_path
fff4f880 b do_fdt.data
fff4fc80 b virtio_curr_dev
fff4fc84 b avb_ops
fff4fc88 b top_vars
fff4fc8c b get_dollar_var.buf
fff4fcb4 b last_return_code
fff4fcb8 b flag_repeat
fff4fcbc b ifs
fff4fcc0 b map
fff4fdc0 b do_repeat
fff4fdc1 b get_user_input.the_command
fff4ffc4 b stored_bootdelay
fff4ffc8 b cli_readline_into_buffer.initted
fff4ffcc b hist_max
fff4ffd0 b hist_add_idx
fff4ffd4 b hist_num
fff4ffd8 b hist_lines
fff527ec b hist_list
fff5283c b ctrlc_disabled
fff52840 b ctrlc_was_pressed
fff52844 b mem_malloc_start
fff52848 b mem_malloc_end
fff5284c b mem_malloc_brk
fff52850 b top_pad
fff52854 b max_sbrked_mem
fff52858 b max_total_mem
fff5285c b current_mallinfo.0
fff52860 b stdio_devices
fff5286c b devs
fff528b8 b env_complete_buf
fff52ab8 b tmp_buf
fff52cc0 b tmpbuf
fff534c0 b print_efiname.name
fff534e8 b virtio_pci_bind.num_devs
fff534ec b virtio_pci_bind.num_devs
fff534f0 b fwcfg_present
fff534f1 b fwcfg_dma_present
fff534f4 b fwcfg_arch_ops
fff534f8 b first_call
fff534fc b first_call
fff53500 b flags_list
fff53504 b callback_list
fff53508 b fs_type
fff5350c b fs_dev_desc
fff53510 b fs_partition
fff535ac b fs_dev_part
fff535b0 b cur_dev
fff535b4 b cur_part_info
fff53650 b total_sector
fff53654 b get_set_cluster.tmpbuf_cluster
fff53658 b bs
fff5365c b rs
fff53660 b timers_enabled
fff53664 b current_image
fff53668 b efi_load_image_from_path.ret
fff53670 b efi_get_next_monotonic_count.mono
fff53678 b console_timer_event
fff5367c b key_available
fff53680 b next_key
fff5368c b efi_root
fff53690 b watchdog_timer_event
fff53694 b binman
fff53698 b errno
fff5369c b simple_itoa.local
fff536c0 b idt_ptr
fff536d0 b idt
fff53ed0 b realmode_call
fff53ed4 b state
fff53ef0 b realmode_interrupt
fff53ef4 b _X86EMU_env
fff53f44 b working_fdt
fff53f48 b console_buffer
fff5414c b monitor_flash_len
fff54150 b image_save_addr
fff54154 b images
fff5431c b image_save_size
fff54320 b mode_info
fff54424 b efi_st_keep_devices
fff54428 b ___strtok
fff5442c b efi_memory_map_key
fff54430 b efi_system_partition
fff5443c B __bss_end
fff5b038 A __rel_dyn_end
fff5b038 A _end
