0000f800 T start16
0000f831 t ff
0000f83a t code32start
0000f840 t idt_ptr
0000f846 t gdt_ptr
0000f850 T gdt_rom
0000fff0 t reset_vector
fff00000 A __text_start
fff00000 T _x86boot_start
fff0001c T _start
fff0003f T car_init_ret
fff00076 T board_init_f_r_trampoline
fff00082 t die
fff00088 W car_uninit
fff00089 t blank_idt_ptr
fff00090 t multiboot_header
fff000b0 t start
fff001ae d __efi_runtime_start
fff001b0 T efi_reset_system
fff001cf T efi_memcpy_runtime
fff001e5 T efi_update_table_header_crc32
fff00207 W efi_get_time
fff0020d W efi_set_time
fff00213 T efi_convert_pointer
fff002c0 t efi_unimplemented
fff002c6 t efi_update_capsule_unsupported
fff002cc t efi_query_capsule_caps_unsupported
fff002d2 t efi_set_virtual_address_map_runtime
fff002d8 t efi_convert_pointer_runtime
fff002de T efi_runtime_detach
fff00324 T efi_runtime_relocate
fff0042a T efi_get_variable_runtime
fff0045d T efi_get_next_variable_name_runtime
fff0046e T efi_var_mem_find
fff00544 t efi_var_mem_compare
fff005b0 T efi_var_mem_del
fff0061f T efi_var_mem_ins
fff00717 T efi_var_mem_free
fff0073b t efi_var_mem_notify_virtual_address_map
fff0075d T efi_get_variable_mem
fff007e6 T efi_get_next_variable_name_mem
fff0088f T efi_get_variable_int
fff00894 T efi_get_next_variable_name_int
fff00899 t efi_set_variable_runtime
fff0089f t efi_query_variable_info_runtime
fff008a5 T u16_strnlen
fff008bf T crc32_no_comp
fff00982 T crc32
fff00994 t crc_table
fff00d94 t efi_events
fff00d9c t systab
fff00de4 t firmware_vendor
fff00dfc t efi_runtime_services
fff00e4c t efi_virtmap
fff00e50 t efi_descriptor_count
fff00e54 t efi_descriptor_size
fff00e58 t efi_runtime_relocate.lastoff
fff00e5c t efi_runtime_mmio
fff00e64 t efi_var_buf
fff00e68 t efi_current_var
fff00e6c d __efi_runtime_stop
fff00e70 T x86_init_cache
fff00e70 W init_cache
fff00e7e T flush_cache
fff00e81 T flush_dcache_range
fff00e82 T invalidate_dcache_range
fff00e83 T cpu_vendor_name
fff00e9a T cpu_get_name
fff00ee4 W board_final_init
fff00ee5 W board_final_cleanup
fff00ee6 t last_stage_init
fff00f55 T cpu_init_r
fff00fba T reserve_arch
fff00fdc T cpu_x86_bind
fff01035 T cpu_x86_get_vendor
fff01070 T cpu_x86_get_desc
fff0109d T cpu_x86_get_count
fff01128 T car_init
fff01139 T qemu_get_low_memory_size
fff01159 T qemu_get_high_memory_size
fff0117d T dram_init
fff011cc T dram_init_banksize
fff01244 T board_get_usable_ram_top
fff01266 T qemu_chipset_init
fff013ae T arch_cpu_init
fff013b7 T checkcpu
fff013ba T arch_early_init_r
fff013c8 T arch_misc_init
fff013ef T cpu_qemu_get_desc
fff01409 t cpu_qemu_get_count
fff01426 T install_e820_map
fff01527 T lapic_setup
fff01599 T pirq_check_irq_routed
fff01641 T pirq_translate_link
fff01681 T pirq_assign_irq
fff0171e T irq_router_probe
fff01afb T mtrr_open
fff01b43 T mtrr_close
fff01b7d T mtrr_read_all
fff01bc7 T mtrr_get_var_count
fff01bd2 T mtrr_write_all
fff01c3a T mtrr_commit
fff01d78 t h_comp_mtrr
fff01da5 T mtrr_set_valid
fff01dc3 t mtrr_start_op
fff01e3e T mtrr_set
fff01e79 T mtrr_list
fff01f57 T mtrr_get_type_by_name
fff01f72 T pci_x86_read_config
fff01fd1 T pci_x86_write_config
fff0202e T pci_assign_irqs
fff020b4 T cpu_call64
fff02105 t code64
fff02105 t lret_target
fff0210a T call64_stub_size
fff0210e T arch_setup_gd
fff021ea t setup_identity
fff022ff T x86_cpu_init_f
fff023d0 T x86_enable_caches
fff023d0 W enable_caches
fff023de T x86_disable_caches
fff023de W disable_caches
fff023ee T dcache_status
fff023fb T cpu_has_64bit
fff02441 T cpu_jump_to_64bit
fff02486 t build_pagetable
fff024db T irq_common_entry
fff0250a T irq_0
fff02511 T irq_1
fff02518 T irq_2
fff0251f T irq_3
fff02526 T irq_4
fff0252d T irq_5
fff02534 T irq_6
fff0253b T irq_7
fff02542 T irq_8
fff02549 T irq_9
fff02550 T irq_10
fff02557 T irq_11
fff0255e T irq_12
fff02565 T irq_13
fff0256c T irq_14
fff02573 T irq_15
fff0257a T irq_16
fff02581 T irq_17
fff02588 T irq_18
fff0258f T irq_19
fff02596 T irq_20
fff0259d T irq_21
fff025a4 T irq_22
fff025ab T irq_23
fff025b2 T irq_24
fff025b9 T irq_25
fff025c0 T irq_26
fff025c7 T irq_27
fff025ce T irq_28
fff025d5 T irq_29
fff025dc T irq_30
fff025e3 T irq_31
fff025ea T irq_32
fff025f1 T irq_33
fff025f8 T irq_34
fff025ff T irq_35
fff02606 T irq_36
fff0260d T irq_37
fff02614 T irq_38
fff0261b T irq_39
fff02622 T irq_40
fff02629 T irq_41
fff02630 T irq_42
fff02637 T irq_43
fff0263e T irq_44
fff02645 T irq_45
fff0264c T irq_46
fff02653 T irq_47
fff0265a T irq_48
fff02661 T irq_49
fff02668 T irq_50
fff0266f T irq_51
fff02676 T irq_52
fff0267d T irq_53
fff02684 T irq_54
fff0268b T irq_55
fff02692 T irq_56
fff02699 T irq_57
fff026a0 T irq_58
fff026a7 T irq_59
fff026ae T irq_60
fff026b5 T irq_61
fff026bc T irq_62
fff026c3 T irq_63
fff026ca T irq_64
fff026d1 T irq_65
fff026d8 T irq_66
fff026df T irq_67
fff026e6 T irq_68
fff026ed T irq_69
fff026f4 T irq_70
fff026fb T irq_71
fff02702 T irq_72
fff02709 T irq_73
fff02710 T irq_74
fff02717 T irq_75
fff0271e T irq_76
fff02725 T irq_77
fff0272c T irq_78
fff02733 T irq_79
fff0273a T irq_80
fff02741 T irq_81
fff02748 T irq_82
fff0274f T irq_83
fff02756 T irq_84
fff0275d T irq_85
fff02764 T irq_86
fff0276b T irq_87
fff02772 T irq_88
fff02779 T irq_89
fff02780 T irq_90
fff02787 T irq_91
fff0278e T irq_92
fff02795 T irq_93
fff0279c T irq_94
fff027a3 T irq_95
fff027aa T irq_97
fff027b1 T irq_96
fff027b8 T irq_98
fff027bf T irq_99
fff027c6 T irq_100
fff027cd T irq_101
fff027d4 T irq_102
fff027db T irq_103
fff027e2 T irq_104
fff027e9 T irq_105
fff027f0 T irq_106
fff027f7 T irq_107
fff027fe T irq_108
fff02805 T irq_109
fff0280c T irq_110
fff02813 T irq_111
fff0281a T irq_112
fff02821 T irq_113
fff02828 T irq_114
fff0282f T irq_115
fff02836 T irq_116
fff0283d T irq_117
fff02844 T irq_118
fff0284b T irq_119
fff02852 T irq_120
fff02859 T irq_121
fff02860 T irq_122
fff02867 T irq_123
fff0286e T irq_124
fff02875 T irq_125
fff0287c T irq_126
fff02883 T irq_127
fff0288a T irq_128
fff02894 T irq_129
fff0289e T irq_130
fff028a8 T irq_131
fff028b2 T irq_132
fff028bc T irq_133
fff028c6 T irq_134
fff028d0 T irq_135
fff028da T irq_136
fff028e4 T irq_137
fff028ee T irq_138
fff028f8 T irq_139
fff02902 T irq_140
fff0290c T irq_141
fff02916 T irq_142
fff02920 T irq_143
fff0292a T irq_144
fff02934 T irq_145
fff0293e T irq_146
fff02948 T irq_147
fff02952 T irq_148
fff0295c T irq_149
fff02966 T irq_150
fff02970 T irq_151
fff0297a T irq_152
fff02984 T irq_153
fff0298e T irq_154
fff02998 T irq_155
fff029a2 T irq_156
fff029ac T irq_157
fff029b6 T irq_158
fff029c0 T irq_159
fff029ca T irq_160
fff029d4 T irq_161
fff029de T irq_162
fff029e8 T irq_163
fff029f2 T irq_164
fff029fc T irq_165
fff02a06 T irq_166
fff02a10 T irq_167
fff02a1a T irq_168
fff02a24 T irq_169
fff02a2e T irq_170
fff02a38 T irq_171
fff02a42 T irq_172
fff02a4c T irq_173
fff02a56 T irq_174
fff02a60 T irq_175
fff02a6a T irq_176
fff02a74 T irq_177
fff02a7e T irq_178
fff02a88 T irq_179
fff02a92 T irq_180
fff02a9c T irq_181
fff02aa6 T irq_182
fff02ab0 T irq_183
fff02aba T irq_184
fff02ac4 T irq_185
fff02ace T irq_186
fff02ad8 T irq_187
fff02ae2 T irq_188
fff02aec T irq_189
fff02af6 T irq_190
fff02b00 T irq_191
fff02b0a T irq_192
fff02b14 T irq_193
fff02b1e T irq_194
fff02b28 T irq_195
fff02b32 T irq_196
fff02b3c T irq_197
fff02b46 T irq_198
fff02b50 T irq_199
fff02b5a T irq_200
fff02b64 T irq_201
fff02b6e T irq_202
fff02b78 T irq_203
fff02b82 T irq_204
fff02b8c T irq_205
fff02b96 T irq_206
fff02ba0 T irq_207
fff02baa T irq_208
fff02bb4 T irq_209
fff02bbe T irq_210
fff02bc8 T irq_211
fff02bd2 T irq_212
fff02bdc T irq_213
fff02be6 T irq_214
fff02bf0 T irq_215
fff02bfa T irq_216
fff02c04 T irq_217
fff02c0e T irq_218
fff02c18 T irq_219
fff02c22 T irq_220
fff02c2c T irq_221
fff02c36 T irq_222
fff02c40 T irq_223
fff02c4a T irq_224
fff02c54 T irq_225
fff02c5e T irq_226
fff02c68 T irq_227
fff02c72 T irq_228
fff02c7c T irq_229
fff02c86 T irq_230
fff02c90 T irq_231
fff02c9a T irq_232
fff02ca4 T irq_233
fff02cae T irq_234
fff02cb8 T irq_235
fff02cc2 T irq_236
fff02ccc T irq_237
fff02cd6 T irq_238
fff02ce0 T irq_239
fff02cea T irq_240
fff02cf4 T irq_241
fff02cfe T irq_242
fff02d08 T irq_243
fff02d12 T irq_244
fff02d1c T irq_245
fff02d26 T irq_246
fff02d30 T irq_247
fff02d3a T irq_248
fff02d44 T irq_249
fff02d4e T irq_250
fff02d58 T irq_251
fff02d62 T irq_252
fff02d6c T irq_253
fff02d76 T irq_254
fff02d80 T irq_255
fff02d8a T enable_interrupts
fff02d8c T disable_interrupts
fff02d9c T interrupt_init
fff02e3a T irq_llsr
fff02e74 t dump_regs
fff02ffc T setjmp
fff03014 T longjmp
fff03028 t nz
fff0302b T memset
fff03066 T memcpy
fff030a0 T memmove
fff03215 T boot_linux_kernel
fff0327b T do_bootm_linux
fff033b3 T arch_lmb_reserve
fff033d2 T efi_add_known_memory
fff0347e T init_cache_f_r
fff0349d T irq_install_handler
fff03528 T irq_free_handler
fff03577 T do_irq
fff035eb T i8259_init
fff03659 T unmask_irq
fff0367f T mask_irq
fff036a3 T specific_eoi
fff036bd T i8254_init
fff036d4 T pirq_route_irqs
fff03813 T copy_uboot_to_ram
fff03847 T clear_bss
fff0387f T do_elf_reloc_fixups
fff0393a T write_tables
fff03a37 T zimage_get_kernel_version
fff03a94 t get_boot_protocol
fff03ad5 T load_zimage
fff03cb2 T setup_zimage
fff03f6e t zboot_load
fff03fe4 T zimage_dump
fff04615 t print_flags
fff0466e T do_zboot_parent
fff04725 T android_bootloader_boot_kernel
fff04804 t hex_to_str
fff04859 t complete_zboot
fff04885 t do_zboot_start
fff04946 t do_zboot_load
fff04988 t do_zboot_setup
fff049e6 t do_zboot_info
fff04a08 t do_zboot_go
fff04a3a t do_zboot_dump
fff04a7a W board_quiesce_devices
fff04a7b T bootm_find_images
fff04b82 T bootm_disable_interrupts
fff04b87 T bootm_process_cmdline
fff04b8a T do_bootm_states
fff0518c W switch_to_non_secure_mode
fff0518d W arch_preboot_os
fff0518e W board_preboot_os
fff0518f T boot_selected_os
fff051d9 T bootm_os_get_boot_func
fff051e1 t do_bootm_standalone
fff05217 t qfw_bootmeth_bind
fff0522b t qfw_check
fff0524d t qfw_read_bootflow
fff05303 t qfw_read_file
fff05309 t qfw_boot
fff0533d T image_multi_getimg
fff05394 T image_decomp
fff054b5 T genimg_get_os_name
fff054da T genimg_get_comp_name
fff054ff t on_loadaddr
fff0551e T env_get_bootm_low
fff0553f T env_get_bootm_size
fff055da T env_get_bootm_mapsize
fff05602 T memmove_wd
fff0560b T genimg_get_kernel_addr_fit
fff0561c T genimg_get_format
fff05648 T genimg_has_config
fff0564b T boot_get_ramdisk
fff05741 T boot_ramdisk_high
fff0584b T boot_get_setup
fff05851 T image_setup_linux
fff058b4 T image_locate_script
fff058dd T ab_select_slot
fff05d90 T android_image_get_kernel
fff05d9b T android_image_check_header
fff05d9e T android_image_get_end
fff05da1 T android_image_get_kload
fff05da5 T android_image_get_kcomp
fff05da8 T android_image_get_ramdisk
fff05dc0 T android_image_get_kernel_cmdline
fff05dc4 T android_image_is_bootconfig_used
fff05dcf T android_get_preloaded_partition
fff05e81 t is_same_partition
fff05ee5 T android_image_load
fff0646f t _extract_boot_image_header
fff064e9 t _read_in_boot_ramdisk
fff06519 T android_image_get_second
fff0651d T android_image_get_dtb_by_index
fff06520 t android_read_data
fff06640 T android_bootloader_boot_flow
fff06ef8 t do_avb_verify
fff07094 t android_part_get_info_by_name_suffix
fff07107 t get_partition_size
fff07185 T android_bootloader_request_response
fff073e6 t console_write
fff0745a t console_read
fff074cb T oemlock_is_allowed
fff074d5 t oemlock_get_field
fff07536 T oemlock_set_locked
fff075a7 T oemlock_is_locked
fff075b1 t get_console
fff07636 T write_avb_to_keymint_console
fff07af6 t parse_patchlevel
fff07be0 T fdt_find_and_setprop
fff07c32 T fdt_find_or_add_subnode
fff07c81 T fdt_root
fff07cf9 T fdt_initrd
fff07e78 W board_fdt_chosen_bootargs
fff07e82 T fdt_chosen
fff07f3b T do_fixup_by_path
fff07f7a T fdt_fixup_ethernet
fff080e0 T fdt_shrink_to_minimum
fff081c5 T fdt_support_default_count_cells
fff08216 T fdt_translate_address
fff08231 t __of_translate_address
fff08460 t of_bus_default_map
fff0850f t of_bus_default_translate
fff0856d T boot_fdt_add_mem_rsv_regions
fff0868b t boot_fdt_reserve_region
fff086e4 T boot_relocate_fdt
fff08953 t fdt_error
fff08978 T boot_get_fdt
fff08b68 W ft_verify_fdt
fff08b6c W arch_fixup_fdt
fff08b6f T image_setup_libfdt
fff08cf3 T do_bootm
fff08dc3 T bootm_maybe_autostart
fff08e26 T do_bootd
fff08e41 t do_help
fff08e79 t do_panic
fff08e95 t do_version
fff08ed0 t do_ab_select
fff08fab T blk_common_cmd
fff0928f t do_source
fff092cd T bcb_find_partition_and_load
fff09334 t __bcb_initialize
fff09407 t __bcb_load
fff094cc T bcb_load
fff0951f T bcb_set
fff09534 t __bcb_set
fff095fe T bcb_get
fff09643 t bcb_field_get
fff096f2 T bcb_store
fff096f7 t __bcb_store
fff09763 T bcb_reset
fff0979f t do_bcb
fff098d8 t do_bcb_load
fff09942 t do_bcb_set
fff09951 t do_bcb_clear
fff099a2 t do_bcb_test
fff09a25 t do_bcb_dump
fff09a72 t do_bcb_store
fff09a77 t do_boot_android
fff09a8e t do_verified_boot_android
fff09aa5 t boot_android
fff09be2 T efi_get_image_parameters
fff09bf2 T efi_set_bootdev
fff09d17 T efi_install_fdt
fff09f72 T efi_run_image
fff0a0b8 t efi_env_set_load_options
fff0a13f t do_bootefi_exec
fff0a26a t do_bootefi
fff0a3b1 t do_efi_selftest
fff0a49c t do_bootefi_image
fff0a55a T do_bootmenu
fff0abb8 t menu_display_statusline
fff0aca3 t bootmenu_print_entry
fff0ad0c t bootmenu_choice_entry
fff0ad88 t bootmenu_destroy
fff0adbe W bootz_setup
fff0add2 T do_bootz
fff0aea9 t do_video_clear
fff0aebe T mk_date
fff0b0ed t do_date
fff0b256 t do_dm
fff0b2c5 t complete_dm
fff0b2f1 t do_dm_dump_driver_compat
fff0b2ff t do_dm_dump_devres
fff0b302 t do_dm_dump_drivers
fff0b310 t do_dm_dump_static_driver_info
fff0b31e t do_dm_dump_tree
fff0b3ad t do_dm_dump_uclass
fff0b3f6 t do_echo
fff0b45e t do_efidebug
fff0b4d3 t do_efi_boot_opt
fff0b51e t do_efi_show_drivers
fff0b624 t do_efi_show_handles
fff0b77a t do_efi_show_images
fff0b78a t do_efi_show_memmap
fff0b8b6 t do_efi_show_tables
fff0b8c9 t do_efi_test
fff0b912 t do_efi_query_info
fff0ba07 t do_efi_boot_add
fff0be06 t do_efi_boot_rm
fff0becc t do_efi_boot_dump
fff0c103 t do_efi_boot_next
fff0c19f t do_efi_boot_order
fff0c431 t do_efi_test_bootmgr
fff0c4c7 T efi_show_tables
fff0c51d T eficonfig_print_msg
fff0c54b T eficonfig_print_entry
fff0c5bf T eficonfig_display_statusline
fff0c607 T eficonfig_choice_entry
fff0c694 T eficonfig_destroy
fff0c6f3 T eficonfig_process_quit
fff0c6f9 T eficonfig_append_menu_entry
fff0c781 T eficonfig_append_quit_entry
fff0c7cb T eficonfig_create_fixed_menu
fff0c840 T eficonfig_process_common
fff0c95b T eficonfig_create_device_path
fff0c9d0 T eficonfig_process_clear_file_selection
fff0c9e5 T eficonfig_process_show_file_option
fff0ca4d T eficonfig_process_select_file
fff0d233 T eficonfig_choice_change_boot_order
fff0d446 t do_eficonfig
fff0d5ca t eficonfig_volume_selected
fff0d5e0 t sort_file
fff0d5ef t eficonfig_file_selected
fff0d761 t eficonfig_process_add_boot_option
fff0d7e0 t eficonfig_process_edit_boot_option
fff0d8e9 t eficonfig_process_change_boot_order
fff0db6a t eficonfig_process_delete_boot_option
fff0dba0 t eficonfig_edit_boot_option
fff0dfe9 t fill_file_info
fff0e047 t eficonfig_set_boot_option
fff0e0c5 t create_boot_option_entry
fff0e147 t eficonfig_boot_add_enter_description
fff0e165 t prepare_file_selection_entry
fff0e29c t eficonfig_boot_add_optional_data
fff0e2ba t eficonfig_boot_edit_save
fff0e304 t handle_user_input
fff0e384 t eficonfig_show_boot_selection
fff0e52e t eficonfig_add_boot_selection_entry
fff0e68b t eficonfig_process_boot_selected
fff0e69a t eficonfig_print_change_boot_order_entry
fff0e72b t eficonfig_add_change_boot_order_entry
fff0e837 t eficonfig_process_save_boot_order
fff0e900 t do_exit
fff0e92d T do_fat_size
fff0e93f T do_fat_fsload
fff0e951 t do_fat_ls
fff0e963 t do_fat_fsinfo
fff0e9ee t do_fat_fswrite
fff0ea00 t do_fat_rm
fff0ea12 t do_fat_mkdir
fff0ea24 t do_size_wrapper
fff0ea36 t do_load_wrapper
fff0ea48 t do_save_wrapper
fff0ea5a t do_ls_wrapper
fff0ea6c t do_ln_wrapper
fff0ea7e t do_fstype_wrapper
fff0ea83 t do_fstypes_wrapper
fff0ea88 t do_itest
fff0eaf6 t binary_test
fff0ec03 t evalstr
fff0ec52 t evalexp
fff0ecaf t do_sleep
fff0ed7c t do_bootp
fff0ed98 T do_tftpb
fff0edb7 t netboot_common
fff0f12e t do_ping
fff0f18f T do_ping6
fff0f1fb t do_net
fff0f258 t do_net_list
fff0f2d5 t do_net_stats
fff0f3d9 t do_part
fff0f6f0 t do_part_types
fff0f782 t do_part_set
fff0f7ef t do_part_type
fff0f867 t do_part_info
fff0f9ab t do_rw
fff0fa87 T setexpr_regex_sub
fff0fc95 t substitute
fff0fd58 t do_setexpr
fff0ffbb t get_arg
fff10057 t regex_sub_var
fff10143 t do_test
fff103d5 t do_false
fff103d9 t do_true
fff103dc t do_virtio
fff10462 t do_video_setcursor
fff104bb t do_video_puts
fff10510 t do_fastboot
fff106a1 t do_gpt
fff108f1 t gpt_verify
fff109fa t gpt_setenv
fff10aec t gpt_enumerate
fff10c00 t do_disk_guid
fff10c4b t set_gpt_info
fff11170 t extract_val
fff111eb t extract_env
fff11289 T do_avb_init
fff112d9 T do_avb_read_part
fff1138e T do_avb_read_part_hex
fff114a3 T do_avb_write_part
fff11540 T do_avb_read_rb
fff115b6 T do_avb_write_rb
fff11627 T do_avb_get_uuid
fff11692 T do_avb_verify_part
fff11722 T do_avb_is_unlocked
fff1178c t do_avb
fff117e3 t do_mtrr
fff119e1 T env_get_id
fff119e7 T env_set
fff11a3d t _do_env_set
fff11bd7 t do_env
fff11c22 t do_env_print
fff11caf t do_env_set
fff11ccf t do_env_default
fff11d64 t do_env_delete
fff11e04 t do_env_verified_import
fff1202f t do_env_exists
fff12077 t env_print
fff12129 T board_init_f_alloc_reserve
fff12132 T board_init_f_init_reserve
fff12162 T main_loop
fff121a3 T get_version
fff121a9 T jumptable_init
fff1242d t dummy
fff1242e t mdelay
fff12439 T get_local_var
fff1249e T set_local_var
fff125d8 T unset_local_var
fff1264e T parse_string_outer
fff12726 t parse_stream_outer
fff12d5b T parse_file_outer
fff12d97 T u_boot_hush_start
fff12dd4 t do_showvar
fff12ebc t static_peek
fff12ec2 t static_get
fff12ed6 t done_word
fff13150 t done_pipe
fff1318b t file_peek
fff13191 t free_pipe_list
fff13241 t new_pipe
fff13274 t done_command
fff132e5 t b_addqchr
fff13327 t b_addchr
fff1337c t run_list_real
fff13b31 t insert_var_value_sub
fff13dee t make_string
fff13f02 t file_get
fff14080 T bootdelay_process
fff14110 T autoboot_command
fff141f6 W board_add_ram_info
fff141f7 W mach_cpu_init
fff141fa W arch_setup_dest_addr
fff141fd W arch_reserve_mmu
fff14200 W arch_reserve_stacks
fff14203 W arch_setup_bdinfo
fff14206 T setup_bdinfo
fff14211 T board_init_f
fff1423a T board_init_f_r
fff1428a t setup_mon_len
fff1429a t initf_bootstage
fff1429d t bloblist_maybe_init
fff142a0 t setup_spl_handoff
fff142a3 t initf_dm
fff142ab t init_baud_rate
fff142d2 t display_text_info
fff142d5 t print_resetinfo
fff14369 t announce_dram_init
fff1437c t setup_dest_addr
fff143d9 t reserve_round_4k
fff143e9 t reserve_video
fff14416 t reserve_trace
fff14419 t reserve_uboot
fff1445b t reserve_malloc
fff14479 t reserve_board
fff144ce t reserve_global_data
fff144ff t reserve_fdt
fff1456d t reserve_bootstage
fff14570 t reserve_bloblist
fff14573 t reserve_stacks
fff14591 t show_dram_config
fff14876 t display_new_sp
fff14879 t reloc_fdt
fff148c8 t reloc_bootstage
fff148cb t reloc_bloblist
fff148ce t setup_reloc
fff1491a t cyclic_unregister_all
fff1491d t jump_to_copy
fff1494e W cpu_secondary_init_r
fff14951 W arch_initr_trap
fff14954 W power_init_board
fff14957 T board_init_r
fff14980 t initr_trace
fff14983 t initr_reloc
fff14993 t initr_reloc_global_data
fff149c5 t initr_barrier
fff149c8 t initr_malloc
fff149f7 t initr_bootstage
fff149fa t initr_of_live
fff149fd t initr_dm
fff14a2b t initr_binman
fff14a52 t initr_dm_devices
fff14a55 t initr_announce
fff14a58 t dm_announce
fff14ac7 t initr_env
fff14b1e t initr_net
fff14b36 t run_main_loop
fff14b4a T iomux_match_device
fff14b6a T iomux_doenv
fff14d20 T menu_default_choice
fff14d35 T menu_default_set
fff14da7 T menu_get_choice
fff14f19 T menu_item_add
fff14fce T menu_create
fff1504d T menu_destroy
fff150a5 T bootmenu_autoboot_loop
fff1516c T bootmenu_conv_key
fff151ce T bootmenu_loop
fff15214 T cli_ch_init
fff15220 T cli_ch_process
fff15393 T cread_line_process_ch
fff15827 t cread_add_char
fff158e5 T cli_cread_init
fff15955 T cli_readline
fff15968 T cli_readline_into_buffer
fff15cd2 t delete_char
fff15d7a T cli_simple_process_macros
fff15fa4 T bounce_buffer_start_extalign
fff16022 T bounce_buffer_stop
fff16069 t on_console
fff1610f t console_needs_start_stop
fff16158 T console_stop
fff1617d T serial_printf
fff161be T fgetc
fff161f4 t console_tstc
fff1626b T fputs
fff162b5 T getchar
fff162dc T tstc
fff16303 T putc
fff16372 T puts
fff163dc T flush
fff16444 T ctrlc
fff16485 T disable_ctrlc
fff16493 T had_ctrlc
fff1649b T clear_ctrlc
fff164a3 T console_search_dev
fff164bf T console_assign
fff1659c T console_init_f
fff165b2 T console_init_r
fff16750 T sbrk
fff1678e T mem_malloc_init
fff167a1 T malloc
fff16bb3 t malloc_extend_top
fff16d1e T free
fff16f08 T malloc_trim
fff16fd1 T realloc
fff173e6 T memalign
fff17542 T calloc
fff175ce T initf_malloc
fff175f7 T malloc_simple
fff17601 t alloc_simple
fff17688 T memalign_simple
fff17691 T event_type_name
fff17697 T event_notify
fff1780b T event_notify_null
fff17814 T event_register
fff1789c T event_init
fff178b7 W get_effective_memsize
fff178c5 T stdio_file_to_flags
fff178d9 T stdio_get_by_name
fff1799d T stdio_clone
fff179cf T stdio_register_dev
fff17a11 T stdio_register
fff17a47 T stdio_init_tables
fff17a59 T stdio_add_devices
fff17add t stdio_serial_putc
fff17ae4 t stdio_serial_puts
fff17aeb t stdio_serial_flush
fff17af0 t stdio_serial_getc
fff17af5 t stdio_serial_tstc
fff17afa T run_command
fff17b06 T run_command_list
fff17b63 T do_run
fff17bb8 T cli_process_fdt
fff17be4 T cli_secure_boot_cmd
fff17c45 T cli_loop
fff17c4f T cli_init
fff17c54 T _do_help
fff17d73 T find_cmd_tbl
fff17e06 T cmd_usage
fff17e5a T find_cmd
fff17e7b T var_complete
fff17edf T complete_subcmdv
fff18059 T cmd_auto_complete
fff183b8 T cmd_get_data_size
fff18413 T cmd_always_repeatable
fff18430 T cmd_never_repeatable
fff1844d T cmd_discard_repeatable
fff18465 T cmd_process
fff18599 T cmd_source_script
fff185da T log_get_cat_name
fff18615 T log_get_level_name
fff18629 T log_has_file
fff18686 T _log
fff1891c T log_init
fff18a12 t log_console_emit
fff18af8 T avb_ops_alloc
fff18b79 t read_from_partition
fff18b9d t write_to_partition
fff18bbf t validate_vbmeta_public_key
fff18bff t read_rollback_index
fff18c2c t write_rollback_index
fff18c47 t read_is_device_unlocked
fff18c66 t get_unique_guid_for_partition
fff18cab t get_size_of_partition
fff18cf1 T avb_ops_free
fff18d27 T avb_verify
fff18d69 T avb_verify_partitions
fff18ea2 t blk_byte_io
fff1919d t get_partition
fff1924f t blk_read_and_flush
fff1935c t avb_blk_write
fff1945e T qfw_get_dev
fff1946a T qfw_online_cpus
fff1948c T qemu_fwcfg_setup_kernel
fff19617 T part_get_type_by_name
fff19677 T blk_get_dev
fff1968c t get_dev_hwpart
fff196b3 T dev_print
fff198fa T part_init
fff1996a T part_print
fff19a98 t part_driver_lookup_type
fff19b3f T part_get_info_by_type
fff19be9 T part_get_info
fff19bfa T part_get_info_whole_disk
fff19c43 T blk_get_device_by_str
fff19d25 T blk_get_device_part_str
fff1a0f1 T part_get_info_by_name
fff1a169 T part_get_info_by_dev_and_name
fff1a1f4 T part_get_info_by_dev_and_name_or_num
fff1a251 T part_set_generic_name
fff1a2b0 T disk_blk_read
fff1a307 t disk_blk_part_validate
fff1a35a T disk_blk_write
fff1a3b1 T disk_blk_erase
fff1a408 t test_block_type
fff1a48c t part_get_info_dos
fff1a4b0 t part_print_dos
fff1a4dc t part_test_dos
fff1a55c t part_get_info_extended
fff1a838 t print_partition_extended
fff1aa6b T get_disk_guid
fff1aae7 t find_valid_gpt
fff1ab3d T part_print_efi
fff1acc5 t is_pte_valid
fff1ad00 T part_get_info_efi
fff1ae89 T write_gpt_table
fff1afc0 t set_protective_mbr
fff1b080 T gpt_fill_pte
fff1b2f9 T gpt_fill_header
fff1b390 t partition_entries_offset
fff1b3e1 T gpt_restore
fff1b4bf T gpt_verify_headers
fff1b53b t is_gpt_valid
fff1b71b T gpt_repair_headers
fff1b8a5 t write_one_gpt_table
fff1b916 T gpt_verify_partitions
fff1bb05 t validate_gpt_header
fff1bbae t part_test_efi
fff1bc39 T blk_get_uclass_name
fff1bc58 T blk_get_devnum_by_uclass_idname
fff1bd09 T blk_get_desc
fff1bdbf T blk_list_part
fff1be28 T blk_print_part_devnum
fff1be54 T blk_list_devices
fff1bea6 T blk_print_device_num
fff1bed9 T blk_show_device
fff1bf3e T blk_dselect_hwpart
fff1bf5f T blk_read
fff1c097 t blk_buffer_aligned
fff1c0ae T blk_write
fff1c17e T blk_erase
fff1c1cd T blk_dread
fff1c1d8 T blk_dwrite
fff1c1e3 T blk_derase
fff1c1ee T blk_find_max_devnum
fff1c248 T blk_next_free_devnum
fff1c266 T blk_create_device
fff1c3db t blk_post_probe
fff1c4cf T blkcache_read
fff1c5c9 T blkcache_fill
fff1c717 T blkcache_invalidate
fff1c77e T device_bind_with_driver_data
fff1c7a3 t device_bind_common
fff1ca53 T device_bind
fff1ca78 T device_bind_by_name
fff1cad7 T device_of_to_plat
fff1cbbc T device_probe
fff1ccaf T device_get_uclass_id
fff1ccb9 T dev_get_plat
fff1ccc4 T dev_get_parent_plat
fff1cccf T dev_get_uclass_plat
fff1ccda T dev_get_priv
fff1cce5 T dev_get_uclass_priv
fff1ccf0 T dev_get_parent_priv
fff1ccfb T dev_get_parent
fff1ccff T device_get_decendent_count
fff1cd25 T device_find_first_child
fff1cd3e T device_find_next_child
fff1cd5c T device_first_child_err
fff1cd8a T device_next_child_err
fff1cdbd T dev_get_driver_data
fff1cdc1 T device_set_name_alloced
fff1cdc6 T device_set_name
fff1cdec T dev_set_priv
fff1cdf0 T dev_set_parent_priv
fff1cdf4 T dev_set_uclass_priv
fff1cdf8 T dev_set_plat
fff1cdfc T dev_set_parent_plat
fff1ce00 T dev_set_uclass_plat
fff1ce04 t alloc_priv
fff1ce55 T devfdt_get_addr_index
fff1cf01 T devfdt_get_addr_size_index
fff1cf36 T devfdt_get_addr_pci
fff1cfaf T lists_driver_lookup_name
fff1d00d T lists_uclass_lookup
fff1d057 T lists_bind_drivers
fff1d116 T device_bind_driver
fff1d15d T device_bind_driver_to_node
fff1d198 T lists_bind_fdt
fff1d359 T dm_root
fff1d372 T dm_init
fff1d406 T dm_remove_devices_flags
fff1d42f T dm_scan_fdt_dev
fff1d455 t dm_scan_fdt_node
fff1d4d0 T dm_extended_scan
fff1d52f W dm_scan_other
fff1d532 T dm_init_and_scan
fff1d5ea T dm_get_stats
fff1d60e t dm_probe_devices
fff1d672 T uclass_get_priv
fff1d675 T uclass_get
fff1d7ab T uclass_get_name
fff1d7cc T dev_get_uclass_index
fff1d801 T uclass_find_device
fff1d846 T uclass_find_first_device
fff1d877 T uclass_find_next_device
fff1d894 T uclass_find_device_by_namelen
fff1d911 T uclass_find_next_free_seq
fff1d967 T uclass_find_device_by_seq
fff1d9ab T uclass_find_device_by_of_offset
fff1d9ee T uclass_find_device_by_ofnode
fff1da31 T uclass_get_nth_device_by_driver_name
fff1da9c T uclass_get_device
fff1daca T uclass_get_device_by_name
fff1db13 T uclass_get_device_by_seq
fff1db41 T uclass_get_device_by_of_offset
fff1db6f T uclass_get_device_by_ofnode
fff1db9d T uclass_first_device
fff1dbd2 t _uclass_next_device
fff1dc06 T uclass_next_device
fff1dc25 T uclass_first_device_err
fff1dc45 T uclass_first_device_check
fff1dc8b T uclass_next_device_check
fff1dcb0 T uclass_get_count
fff1dcdb T uclass_first_device_drvdata
fff1dd34 T uclass_bind_device
fff1dd8b T uclass_pre_unbind_device
fff1dda7 T uclass_unbind_device
fff1ddbd T uclass_pre_probe_device
fff1ddfd T uclass_post_probe_device
fff1de3b T uclass_pre_remove_device
fff1de57 T uclass_probe_all
fff1de9c T pci_get_devfn
fff1ded9 T dev_tag_set_ptr
fff1df81 T dev_tag_get_ptr
fff1dfdc T dev_tag_del
fff1e054 T devres_release_probe
fff1e06c t release_nodes
fff1e0c0 T devres_release_all
fff1e0d8 T device_chld_unbind
fff1e183 T device_unbind
fff1e33a T device_chld_remove
fff1e394 T device_remove
fff1e484 T device_free
fff1e507 T dm_dump_tree
fff1e57c t dm_dump_tree_single
fff1e5da t dm_dump_tree_recursive
fff1e660 T dm_dump_uclass
fff1e6f1 t dm_dump_uclass_single
fff1e798 T dm_dump_driver_compat
fff1e83a T dm_dump_drivers
fff1e949 T dm_dump_static_driver_info
fff1e995 t show_devices
fff1eb14 t h_cmp_uclass_id
fff1eb33 t init_range
fff1eb8b T regmap_init_mem
fff1eceb T syscon_get_by_driver_data
fff1ecff t syscon_pre_probe
fff1ed2f T ofnode_get_name
fff1ed48 T ofnode_read_u32_index
fff1ed9a T ofnode_read_u32_default
fff1edb5 T ofnode_read_bool
fff1edda T ofnode_read_string
fff1ee17 T ofnode_read_size
fff1ee46 T ofnode_find_subnode
fff1ee63 T ofnode_is_enabled
fff1ee7f T ofnode_first_subnode
fff1ee9c T ofnode_next_subnode
fff1eeb9 T ofnode_get_parent
fff1eed6 T ofnode_path
fff1eefa T ofnode_get_chosen_node
fff1ef61 T ofnode_get_property
fff1ef81 T ofnode_read_u8_array_ptr
fff1efa1 T ofnode_read_pci_addr
fff1f065 T ofnode_read_pci_vendev
fff1f139 T ofnode_read_simple_addr_cells
fff1f149 T ofnode_read_simple_size_cells
fff1f159 T ofnode_pre_reloc
fff1f2ae T ofnode_conf_read_int
fff1f2ec T ofnode_conf_read_str
fff1f31b T sysreset_get_status
fff1f339 T sysreset_walk
fff1f3a6 T sysreset_walk_halt
fff1f3e8 T do_reset
fff1f42f T pch_sysreset_power_off
fff1f4b2 t x86_sysreset_probe
fff1f4d8 t x86_sysreset_request
fff1f500 t x86_sysreset_get_last
fff1f506 T pch_ioctl
fff1f52b T setup_video
fff1f5da T pci_get_bus
fff1f61d T dm_pci_get_bdf
fff1f661 T pci_bus_find_devfn
fff1f6b6 T dm_pci_write_config
fff1f738 T pci_write_config32
fff1f750 t pci_write_config
fff1f7b2 T pci_write_config16
fff1f7ca T pci_write_config8
fff1f7e2 T dm_pci_write_config8
fff1f7f5 T dm_pci_read_config
fff1f8a5 t pci_read_config
fff1f933 T pci_read_config16
fff1f95d T pci_read_config8
fff1f985 T dm_pci_read_config8
fff1f9aa T dm_pci_read_config16
fff1f9d1 T dm_pci_read_config32
fff1f9f6 W board_pci_fixup_dev
fff1f9f7 T pci_bind_bus_devices
fff1ff4d T dm_pci_read_bar32
fff1ff89 T dm_pci_bus_to_phys
fff2002e T dm_pci_map_bar
fff2008b T dm_pci_find_next_capability
fff200a1 t _dm_pci_find_next_capability
fff2012d T dm_pci_find_capability
fff2019c t pci_uclass_pre_probe
fff204a2 t pci_uclass_post_probe
fff204e7 t pci_uclass_child_post_bind
fff20518 T pci_init
fff2054a t pci_bridge_read_config
fff205c7 t pci_bridge_write_config
fff20610 t _pci_x86_read_config
fff2062f t _pci_x86_write_config
fff2064e T serial_init
fff20775 T serial_setbrg
fff207b4 T serial_initialize
fff207c2 T serial_putc
fff20816 T serial_puts
fff2083b t _serial_puts
fff20881 T serial_flush
fff208bb T serial_getc
fff208f4 T serial_tstc
fff20927 T serial_stdio_init
fff20928 t on_baudrate
fff20a08 t serial_post_probe
fff20aad t serial_pre_remove
fff20ab0 t serial_stub_putc
fff20aec t serial_stub_puts
fff20af4 t serial_stub_flush
fff20b16 t serial_stub_getc
fff20b37 t serial_stub_tstc
fff20b4f T ns16550_init
fff20bd5 t ns16550_setbrg
fff20c46 T ns16550_serial_probe
fff20cac T ns16550_serial_of_to_plat
fff20d80 t ns16550_serial_setbrg
fff20dac t ns16550_serial_getc
fff20de7 t ns16550_serial_putc
fff20e25 t ns16550_serial_pending
fff20e56 t ns16550_serial_setconfig
fff20ea4 t ns16550_serial_getinfo
fff20ee9 T timer_get_count
fff20f0f T timer_get_rate
fff20f1d T dm_timer_init
fff20feb t timer_pre_probe
fff21014 t timer_post_probe
fff2102c T get_timer
fff2106a T timer_get_us
fff2109c T __udelay
fff210e9 t tsc_timer_ensure_setup
fff21269 t tsc_timer_probe
fff212b2 t cpu_mhz_from_msr
fff21353 t quick_pit_calibrate
fff214a2 t tsc_timer_get_count
fff214be T virtio_get_config
fff214d8 T virtio_set_config
fff214f3 T virtio_generation
fff2150a T virtio_reset
fff21515 T virtio_find_vqs
fff21529 T virtio_notify
fff21536 T virtio_add_status
fff21568 T virtio_finalize_features
fff215c1 T virtio_driver_features_init
fff215da t virtio_uclass_pre_probe
fff21627 t virtio_uclass_post_probe
fff216c5 t virtio_uclass_child_post_bind
fff216d6 t virtio_uclass_child_pre_probe
fff218cd t virtio_uclass_child_post_probe
fff218e0 t virtio_bootdev_bind
fff218f5 t virtio_bootdev_hunt
fff21986 T virtqueue_add
fff21c03 T virtqueue_kick
fff21c6c T virtqueue_get_buf
fff21da1 T vring_create_virtqueue
fff21ffa T vring_del_virtqueue
fff22034 T virtqueue_get_vring_size
fff22038 T virtqueue_get_desc_addr
fff2203c T virtqueue_get_avail_addr
fff22040 T virtqueue_get_used_addr
fff22044 T virtqueue_poll
fff22067 t __bb_force_page_align
fff22083 t virtqueue_detach_desc
fff220c8 t virtio_pci_bind
fff22104 t virtio_pci_probe
fff22306 t virtio_pci_find_capability
fff22412 t virtio_pci_get_config
fff22503 t virtio_pci_set_config
fff2262e t virtio_pci_generation
fff22657 t virtio_pci_get_status
fff2267d t virtio_pci_set_status
fff226c7 t virtio_pci_reset
fff22719 t virtio_pci_get_features
fff22788 t virtio_pci_set_features
fff22812 t virtio_pci_find_vqs
fff229f2 t virtio_pci_del_vqs
fff22a51 t virtio_pci_notify
fff22abe t virtio_net_bind
fff22ae9 t virtio_net_probe
fff22b2a t virtio_net_start
fff22b96 t virtio_net_send
fff22c1f t virtio_net_recv
fff22c56 t virtio_net_free_pkt
fff22ca3 t virtio_net_stop
fff22ca4 t virtio_net_write_hwaddr
fff22cfd t virtio_net_read_rom_hwaddr
fff22d99 t virtio_blk_bind
fff22e34 t virtio_blk_probe
fff22ecb t virtio_blk_read
fff22eef t virtio_blk_write
fff22f13 t virtio_blk_erase
fff22f73 t virtio_blk_do_req
fff230ba t virtio_console_port_probe
fff230bd t virtio_console_bind
fff230e7 t virtio_console_probe
fff23515 t virtio_console_serial_setbrg
fff23518 t virtio_console_port_serial_getc
fff23639 t virtio_console_port_serial_putc
fff2369d t virtio_console_port_serial_puts
fff23704 t virtio_console_serial_pending
fff2371f t virtio_console_exhaust_control_queue
fff2398b t return_control_buffer
fff239f7 t virtqueue_blocking_send
fff23a71 T sysinfo_get_str
fff23ab7 t console_putc_xy
fff23b50 t console_move_rows
fff23b9c t console_set_row
fff23c21 t console_set_cursor_visible
fff23c45 T check_bpix_support
fff23c57 T fill_pixel_and_goto_next
fff23c80 T fill_char_vertically
fff23dc6 T console_probe
fff23ddb t console_set_font
fff23e59 T console_simple_get_font_size
fff23e74 T console_simple_get_font
fff23e83 T console_simple_select_font
fff23eef T video_reserve
fff23f6f t alloc_fb
fff23fa8 T video_fill
fff24016 T video_sync
fff24034 T video_clear
fff2404d T video_index_to_colour
fff2410e T video_set_default_colors
fff24150 T video_sync_all
fff24199 T video_get_xsize
fff241a8 T video_get_ysize
fff241b8 t video_post_bind
fff24235 t video_post_probe
fff24350 T vidconsole_put_char
fff24875 t vidconsole_newline
fff248fc T vidconsole_put_string
fff2492b t vidconsole_pre_probe
fff24950 t vidconsole_post_probe
fff249b5 T vidconsole_position_cursor
fff24a12 t vidconsole_putc
fff24a2e t vidconsole_puts
fff24a61 T video_bmp_display
fff24f98 t write_pix8
fff2505e T cpu_get_desc
fff2507b T cpu_get_vendor
fff25099 t uclass_cpu_init
fff250e5 T fastboot_response
fff2513f T fastboot_fail
fff25157 T fastboot_okay
fff25184 W fastboot_set_reboot_flag
fff251e9 T fastboot_boot
fff2525a T fastboot_handle_boot
fff252a3 T fastboot_set_progress_callback
fff252a9 T fastboot_init
fff252d5 T fastboot_getvar
fff25379 t getvar_version
fff25383 t getvar_version_bootloader
fff2538d t getvar_downloadsize
fff253aa t getvar_serialno
fff253d9 t getvar_version_baseband
fff253e3 t getvar_product
fff25412 t getvar_platform
fff25441 t getvar_current_slot
fff2544b t getvar_has_slot
fff254dd t getvar_partition_size
fff25523 t getvar_is_userspace
fff2552d T fastboot_handle_command
fff255f0 T fastboot_data_remaining
fff255fc T fastboot_data_download
fff25683 T fastboot_data_complete
fff256cf t getvar
fff256d4 t download
fff2575f t flash
fff25790 t erase
fff257b9 t okay
fff257c0 t reboot_bootloader
fff257ee t reboot_fastbootd
fff2581d t reboot_recovery
fff2584e t run_flashing_lock
fff25892 t run_flashing_unlock
fff258e7 t ensure_device_is_unlocked
fff25915 T fastboot_block_get_part_info
fff259a9 T fastboot_block_erase
fff25a15 t fb_block_write
fff25b33 T fastboot_block_write_raw_image
fff25c31 T fastboot_block_write_sparse_image
fff25cc0 t fb_block_sparse_write
fff25ce2 t fb_block_sparse_reserve
fff25ceb T fastboot_block_flash_write
fff25d6a T irq_snapshot_polarities
fff25d7e T irq_first_device_type
fff25d8c T qfw_read_entry
fff25e00 T qfw_register
fff25e6c t qfw_post_bind
fff25e6f t qfw_get_bootflow
fff25e80 t qfw_bootdev_bind
fff25e95 t qfw_bootdev_hunt
fff25edf t qfw_pio_probe
fff25ee4 t qfw_pio_read_entry_io
fff25f08 t qfw_pio_read_entry_dma
fff25f1d T dm_rtc_get
fff25f30 T dm_rtc_set
fff25f44 T dm_rtc_reset
fff25f58 t rtc_mc146818_probe
fff25f79 t rtc_mc146818_get
fff26073 t rtc_mc146818_set
fff2618f t rtc_mc146818_reset
fff261ba t rtc_mc146818_read8
fff261d6 t rtc_mc146818_write8
fff261f5 T dm_rng_read
fff26212 T env_set_ulong
fff2622c T env_set_hex
fff26258 T env_get_hex
fff26293 T env_get
fff26330 T eth_env_get_enetaddr
fff26366 T eth_env_set_enetaddr
fff263a8 t env_get_from_linear
fff2646e T env_get_ulong
fff26494 T env_get_yesno
fff264d4 T env_get_autostart
fff264eb T env_get_default
fff26529 T env_set_default
fff265c2 T env_set_default_vars
fff265fb T env_relocate
fff26614 T env_complete
fff26799 W arch_env_get_location
fff267a5 W env_get_location
fff267aa T env_load
fff26850 t env_driver_lookup
fff268a7 T env_init
fff26953 T env_attr_walk
fff26a50 T env_attr_lookup
fff26ab7 t regex_callback
fff26bf7 T env_flags_parse_vartype
fff26c3d T env_flags_parse_varaccess
fff26c86 T eth_validate_ethaddr_str
fff26d01 T env_flags_init
fff26d99 t on_flags
fff26dd4 T env_flags_validate
fff27016 t clear_flags
fff27020 t set_flags
fff2708d T env_callback_init
fff27126 t find_env_callback
fff27177 t on_callbacks
fff271b2 t clear_callback
fff271bc t set_callback
fff27221 t env_nowhere_load
fff27240 t env_nowhere_init
fff27250 T fs_get_type
fff27256 T fs_set_blk_dev
fff272da T fs_set_blk_dev_with_part
fff27353 T fs_close
fff27379 T fs_exists
fff273ba T fs_size
fff273fb T fs_read
fff27460 T fs_write
fff27503 T fs_opendir
fff2756b T fs_readdir
fff275cd T fs_closedir
fff27619 T fs_unlink
fff2765a T fs_mkdir
fff2769b T fs_ln
fff276fa T do_size
fff2777c T do_load
fff27b38 T do_ls
fff27bcd T file_exists
fff27c23 T do_save
fff27d65 T do_fs_type
fff27dfe T do_rm
fff27e6d T do_mkdir
fff27f08 T do_ln
fff27f4b T do_fs_types
fff27fb3 t fs_ls_generic
fff28063 t fs_ln_unsupported
fff28067 t fs_probe_unsupported
fff2806b t fs_ls_unsupported
fff2806f t fs_exists_unsupported
fff28072 t fs_size_unsupported
fff28076 t fs_read_unsupported
fff2807a t fs_write_unsupported
fff2807e t fs_close_unsupported
fff2807f t fs_uuid_unsupported
fff28083 t fs_opendir_unsupported
fff28089 t fs_unlink_unsupported
fff2808d t fs_mkdir_unsupported
fff28091 T fat_set_blk_dev
fff2815a t disk_read
fff2819a T fat_next_cluster
fff28275 t get_fatent
fff283cb T file_fat_detectfs
fff28486 t read_bootsectandvi
fff2859e T fat_exists
fff28600 t fat_itr_root
fff28791 t fat_itr_resolve
fff288f1 T fat_size
fff2899b T fat_read_file
fff28dfa T fat_opendir
fff28e8c T fat_readdir
fff28f82 t fat_itr_next
fff291d7 t fat2rtc
fff2922b T fat_closedir
fff29247 T fat_close
fff29248 T fat_uuid
fff292a0 T file_fat_write_at
fff29539 t split_filename
fff29625 t normalize_longname
fff296d1 t find_directory_entry
fff29736 t set_name
fff29978 t fat_find_empty_dentries
fff29b04 t fill_dir_slot
fff29ccf t fill_dentry
fff29d29 t set_contents
fff2a847 t flush_dirty_fat_buffer
fff2a8c5 t flush_dir
fff2a95b T file_fat_write
fff2a980 T fat_unlink
fff2ac5f T fat_mkdir
fff2afc1 t fat_itr_child
fff2b01b t get_cluster
fff2b1ad t next_dent
fff2b1fe t downcase
fff2b22f t str2fat
fff2b294 t fat_move_to_cluster
fff2b2d5 t set_fatent_value
fff2b446 t clear_fatent
fff2b4aa t determine_fatent
fff2b4d9 t disk_write
fff2b572 t set_sectors
fff2b6de t delete_single_dentry
fff2b711 T efi_driver_init
fff2b83e t efi_uc_init
fff2b841 t efi_uc_destroy
fff2b844 t efi_uc_supported
fff2b8dc t efi_uc_start
fff2b987 t efi_uc_stop
fff2ba7b t check_node_type
fff2bad4 t disconnect_child
fff2bb16 t efi_bl_read
fff2bb65 t efi_bl_write
fff2bbb4 t efi_bl_init
fff2bc40 t efi_bl_bind
fff2bd60 T efi_gbl_image_loading_register
fff2bda9 t get_buffer
fff2bed0 t get_verify_partitions
fff2beef T efi_gbl_ab_register
fff2bf3b t load_boot_data
fff2bfa0 t get_slot_info
fff2c050 t get_current_slot
fff2c0e0 t set_active_slot
fff2c176 t set_slot_unbootable
fff2c1e3 t mark_boot_attempt
fff2c271 t reinitialize
fff2c330 t get_boot_reason
fff2c3b9 t set_boot_reason
fff2c430 t flush_changes
fff2c54a t ensure_buffer_initialized
fff2c625 t load_boot_data_private
fff2c752 t get_current_slot_idx
fff2c7f7 T efi_bootmgr_load
fff2c9b4 t try_load_entry
fff2ccae T efi_bootmgr_get_unused_bootoption
fff2cd34 T efi_bootmgr_append_bootorder
fff2cdc2 T efi_bootmgr_delete_boot_option
fff2ceb0 T efi_bootmgr_update_media_device_boot_option
fff2d31e t try_load_from_file_path
fff2d3bd T __efi_entry_check
fff2d3d3 T __efi_exit_check
fff2d3df T efi_save_gd
fff2d3e0 T efi_restore_gd
fff2d3e1 T efi_signal_event
fff2d473 t efi_queue_event
fff2d4c4 T efi_add_handle
fff2d4e8 T efi_create_handle
fff2d530 T efi_search_protocol
fff2d593 T efi_search_obj
fff2d5b1 T efi_delete_handle
fff2d63d t efi_purge_handle
fff2d6b2 T efi_create_event
fff2d7c0 T efi_timer_check
fff2d844 t efi_process_event_queue
fff2d8bb T efi_set_timer
fff2d981 T efi_add_protocol
fff2dab1 T efi_register_protocol_notify
fff2db3a T efi_install_configuration_table
fff2dc6c T efi_setup_loaded_image
fff2dd7a T efi_locate_device_path
fff2de94 T efi_locate_handle_buffer
fff2deca T efi_load_image
fff2e2ab T efi_close_protocol
fff2e343 T efi_locate_handle_buffer_int
fff2e3de t efi_locate_handle
fff2e516 T efi_install_multiple_protocol_interfaces
fff2e52e t efi_install_multiple_protocol_interfaces_int
fff2e63e T efi_uninstall_multiple_protocol_interfaces
fff2e656 t efi_uninstall_multiple_protocol_interfaces_int
fff2e713 T efi_protocol_open
fff2e895 t efi_disconnect_controller
fff2eae6 T efi_start_image
fff2ebe3 t efi_open_protocol
fff2ecdf T efi_unload_image
fff2ed9a t efi_delete_image
fff2ee11 T efi_handle_protocol
fff2ee33 T efi_initialize_system_table
fff2eeab t efi_uninstall_protocol
fff2efb5 t efi_disconnect_all_drivers
fff2f109 t efi_connect_controller
fff2f2ac t efi_bind_controller
fff2f355 t efi_install_protocol_interface
fff2f3a8 t efi_uninstall_protocol_interface
fff2f3d5 t efi_raise_tpl
fff2f3ef t efi_restore_tpl
fff2f41a t efi_allocate_pages_ext
fff2f447 t efi_free_pages_ext
fff2f46b t efi_get_memory_map_ext
fff2f4a1 t efi_allocate_pool_ext
fff2f4c5 t efi_free_pool_ext
fff2f4e1 t efi_create_event_ext
fff2f519 t efi_set_timer_ext
fff2f54b t efi_wait_for_event
fff2f60e t efi_signal_event_ext
fff2f65b t efi_close_event
fff2f745 t efi_check_event
fff2f7a5 t efi_reinstall_protocol_interface
fff2f80c t efi_locate_handle_ext
fff2f843 t efi_install_configuration_table_ext
fff2f863 t efi_exit
fff2f942 t efi_exit_boot_services
fff2fac9 t efi_get_next_monotonic_count
fff2fb06 t efi_stall
fff2fb51 t efi_set_watchdog_timer
fff2fb6d t efi_close_protocol_ext
fff2fb9a t efi_open_protocol_information
fff2fc79 t efi_protocols_per_handle
fff2fd35 t efi_locate_protocol
fff2fe24 t efi_install_multiple_protocol_interfaces_ext
fff2fe48 t efi_uninstall_multiple_protocol_interfaces_ext
fff2fe6c t efi_calculate_crc32
fff2feb5 t efi_copy_mem
fff2fed9 t efi_set_mem
fff2fefe t efi_create_event_ex
fff2ff5b t efi_update_exit_data
fff2ffac T efi_get_dp_from_boot
fff30052 T efi_link_dev
fff30063 T efi_unlink_dev
fff30086 T efi_varname_is_load_option
fff300ed T efi_next_variable_name
fff30141 T efi_search_bootorder
fff30182 T efi_setup_console_size
fff3035a t efi_cout_reset
fff3039b t efi_cout_output_string
fff304c7 t efi_cout_test_string
fff304da t efi_cout_query_mode
fff3053a t efi_cout_set_mode
fff3058d t efi_cout_set_attribute
fff305e7 t efi_cout_clear_screen
fff30631 t efi_cout_set_cursor_position
fff306a2 t efi_cout_enable_cursor
fff306e0 t efi_cin_reset
fff3070a t efi_cin_read_key_stroke
fff30762 T efi_console_register
fff3086d t efi_key_notify
fff30882 t efi_console_timer_notify
fff30897 T efi_console_get_u16_string
fff309b2 t efi_cin_empty_buffer
fff309d0 t term_get_char
fff30a08 t efi_cin_check
fff30c9c t set_shift_mask
fff30cf1 t analyze_modifiers
fff30d4b t efi_cin_reset_ex
fff30d75 t efi_cin_read_key_stroke_ex
fff30e4d t efi_cin_set_state
fff30e63 t efi_cin_register_key_notify
fff30ee8 t efi_cin_unregister_key_notify
fff30f3a T efi_dp_next
fff30f58 T efi_dp_shorten
fff30f9c T efi_dp_find_obj
fff30fcf t find_handle
fff3110d T efi_dp_last_node
fff31132 T efi_dp_instance_size
fff3115b T efi_dp_size
fff3117a T efi_dp_dup
fff311c5 T efi_dp_append
fff311da t efi_dp_append_or_concatenate
fff312be T efi_dp_concat
fff312d3 T efi_dp_append_node
fff31386 T efi_dp_create_device_node
fff313be T efi_dp_append_instance
fff3147f T efi_dp_get_next_instance
fff3150b T efi_dp_is_multi_instance
fff31532 T efi_dp_from_part
fff31593 T efi_dp_part_node
fff315cd t dp_part_node
fff316f1 T efi_dp_from_file
fff317e7 T efi_dp_from_uart
fff31832 t dp_size
fff3189b t dp_fill
fff319bd T efi_dp_from_eth
fff319fb T efi_dp_from_mem
fff31a3a T efi_dp_split_file_path
fff31ab1 T efi_dp_from_name
fff31be9 T efi_dp_check_length
fff31c31 T efi_dp_from_lo
fff31ca3 T efi_dp_str
fff31ccc t efi_convert_device_path_to_text
fff31d41 t efi_convert_device_node_to_text
fff31d83 t efi_convert_single_device_node_to_text
fff322e1 t efi_str_to_u16
fff32315 t get_device_path_size
fff32342 t duplicate_device_path
fff32364 t append_device_path
fff3238c t append_device_node
fff323b4 t append_device_path_instance
fff323dc t get_next_device_path_instance
fff32404 t is_device_path_multi_instance
fff32426 t create_device_node
fff32455 T efi_try_purge_kaslr_seed
fff324d9 T efi_carve_out_dt_rsv
fff325d1 t efi_reserve_memory
fff3262c t efi_dt_fixup
fff32772 T efi_file_open_int
fff327f5 t file_open
fff32a52 T efi_file_size
fff32ae6 T efi_file_read_int
fff32d81 T efi_file_setpos_int
fff32dd7 t efi_get_file_size
fff32e12 T efi_file_from_path
fff32f46 T efi_create_simple_file_system
fff32f90 t efi_open_volume
fff32fc5 t efi_create_file
fff32fea t is_dir
fff33009 t efi_file_open
fff33051 t efi_file_close
fff33079 t efi_file_delete
fff330c8 t efi_file_read
fff330f4 t efi_file_write
fff33127 t efi_file_getpos
fff3315c t efi_file_setpos
fff33188 t efi_file_getinfo
fff3337c t efi_file_setinfo
fff33489 t efi_file_flush
fff334ba t efi_file_open_ex
fff3351c t efi_file_read_ex
fff33569 t efi_file_write_ex
fff335b9 t efi_file_flush_ex
fff33602 t efi_file_write_int
fff33694 t new_package_list
fff33737 t remove_package_list
fff33774 t update_package_list
fff33819 t list_package_lists
fff338e3 t export_package_lists
fff33911 t register_package_notify
fff33952 t unregister_package_notify
fff33968 t find_keyboard_layouts
fff33a0b t get_keyboard_layout
fff33a9f t set_keyboard_layout
fff33ac1 t get_package_list_handle
fff33b01 t new_string
fff33bee t get_string
fff33c82 t set_string
fff33d77 t get_languages
fff33e36 t get_secondary_languages
fff33ea7 t add_packages
fff341a3 t free_packagelist
fff341d8 t free_keyboard_layouts
fff3421a t remove_strings_package
fff3427b t remove_guid_package
fff342ac t remove_keyboard_package
fff342e4 t language_match
fff3431a T efi_print_image_infos
fff343ee W invalidate_icache_all
fff343ef T efi_check_pe
fff3442d T efi_load_pe
fff34766 t efi_set_code_and_data_type
fff347c3 t efi_loader_relocate
fff34886 T efi_set_load_options
fff348b8 T efi_deserialize_load_option
fff3493d T efi_serialize_load_option
fff349f2 T efi_add_memory_map
fff34a2f t efi_add_memory_map_pg
fff34d38 T efi_allocate_pages
fff34f57 t efi_check_allocated
fff34fbc T efi_free_pages
fff35029 T efi_alloc_aligned_pages
fff35194 T efi_allocate_pool
fff35209 T efi_alloc
fff35263 T efi_free_pool
fff352ec T efi_get_memory_map
fff35389 T efi_get_memory_map_alloc
fff353f9 T efi_add_conventional_memory_map
fff3549c T efi_memory_init
fff35516 t efi_mem_sort
fff355fb t efi_mem_cmp
fff3562f T efi_root_node_register
fff356db T efi_init_runtime_supported
fff35721 W efi_reset_system_init
fff35724 t efi_get_time_boottime
fff35803 t efi_set_time_boottime
fff35819 t efi_set_virtual_address_map
fff35a3a t efi_reset_system_boottime
fff35a97 W allow_unaligned
fff35a98 T efi_init_early
fff35acb T efi_init_obj_list
fff35cab T efi_create_indexed_name
fff35d0b T efi_convert_string
fff35d3f t efi_stri_coll
fff35dac t efi_metai_match
fff35dd2 t efi_str_lwr
fff35e0a t efi_str_upr
fff35e42 t efi_fat_to_str
fff35e91 t efi_str_to_fat
fff35f61 t metai_match
fff360c3 T efi_get_variable
fff3610f T efi_set_variable
fff36153 T efi_get_next_variable_name
fff3617f T efi_query_variable_info
fff361c1 T efi_init_secure_state
fff362db T efi_auth_var_get_type
fff3632e T efi_get_var
fff36395 T efi_var_mem_init
fff36435 t efi_var_mem_notify_exit_boot_services
fff36485 T efi_var_collect
fff36620 T efi_var_to_file
fff366cc t efi_set_blk_dev_to_system_partition
fff36759 T efi_var_restore
fff368b6 T efi_var_from_file
fff3699d T efi_set_variable_int
fff36bc1 T efi_query_variable_info_int
fff36c20 T efi_variables_boot_exit_notify
fff36c52 T efi_init_variables
fff36c73 T efi_set_watchdog
fff36caf T efi_watchdog_register
fff36cf3 t efi_watchdog_timer_notify
fff36d21 T efi_gop_register
fff36ea6 t gop_query_mode
fff36f16 t gop_set_mode
fff36f8f t gop_blt
fff3759b t gop_blt_video_fill
fff376a8 T efi_disk_is_removable
fff376de T efi_fs_from_path
fff37742 T efi_disk_probe
fff37926 T efi_disk_remove
fff379b4 T efi_disk_get_device_name
fff37a68 T efi_disks_register
fff37a9a t efi_disk_add_dev
fff37cf7 t efi_disk_reset
fff37d0a t efi_disk_read_blocks
fff37db5 t efi_disk_write_blocks
fff37e6b t efi_disk_flush_blocks
fff37e7e t efi_disk_rw_blocks
fff37f4f T efi_net_register
fff382c5 t efi_net_start
fff38311 t efi_net_stop
fff38356 t efi_net_initialize
fff383d6 t efi_net_reset
fff38430 t efi_net_shutdown
fff38490 t efi_net_receive_filters
fff384a6 t efi_net_station_address
fff384bc t efi_net_statistics
fff384d2 t efi_net_mcastiptomac
fff38560 t efi_net_nvdata
fff38576 t efi_net_get_status
fff385eb t efi_net_transmit
fff386de t efi_net_receive
fff38854 t efi_pxe_base_code_start
fff3885a t efi_pxe_base_code_stop
fff38860 t efi_pxe_base_code_dhcp
fff38866 t efi_pxe_base_code_discover
fff3886c t efi_pxe_base_code_mtftp
fff38872 t efi_pxe_base_code_udp_write
fff38878 t efi_pxe_base_code_udp_read
fff3887e t efi_pxe_base_code_set_ip_filter
fff38884 t efi_pxe_base_code_arp
fff3888a t efi_pxe_base_code_set_parameters
fff38890 t efi_pxe_base_code_set_station_ip
fff38896 t efi_pxe_base_code_set_packets
fff3889c t efi_network_timer_notify
fff388f6 t efi_net_push
fff3894f T efi_smbios_register
fff389bc t install_smbios_table
fff389bf W platform_get_rng_device
fff389ed T efi_rng_register
fff38a6f t rng_getinfo
fff38ae8 t getrng
fff38b86 T efi_initrd_register
fff38c45 T efi_initrd_deregister
fff38c84 t efi_load_file2_initrd
fff38dcd T efi_st_exit_boot_services
fff38f0e T efi_st_do_tests
fff3910a T efi_selftest
fff39451 t setup
fff39ad5 t execute
fff39e4d t teardown
fff39eda t notify
fff39f84 t setup
fff39f95 t execute
fff3a571 t notify
fff3a57c t check_table
fff3a5f7 t setup
fff3a686 t execute
fff3aa1f t teardown
fff3aa79 t supported
fff3aae1 t stop
fff3ac24 t disconnect_child
fff3aca4 t count_child_controllers
fff3ad48 T efi_st_printc
fff3b0ba t printx
fff3b12a t uint2dec
fff3b1d3 T efi_st_get_key
fff3b1fa t setup
fff3b2cd t execute
fff3b336 t check_table
fff3b468 t setup
fff3b4ce t execute
fff3bb38 t create_single_node_device_path
fff3bc37 t setup
fff3bcc8 t execute
fff3c000 t teardown
fff3c08f t notify
fff3c09a t setup
fff3c0a5 t execute
fff3c245 t notify
fff3c250 t setup
fff3c31e t execute
fff3c3a8 t setup
fff3c441 t execute
fff3c4f1 t ebs_notify
fff3c50c t setup
fff3c555 t execute
fff3c64c t teardown
fff3c64f t efi_st_load_file_setup
fff3c7b1 t efi_st_load_file_execute
fff3ca2b t efi_st_load_file_teardown
fff3cb09 t load_file
fff3cbd5 t load_file2
fff3cccc t setup
fff3ccdd t execute
fff3ce9b t efi_st_open_volume
fff3cec1 t setup
fff3d021 t execute
fff3d128 t teardown
fff3d1e3 t efi_st_open
fff3d210 t efi_st_close
fff3d23b t efi_st_delete
fff3d24e t efi_st_read
fff3d2d3 t efi_st_write
fff3d2e6 t efi_st_getpos
fff3d30e t efi_st_setpos
fff3d334 t efi_st_getinfo
fff3d3d9 t efi_st_setinfo
fff3d3ec t efi_st_flush
fff3d3ff t setup
fff3d520 t execute
fff3da8e t teardown
fff3da91 t setup
fff3da9c t execute
fff3dc54 t setup
fff3dce2 t execute
fff3def4 t find_in_memory_map
fff3e025 t setup
fff3e09a t execute
fff3e485 t teardown
fff3e4e4 t setup
fff3e57a t execute
fff3e8df t teardown
fff3e93e t notify
fff3e992 t setup
fff3e99d t execute
fff3e9f8 t setup
fff3ec69 t execute
fff3ed03 t notify
fff3edd0 t setup
fff3ee99 t execute
fff3efab t teardown
fff3f000 t setup
fff3f0ce t execute
fff3f15c t teardown
fff3f1b1 t setup
fff3f1bc t execute
fff3f35b t setup
fff3f428 t execute
fff3f692 t teardown
fff3f6e3 t efi_key_notify_function
fff3f6ed t execute
fff3faad t setup
fff3fb3e t execute
fff3ff10 t teardown
fff3ffaf t notify
fff3ffba T efi_st_translate_char
fff3fff7 T efi_st_translate_code
fff40020 T efi_st_strcmp_16_8
fff40064 T efi_st_get_config_table
fff400af t setup
fff400c2 t execute
fff407d7 t setup
fff407e2 t execute
fff4091f t setup_timer
fff4092d t execute
fff40a88 t teardown
fff40b4e t setup_reboot
fff40b5c t setup
fff40bf9 t notify
fff40c2c t setup
fff40c92 t execute
fff41651 t teardown
fff41674 t setup
fff4193d t execute
fff41c0e t teardown
fff41d91 t send_dhcp_discover
fff41f27 t setup
fff42279 t execute
fff42604 t teardown
fff42784 t setup
fff427ea t execute
fff42b3b t test_fat_to_str
fff42c31 t test_str_to_fat
fff42d07 t setup
fff42da5 t execute
fff4422e t setup
fff44239 t execute
fff443da t setup
fff443e5 t execute
fff4446c t setup
fff444e6 t execute
fff4459e t get_property
fff4476a t setup
fff44965 t execute
fff452e5 t teardown
fff453a1 t reset
fff453a4 t read_blocks
fff453fe t write_blocks
fff45458 t flush_blocks
fff4545b T execute_get_verify_partitions
fff454e9 T execute_get_buffer_known
fff455ee T execute_get_buffer_unknown
fff45689 t setup
fff456ef t execute
fff45716 t teardown
fff45719 t find_image_node
fff457bf T binman_init
fff45854 T console_read_unicode
fff4590f T utf8_get
fff459ca T utf8_put
fff45a74 T utf8_utf16_strnlen
fff45ac8 T utf8_utf16_strncpy
fff45b26 T utf16_put
fff45b89 T utf16_get
fff45bfe T utf16_strnlen
fff45c48 T utf16_utf8_strnlen
fff45cb8 T utf16_utf8_strncpy
fff45d15 T utf_to_lower
fff45d49 T utf_to_upper
fff45d7d T u16_strncmp
fff45daf T u16_strsize
fff45dc8 T u16_strcpy
fff45dee T u16_strdup
fff45e2f T u16_strlcat
fff45e98 T utf16_to_utf8
fff45f85 T utf_to_cp
fff45fc2 T write_smbios_table
fff460e8 t smbios_write_type0
fff461ae t smbios_write_type1
fff462d5 t smbios_write_type2
fff463a9 t smbios_write_type3
fff46425 t smbios_write_type4
fff46539 t smbios_write_type32
fff4657f t smbios_write_type127
fff465ab t smbios_add_string
fff4661e t smbios_add_prop_si
fff46673 T write_sparse_image
fff46d9a t default_log
fff46d9b T initcall_run_list
fff46e3f T string_to_ip
fff46eb2 T string_to_ip6
fff4709a T string_to_enetaddr
fff470db T compute_ip_checksum
fff4711a T ip_checksum_ok
fff47132 T list_sort
fff472c3 t merge
fff47326 T inflate_fast
fff47880 T inflate_table
fff47cbd T inflateReset
fff47d15 T inflateInit2_
fff47de9 T zcalloc
fff47df3 T zcfree
fff47dfa T inflate
fff496d2 T adler32
fff4993c T inflateEnd
fff49984 T gzalloc
fff49992 T gzfree
fff49999 T gzip_parse_header
fff49a0e T gunzip
fff49a52 T zunzip
fff49b25 T ulz4fn
fff4a019 T avb_chain_partition_descriptor_validate_and_byteswap
fff4a155 T avb_sub_cmdline
fff4a349 T avb_append_options
fff4a68b t cmdline_append_option
fff4a750 t cmdline_append_hex
fff4a78a T avb_new_cmdline_subst_list
fff4a794 T avb_free_cmdline_subst_list
fff4a7c9 T avb_add_root_digest_substitution
fff4a85d t uint64_to_base10
fff4a8b3 T avb_get_algorithm_data
fff4a8c6 T avb_rsa_public_key_header_validate_and_byteswap
fff4a8f5 T avb_footer_validate_and_byteswap
fff4a9c2 T avb_hashtree_descriptor_validate_and_byteswap
fff4ab6e T avb_property_descriptor_validate_and_byteswap
fff4ac7b T avb_property_lookup
fff4acdf t property_lookup_desc_foreach
fff4ad70 T avb_sha256_init
fff4ad90 T avb_sha256_update
fff4ae27 t SHA256_transform
fff4afff T avb_sha256_final
fff4b0d7 T avb_slot_verify
fff4b4e1 t load_and_verify_vbmeta
fff4c394 t has_system_partition
fff4c44c t avb_manage_hashtree_error_mode
fff4c5f9 T avb_slot_verify_data_free
fff4c6af T avb_slot_verify_data_calculate_vbmeta_digest
fff4c79f t load_requested_partitions
fff4c96e t load_and_verify_hash_partition
fff4ce3c t read_persistent_digest
fff4d0e9 t load_full_partition
fff4d299 T avb_be32toh
fff4d29c T avb_be64toh
fff4d2a7 T avb_safe_memcmp
fff4d2d0 T avb_safe_add_to
fff4d326 T avb_basename
fff4d367 T avb_safe_add
fff4d390 T avb_validate_utf8
fff4d3f9 T avb_str_concat
fff4d4b7 T avb_malloc
fff4d4f9 T avb_calloc
fff4d51c T avb_strdup
fff4d549 T avb_strstr
fff4d58a T avb_strv_find_str
fff4d5cf T avb_replace
fff4d774 T avb_strdupv
fff4d867 T avb_uppercase
fff4d886 T avb_bin2hex
fff4d8d6 T avb_version_string
fff4d8dc T avb_descriptor_validate_and_byteswap
fff4d940 T avb_descriptor_foreach
fff4dbc7 T avb_descriptor_get_all
fff4dc36 t count_descriptors
fff4dc3b t set_descriptors
fff4dc4f T avb_hash_descriptor_validate_and_byteswap
fff4dd8b T avb_kernel_cmdline_descriptor_validate_and_byteswap
fff4de77 T avb_rsa_verify
fff4e2eb t montMul
fff4e40c T avb_sha512_init
fff4e438 T avb_sha512_update
fff4e4cf t SHA512_transform
fff4e8da T avb_sha512_final
fff4e9bf T avb_memcmp
fff4e9c4 T avb_memcpy
fff4e9c9 T avb_memset
fff4e9ce T avb_strcmp
fff4e9d3 T avb_strncmp
fff4e9d8 T avb_strlen
fff4e9dd T avb_abort
fff4e9e5 T avb_printv
fff4ea1c T avb_malloc_
fff4ea21 T avb_free
fff4ea26 T avb_div_by_10
fff4ea56 T avb_vbmeta_image_verify
fff4eff7 T avb_vbmeta_image_header_to_host_byte_order
fff4f124 T avb_vbmeta_verify_result_to_string
fff4f16a T addBootConfigParameters
fff4f200 T addBootConfigTrailer
fff4f28e T fdt_ro_probe_
fff4f2f6 T fdt_header_size
fff4f326 T fdt_check_header
fff4f414 T fdt_offset_ptr
fff4f461 T fdt_next_tag
fff4f556 T fdt_check_node_offset_
fff4f58d T fdt_check_prop_offset_
fff4f5c4 T fdt_next_node
fff4f66f T fdt_first_subnode
fff4f69d T fdt_next_subnode
fff4f6db T fdt_find_string_
fff4f724 T fdt_move
fff4f765 T fdt_get_string
fff4f81a T fdt_get_mem_rsv
fff4f867 t fdt_mem_rsv
fff4f890 T fdt_num_mem_rsv
fff4f8c9 T fdt_subnode_offset_namelen
fff4f987 T fdt_subnode_offset
fff4f9af T fdt_path_offset_namelen
fff4fa79 T fdt_get_alias_namelen
fff4fae1 T fdt_path_offset
fff4faff T fdt_get_name
fff4fb6f T fdt_first_property_offset
fff4fb90 t nextprop_
fff4fbdd T fdt_next_property_offset
fff4fbfe t fdt_get_property_by_offset_
fff4fc36 T fdt_get_property_namelen
fff4fc6f t fdt_get_property_namelen_
fff4fcfa T fdt_get_property
fff4fd2b T fdt_getprop_namelen
fff4fd7d T fdt_getprop_by_offset
fff4fe03 T fdt_getprop
fff4fe34 T fdt_supernode_atdepth_offset
fff4fec5 T fdt_parent_offset
fff4ff0e T fdt_stringlist_search
fff4ffaf T fdt_add_mem_rsv
fff50018 t fdt_rw_probe_
fff5006a t fdt_splice_mem_rsv_
fff500bb T fdt_del_mem_rsv
fff50100 t fdt_splice_struct_
fff5013c T fdt_setprop_placeholder
fff501f0 t fdt_add_property_
fff5030e T fdt_setprop
fff50346 T fdt_delprop
fff5039c T fdt_add_subnode_namelen
fff50483 T fdt_add_subnode
fff504ab T fdt_open_into
fff5062a t fdt_blocks_misordered_
fff50667 t fdt_packblocks_
fff506e5 t fdt_splice_
fff50753 T fdt_strerror
fff50782 T fdt_address_cells
fff507ac t fdt_cells
fff507e9 T fdt_size_cells
fff50806 T fdtdec_get_int
fff50832 T fdtdec_get_srcname
fff50846 T fdtdec_get_addr_size_fixed
fff508e7 T fdtdec_get_number
fff50906 T fdtdec_get_addr_size_auto_parent
fff5095d T fdtdec_get_addr_size_auto_noparent
fff5099d T fdtdec_get_pci_bar32
fff509c9 T fdtdec_get_is_enabled
fff509fd T fdtdec_get_alias_seq
fff50ad9 T fdtdec_get_alias_highest_id
fff50b89 T fdtdec_get_chosen_prop
fff50bb9 t fdtdec_prepare_fdt
fff50bfa T fdtdec_get_bool
fff50c18 T fdtdec_locate_byte_array
fff50c3f T fdt_get_resource
fff50d39 W fdtdec_board_setup
fff50d3c T fdtdec_setup
fff50dad T qsort
fff50e6a T strcmp_compar
fff50e73 T hcreate_r
fff50ef4 T hdestroy_r
fff50f56 T hmatch_r
fff50fcf T hsearch_r
fff51419 T hdelete_r
fff514ec T hexport_r
fff5178e t cmpkey
fff5179b T himport_r
fff51aa4 t drop_var_from_set
fff51af0 T hwalk_r
fff51b2f t match_string
fff51ba9 T display_options_get_banner_priv
fff51c31 T display_options_get_banner
fff51c4a T display_options
fff51cbb T print_size
fff51dff T hexdump_line
fff51f42 T print_buffer
fff5200b W __div64_32
fff5212b T hang
fff5213a T kmalloc
fff5216e T strim
fff521b2 T lmb_dump_all
fff521b3 T arch_lmb_reserve_generic
fff52272 T lmb_reserve
fff52293 T lmb_init_and_reserve
fff52306 t lmb_reserve_common
fff523c5 T lmb_init_and_reserve_range
fff52418 T lmb_free
fff525a8 t lmb_remove_region
fff525e5 t lmb_add_region_flags
fff529ac T lmb_reserve_flags
fff529cf T lmb_alloc
fff529e8 T lmb_alloc_base
fff52a2f T __lmb_alloc_base
fff52c80 T lmb_alloc_addr
fff52d4f T lmb_get_free_size
fff52e29 W board_lmb_reserve
fff52e2a T slre_compile
fff52f48 t compile
fff5356b T slre_match
fff535dc t match
fff538fe t get_escape_char
fff53954 t quantifier
fff53a1b t relocate
fff53a6a t loop_greedy
fff53b14 t loop_non_greedy
fff53b7a T strncasecmp
fff53bd2 T strcasecmp
fff53bda T strcpy
fff53bea T strncpy
fff53c00 T strlcpy
fff53c32 T strlen
fff53c42 T strcat
fff53c5f T strncat
fff53c8b T strlcat
fff53cb9 T strnlen
fff53cd6 T strcmp
fff53cf4 T strncmp
fff53d18 T strchr
fff53d30 T strchrnul
fff53d42 T strrchr
fff53d62 T strdup
fff53d96 T strndup
fff53df5 T strsep
fff53e44 T memcmp
fff53e66 T strstr
fff53ec1 T memchr
fff53eda T table_compute_checksum
fff53eec T get_tbclk
fff53f19 T get_ticks
fff53f73 W timer_init
fff53f76 T usec_to_tick
fff53fe4 T udelay
fff5400a T print_hex_dump
fff54010 T uuid_str_valid
fff54061 T uuid_guid_get_bin
fff540a9 T uuid_guid_get_str
fff540db T uuid_str_to_bin
fff54209 T uuid_bin_to_str
fff542b5 T rand
fff542d5 t panic_finish
fff542fb T panic
fff54314 T vsnprintf
fff5432e t vsnprintf_internal
fff54ad3 T vscnprintf
fff54b01 T snprintf
fff54b28 T sprintf
fff54b4f T printf
fff54b67 T vprintf
fff54bb1 T simple_itoa
fff54bec t string16
fff54cb7 t string
fff54d2a t number
fff54fb7 t put_dec_trunc
fff550a6 t put_dec
fff551f8 T simple_strtoul
fff5527e T hextoul
fff55288 T dectoul
fff55292 T strict_strtoul
fff552f3 T simple_strtol
fff5530f T ustrtoul
fff55375 T ustrtoull
fff553e5 T simple_strtoull
fff55473 T trailing_strtoln_end
fff554d4 T trailing_strtoln
fff554db T trailing_strtol
fff554e4 T rtc_calc_weekday
fff55598 T arp_init
fff555bc T arp_raw_request
fff55658 T arp_request
fff556ac T arp_timeout_check
fff5571c T arp_is_waiting
fff55727 T arp_receive
fff558ee T bootp_reset
fff55917 T bootp_request
fff55bbf t bootp_timeout_handler
fff55c12 t bootp_handler
fff55f72 t eth_get_uclass_priv
fff55f98 T eth_set_current_to_next
fff55fc9 T eth_get_dev
fff5601a T eth_set_dev
fff56048 T eth_get_dev_by_name
fff56101 T eth_get_ethaddr
fff56122 T eth_halt_state_only
fff56143 T eth_get_dev_index
fff56160 t on_ethaddr
fff561c8 T eth_init
fff56298 T eth_halt
fff562d1 T eth_send
fff5631d T eth_rx
fff563b0 T eth_initialize
fff564f7 t eth_write_hwaddr
fff5657e t eth_post_bind
fff565be t eth_pre_unbind
fff565df t eth_post_probe
fff56783 t eth_pre_remove
fff567b2 T eth_env_get_enetaddr_by_index
fff567e6 T eth_env_set_enetaddr_by_index
fff5681a T eth_common_init
fff5681b T eth_mac_skip
fff56854 T eth_current_changed
fff568e3 T eth_get_name
fff56902 T eth_try_another
fff56963 T eth_set_current
fff569c6 T ndisc_request
fff56b50 T ndisc_timeout_check
fff56bc3 T ndisc_init
fff56c29 T process_ra
fff56cd2 T ndisc_receive
fff56f79 t on_ipaddr
fff56f9b t on_gatewayip
fff56fbd t on_netmask
fff56fdf t on_serverip
fff57001 t on_nvlan
fff5703a t on_vlan
fff57073 T net_auto_load
fff570c5 t net_check_prereq
fff57215 T net_init
fff57299 t net_init_loop
fff57307 T net_loop
fff575c1 T net_start_again
fff576c3 T net_set_timeout_handler
fff57706 t start_again_timeout_handler
fff57711 T net_set_udp_handler
fff57723 T net_get_udp_handler
fff57729 t dummy_handler
fff5772a T net_get_arp_handler
fff57730 T net_get_async_tx_pkt_buf
fff5774c T net_send_udp_packet
fff5776c T net_send_ip_packet
fff578bc T net_send_tcp_packet
fff578f1 T net_set_ether
fff57954 T net_set_udp_header
fff579b2 T net_set_ip_header
fff57a32 T net_process_received_packet
fff57c8c t receive_icmp
fff57cca T net_eth_hdr_size
fff57ce7 T net_update_ether
fff57d4a T copy_filename
fff57d8c T net_parse_bootfile
fff57e04 T ip_to_string
fff57e3c t on_ip6addr
fff57eb7 t on_gatewayip6
fff57ee4 t on_serverip6
fff57f11 T ip6_is_unspecified_addr
fff57f24 T ip6_is_our_addr
fff57f61 T ip6_make_eui
fff57f93 T ip6_make_lladdr
fff57fd3 T ip6_make_snma
fff58009 T ip6_make_mult_ethdstaddr
fff5801e T ip6_addr_in_subnet
fff58055 T csum_partial
fff580f7 T csum_ipv6_magic
fff5817e T ip6_add_hdr
fff581cb T udp6_add_hdr
fff58239 T net_send_ip_packet6
fff583c8 T net_send_udp_packet6
fff583e8 T net_send_tcp_packet6
fff5841c T net_ip6_handler
fff585e7 T ping_start
fff586ad t ping_timeout_handler
fff586c3 T ping_receive
fff587bd T ip6_make_ping
fff58881 T ping6_send
fff588f4 T ping6_start
fff58924 t ping6_timeout
fff5893a T ping6_receive
fff5898c T tftp_start
fff58e4c t tftp_timeout_handler
fff58ead t tftp_handler
fff5924a t tftp_send
fff59464 t update_block_number
fff5954a t tftp_complete
fff5961f T fastboot_udp_start_server
fff59679 t fastboot_timed_send_info
fff5978e t fastboot_handler
fff598c3 t fastboot_send
fff59b90 T fastboot_tcp_start_server
fff59bec t fastboot_tcp_reset_state
fff59c81 t fastboot_tcp_handler_ipv4
fff59c99 t fastboot_tcp_handler_ipv6
fff59cdd t fastboot_tcp_handler
fff5a060 t fastboot_tcp_reset
fff5a088 t fastboot_tcp_send_packet
fff5a0e2 t fastboot_tcp_answer
fff5a14f t fastboot_tcp_send_message
fff5a1ce T udp_prereq
fff5a1e1 T udp_start
fff5a1ed T tcp_set_tcp_state
fff5a201 T tcp_update_last_connection_data_frame_time
fff5a214 T tcp_set_tcp_handler
fff5a226 t dummy_handler
fff5a227 T tcp_set_pseudo_header
fff5a289 T net_set_ack_options
fff5a320 T tcp_sent_state_machine
fff5a38c T net_set_tcp_header_common
fff5a466 T net_set_tcp_header
fff5a4e3 T tcp_hole
fff5a5ff T tcp_parse_options
fff5a62c T tcp_state_machine
fff5a8cb T rxhand_tcp_f
fff5aa50 T net_set_tcp_handler6
fff5aa62 t dummy_handler
fff5aa63 T net_set_tcp_header6
fff5aaf0 T rxhand_tcp6
fff5ac33 T __udivdi3
fff5ac4b t _64bit_divide
fff5ad6b T __umoddi3
fff5ada0 d _u_boot_list_2_bootdev_hunter_2_qfw_bootdev_hunter
fff5adb0 d _u_boot_list_2_bootdev_hunter_2_virtio_bootdev_hunter
fff5adc0 d _u_boot_list_2_cmd_2_ab_select
fff5adc0 d complete_cmdv.start
fff5adc0 d complete_cmdv.start.17
fff5adc0 d do_help.start
fff5adc0 d do_help.start.6
fff5adc0 d find_cmd.start
fff5adc0 d find_cmd.start.2
fff5addc d _u_boot_list_2_cmd_2_avb
fff5adf8 d _u_boot_list_2_cmd_2_bcb
fff5ae14 d _u_boot_list_2_cmd_2_boot
fff5ae30 d _u_boot_list_2_cmd_2_boot_android
fff5ae4c d _u_boot_list_2_cmd_2_bootd
fff5ae68 d _u_boot_list_2_cmd_2_bootefi
fff5ae84 d _u_boot_list_2_cmd_2_bootm
fff5aea0 d _u_boot_list_2_cmd_2_bootmenu
fff5aebc d _u_boot_list_2_cmd_2_bootp
fff5aed8 d _u_boot_list_2_cmd_2_bootz
fff5aef4 d _u_boot_list_2_cmd_2_cls
fff5af10 d _u_boot_list_2_cmd_2_date
fff5af2c d _u_boot_list_2_cmd_2_dm
fff5af48 d _u_boot_list_2_cmd_2_echo
fff5af64 d _u_boot_list_2_cmd_2_eficonfig
fff5af80 d _u_boot_list_2_cmd_2_efidebug
fff5af9c d _u_boot_list_2_cmd_2_env
fff5afb8 d _u_boot_list_2_cmd_2_exit
fff5afd4 d _u_boot_list_2_cmd_2_false
fff5aff0 d _u_boot_list_2_cmd_2_fastboot
fff5b00c d _u_boot_list_2_cmd_2_fatinfo
fff5b028 d _u_boot_list_2_cmd_2_fatload
fff5b044 d _u_boot_list_2_cmd_2_fatls
fff5b060 d _u_boot_list_2_cmd_2_fatmkdir
fff5b07c d _u_boot_list_2_cmd_2_fatrm
fff5b098 d _u_boot_list_2_cmd_2_fatsize
fff5b0b4 d _u_boot_list_2_cmd_2_fatwrite
fff5b0d0 d _u_boot_list_2_cmd_2_fstype
fff5b0ec d _u_boot_list_2_cmd_2_fstypes
fff5b108 d _u_boot_list_2_cmd_2_gpt
fff5b124 d _u_boot_list_2_cmd_2_help
fff5b140 d _u_boot_list_2_cmd_2_itest
fff5b15c d _u_boot_list_2_cmd_2_lcdputs
fff5b178 d _u_boot_list_2_cmd_2_ln
fff5b194 d _u_boot_list_2_cmd_2_load
fff5b1b0 d _u_boot_list_2_cmd_2_ls
fff5b1cc d _u_boot_list_2_cmd_2_mtrr
fff5b1e8 d _u_boot_list_2_cmd_2_net
fff5b204 d _u_boot_list_2_cmd_2_panic
fff5b220 d _u_boot_list_2_cmd_2_part
fff5b23c d _u_boot_list_2_cmd_2_ping
fff5b258 d _u_boot_list_2_cmd_2_ping6
fff5b274 d _u_boot_list_2_cmd_2_printenv
fff5b290 d _u_boot_list_2_cmd_2_question_mark
fff5b2ac d _u_boot_list_2_cmd_2_read
fff5b2c8 d _u_boot_list_2_cmd_2_reset
fff5b2e4 d _u_boot_list_2_cmd_2_run
fff5b300 d _u_boot_list_2_cmd_2_save
fff5b31c d _u_boot_list_2_cmd_2_setcurs
fff5b338 d _u_boot_list_2_cmd_2_setenv
fff5b354 d _u_boot_list_2_cmd_2_setexpr
fff5b370 d _u_boot_list_2_cmd_2_showvar
fff5b38c d _u_boot_list_2_cmd_2_size
fff5b3a8 d _u_boot_list_2_cmd_2_sleep
fff5b3c4 d _u_boot_list_2_cmd_2_source
fff5b3e0 d _u_boot_list_2_cmd_2_test
fff5b3fc d _u_boot_list_2_cmd_2_tftpboot
fff5b418 d _u_boot_list_2_cmd_2_true
fff5b434 d _u_boot_list_2_cmd_2_verified_boot_android
fff5b450 d _u_boot_list_2_cmd_2_version
fff5b46c d _u_boot_list_2_cmd_2_virtio
fff5b488 d _u_boot_list_2_cmd_2_zboot
fff5b4a4 d complete_cmdv.end
fff5b4a4 d do_help.end
fff5b4a4 d find_cmd.end
fff5b4a8 d _u_boot_list_2_driver_2_blk_partition
fff5b4a8 d dm_dump_driver_compat.start
fff5b4a8 d dm_dump_driver_compat.start.3
fff5b4a8 d dm_dump_drivers.start
fff5b4a8 d dm_dump_drivers.start.11
fff5b4a8 d efi_driver_init.start
fff5b4a8 d lists_bind_fdt.start
fff5b4a8 d lists_bind_fdt.start.3
fff5b4a8 d lists_driver_lookup_name.start
fff5b4a8 d lists_driver_lookup_name.start.1
fff5b4ec d _u_boot_list_2_driver_2_bootmeth_qfw
fff5b530 d _u_boot_list_2_driver_2_cpu_bus
fff5b574 d _u_boot_list_2_driver_2_cpu_qemu_drv
fff5b5b8 d _u_boot_list_2_driver_2_cpu_x86_drv
fff5b5fc d _u_boot_list_2_driver_2_efi_blk
fff5b640 d _u_boot_list_2_driver_2_efi_block
fff5b684 d _u_boot_list_2_driver_2_generic_syscon
fff5b6c8 d _u_boot_list_2_driver_2_irq_router_drv
fff5b70c d _u_boot_list_2_driver_2_motorola_mc146818
fff5b750 d _u_boot_list_2_driver_2_ns16550_serial
fff5b794 d _u_boot_list_2_driver_2_pci_bridge_drv
fff5b7d8 d _u_boot_list_2_driver_2_pci_generic_drv
fff5b81c d _u_boot_list_2_driver_2_pci_x86
fff5b860 d _u_boot_list_2_driver_2_qfw_bootdev
fff5b8a4 d _u_boot_list_2_driver_2_qfw_pio
fff5b8e8 d _u_boot_list_2_driver_2_root_driver
fff5b92c d _u_boot_list_2_driver_2_sysinfo_smbios
fff5b970 d _u_boot_list_2_driver_2_vidconsole_normal
fff5b9b4 d _u_boot_list_2_driver_2_virtio_blk
fff5b9f8 d _u_boot_list_2_driver_2_virtio_bootdev
fff5ba3c d _u_boot_list_2_driver_2_virtio_console
fff5ba80 d _u_boot_list_2_driver_2_virtio_console_port
fff5bac4 d _u_boot_list_2_driver_2_virtio_net
fff5bb08 d _u_boot_list_2_driver_2_virtio_pci_modern
fff5bb4c d _u_boot_list_2_driver_2_x86_reset
fff5bb90 d _u_boot_list_2_driver_2_x86_tsc_timer
fff5bbd4 d dm_dump_driver_compat.end
fff5bbd4 d dm_dump_drivers.end
fff5bbd4 d efi_driver_init.end
fff5bbd4 d lists_bind_fdt.end
fff5bbd4 d lists_driver_lookup_name.end
fff5bbd8 d _u_boot_list_2_driver_info_2_x86_qfw_pio
fff5bbd8 d bind_drivers_pass.start
fff5bbd8 d bind_drivers_pass.start.16
fff5bbd8 d dm_dump_static_driver_info.start
fff5bbd8 d dm_dump_static_driver_info.start.19
fff5bbe0 d _u_boot_list_2_efi_unit_test_2_bitblt
fff5bbe0 d bind_drivers_pass.end
fff5bbe0 d dm_dump_static_driver_info.end
fff5bbe0 d efi_selftest.start
fff5bbe0 d efi_selftest.start.12
fff5bbe0 d efi_st_do_tests.start
fff5bbe0 d find_test.start
fff5bbe0 d list_all_tests.start
fff5bbe0 d need_reset.start
fff5bbf8 d _u_boot_list_2_efi_unit_test_2_blkdev
fff5bc10 d _u_boot_list_2_efi_unit_test_2_configtables
fff5bc28 d _u_boot_list_2_efi_unit_test_2_controllers
fff5bc40 d _u_boot_list_2_efi_unit_test_2_crc32
fff5bc58 d _u_boot_list_2_efi_unit_test_2_devicepath
fff5bc70 d _u_boot_list_2_efi_unit_test_2_dputil
fff5bc88 d _u_boot_list_2_efi_unit_test_2_eventgoups
fff5bca0 d _u_boot_list_2_efi_unit_test_2_events
fff5bcb8 d _u_boot_list_2_efi_unit_test_2_exception
fff5bcd0 d _u_boot_list_2_efi_unit_test_2_exitbootservices
fff5bce8 d _u_boot_list_2_efi_unit_test_2_fdt
fff5bd00 d _u_boot_list_2_efi_unit_test_2_gbl_ab
fff5bd18 d _u_boot_list_2_efi_unit_test_2_gbl_image_loading
fff5bd30 d _u_boot_list_2_efi_unit_test_2_gop
fff5bd48 d _u_boot_list_2_efi_unit_test_2_hii
fff5bd60 d _u_boot_list_2_efi_unit_test_2_load_file_protocol
fff5bd78 d _u_boot_list_2_efi_unit_test_2_loadedimage
fff5bd90 d _u_boot_list_2_efi_unit_test_2_loadimage
fff5bda8 d _u_boot_list_2_efi_unit_test_2_mem
fff5bdc0 d _u_boot_list_2_efi_unit_test_2_memory
fff5bdd8 d _u_boot_list_2_efi_unit_test_2_openprot
fff5bdf0 d _u_boot_list_2_efi_unit_test_2_protserv
fff5be08 d _u_boot_list_2_efi_unit_test_2_regprotnot
fff5be20 d _u_boot_list_2_efi_unit_test_2_reset
fff5be38 d _u_boot_list_2_efi_unit_test_2_resetrt
fff5be50 d _u_boot_list_2_efi_unit_test_2_rng
fff5be68 d _u_boot_list_2_efi_unit_test_2_rtc
fff5be80 d _u_boot_list_2_efi_unit_test_2_snp
fff5be98 d _u_boot_list_2_efi_unit_test_2_startimage
fff5beb0 d _u_boot_list_2_efi_unit_test_2_startimage_exit
fff5bec8 d _u_boot_list_2_efi_unit_test_2_textinput
fff5bee0 d _u_boot_list_2_efi_unit_test_2_textinputex
fff5bef8 d _u_boot_list_2_efi_unit_test_2_textoutput
fff5bf10 d _u_boot_list_2_efi_unit_test_2_tpl
fff5bf28 d _u_boot_list_2_efi_unit_test_2_unicoll
fff5bf40 d _u_boot_list_2_efi_unit_test_2_variables
fff5bf58 d _u_boot_list_2_efi_unit_test_2_variables_run
fff5bf70 d _u_boot_list_2_efi_unit_test_2_virtaddrmap
fff5bf88 d _u_boot_list_2_efi_unit_test_2_watchdog1
fff5bfa0 d _u_boot_list_2_efi_unit_test_2_watchdog2
fff5bfb8 d _u_boot_list_2_env_clbk_2_baudrate
fff5bfb8 d efi_selftest.end
fff5bfb8 d efi_selftest.end.13
fff5bfb8 d efi_st_do_tests.end
fff5bfb8 d find_env_callback.start
fff5bfb8 d find_env_callback.start.3
fff5bfb8 d find_test.end
fff5bfb8 d list_all_tests.end
fff5bfb8 d need_reset.end
fff5bfc0 d _u_boot_list_2_env_clbk_2_callbacks
fff5bfc8 d _u_boot_list_2_env_clbk_2_console
fff5bfd0 d _u_boot_list_2_env_clbk_2_ethaddr
fff5bfd8 d _u_boot_list_2_env_clbk_2_flags
fff5bfe0 d _u_boot_list_2_env_clbk_2_gatewayip
fff5bfe8 d _u_boot_list_2_env_clbk_2_gatewayip6
fff5bff0 d _u_boot_list_2_env_clbk_2_ip6addr
fff5bff8 d _u_boot_list_2_env_clbk_2_ipaddr
fff5c000 d _u_boot_list_2_env_clbk_2_loadaddr
fff5c008 d _u_boot_list_2_env_clbk_2_netmask
fff5c010 d _u_boot_list_2_env_clbk_2_nvlan
fff5c018 d _u_boot_list_2_env_clbk_2_serverip
fff5c020 d _u_boot_list_2_env_clbk_2_serverip6
fff5c028 d _u_boot_list_2_env_clbk_2_vlan
fff5c030 d _env_driver_lookup.start
fff5c030 d _env_driver_lookup.start.11
fff5c030 d _u_boot_list_2_env_driver_2_nowhere
fff5c030 d env_select.start
fff5c030 d env_select.start.8
fff5c030 d find_env_callback.end
fff5c048 d _env_driver_lookup.end
fff5c048 d _u_boot_list_2_evspy_info_2_EVT_LAST_STAGE_INIT_3_install_smbios_table
fff5c048 d env_select.end
fff5c048 d event_show_spy_list.start
fff5c048 d event_show_spy_list.start.6
fff5c048 d notify_static.start
fff5c048 d notify_static.start.13
fff5c050 d _u_boot_list_2_evspy_info_2_EVT_LAST_STAGE_INIT_3_last_stage_init
fff5c058 d _u_boot_list_2_log_driver_2_console
fff5c058 d event_show_spy_list.end
fff5c058 d fit_loadable_process.start
fff5c058 d fit_loadable_process.start.27
fff5c058 d log_init.start
fff5c058 d log_init.start.6
fff5c058 d notify_static.end
fff5c064 d log_init.end
fff5c068 d _u_boot_list_2_part_driver_2_a_efi
fff5c068 d do_part_types.start
fff5c068 d do_part_types.start.20
fff5c068 d part_driver_get_count.start
fff5c068 d part_driver_get_first.start
fff5c068 d part_driver_get_type.start
fff5c068 d part_driver_get_type.start.62
fff5c068 d part_driver_lookup_type.start
fff5c068 d part_driver_lookup_type.start.46
fff5c068 d part_get_type_by_name.start
fff5c068 d part_get_type_by_name.start.1
fff5c068 d part_init.start
fff5c068 d part_init.start.20
fff5c080 d _u_boot_list_2_part_driver_2_dos
fff5c098 d _u_boot_list_2_pci_driver_entry_2_virtio_pci_modern
fff5c098 d do_part_types.end
fff5c098 d part_driver_get_count.end
fff5c098 d part_driver_get_type.end
fff5c098 d part_driver_lookup_type.end
fff5c098 d part_get_type_by_name.end
fff5c098 d part_init.end
fff5c098 d pci_find_and_bind_driver.start
fff5c098 d pci_find_and_bind_driver.start.16
fff5c0a0 d _u_boot_list_2_uclass_driver_2_backlight
fff5c0a0 d lists_uclass_lookup.start
fff5c0a0 d lists_uclass_lookup.start.2
fff5c0a0 d pci_find_and_bind_driver.end
fff5c0e8 d _u_boot_list_2_uclass_driver_2_blk
fff5c130 d _u_boot_list_2_uclass_driver_2_cpu
fff5c178 d _u_boot_list_2_uclass_driver_2_efi
fff5c1c0 d _u_boot_list_2_uclass_driver_2_ethernet
fff5c208 d _u_boot_list_2_uclass_driver_2_irq
fff5c250 d _u_boot_list_2_uclass_driver_2_lpc
fff5c298 d _u_boot_list_2_uclass_driver_2_nop
fff5c2e0 d _u_boot_list_2_uclass_driver_2_northbridge
fff5c328 d _u_boot_list_2_uclass_driver_2_panel
fff5c370 d _u_boot_list_2_uclass_driver_2_partition
fff5c3b8 d _u_boot_list_2_uclass_driver_2_pch
fff5c400 d _u_boot_list_2_uclass_driver_2_pci
fff5c448 d _u_boot_list_2_uclass_driver_2_pci_generic
fff5c490 d _u_boot_list_2_uclass_driver_2_qfw
fff5c4d8 d _u_boot_list_2_uclass_driver_2_rng
fff5c520 d _u_boot_list_2_uclass_driver_2_root
fff5c568 d _u_boot_list_2_uclass_driver_2_rtc
fff5c5b0 d _u_boot_list_2_uclass_driver_2_serial
fff5c5f8 d _u_boot_list_2_uclass_driver_2_syscon
fff5c640 d _u_boot_list_2_uclass_driver_2_sysinfo
fff5c688 d _u_boot_list_2_uclass_driver_2_sysreset
fff5c6d0 d _u_boot_list_2_uclass_driver_2_timer
fff5c718 d _u_boot_list_2_uclass_driver_2_vidconsole
fff5c760 d _u_boot_list_2_uclass_driver_2_video
fff5c7a8 d _u_boot_list_2_uclass_driver_2_virtio
fff5c7f0 R __splash_u_boot_logo_begin
fff5c7f0 d lists_uclass_lookup.end
fff5e304 R __splash_u_boot_logo_end
fff5e318 r sha512_h0
fff5e358 r sha512_k
fff5e734 r acpi_guid
fff5e77c r avb_pubkey_size
fff5e7a0 r baudrate_table
fff5e7e4 r blk_part_ops
fff5e7f8 r block_io_disk_template
fff5e814 r block_io_protocol_guid
fff5e824 r boot_os
fff5e86c r bootloader_id
fff5e968 r color
fff5e9a8 r colours
fff5ea68 r commands
fff5eb2c r cpu_qemu_ids
fff5eb3c r cpu_qemu_ops
fff5eb50 r cpu_x86_ids
fff5eb60 r cpu_x86_ops
fff5ebdc r env_flags_varaccess_mask
fff5ec0c r .Lswitch.table.cli_ch_process
fff5ec4c r LZ4_decompress_generic.inc32table
fff5ec6c r LZ4_decompress_generic.dec64table
fff5ec8c r sha256_h0
fff5ed38 r driver_ops
fff5ed48 r e820_type_name
fff5ed70 r efi_blk_ops
fff5ed84 r efi_block_io_guid
fff5eee0 r efi_device_path_to_text
fff5eee8 r efi_device_path_utilities
fff5ef08 r efi_file_handle_protocol
fff5ef48 r efi_file_info_guid
fff5ef58 r efi_file_system_info_guid
fff5ef68 r efi_gbl_ab_boot_guid
fff5ef78 r efi_gbl_image_loading_protocol_guid
fff5ef88 r efi_global_variable_guid
fff5ef98 r efi_gop_guid
fff5efa8 r efi_guid_bootmenu_auto_generated
fff5efb8 r efi_guid_device_path
fff5efc8 r efi_guid_device_path_to_text_protocol
fff5efd8 r efi_guid_device_path_utilities_protocol
fff5efe8 r efi_guid_driver_binding_protocol
fff5eff8 r efi_guid_dt_fixup_protocol
fff5f008 r efi_guid_event_group_before_exit_boot_services
fff5f018 r efi_guid_event_group_exit_boot_services
fff5f028 r efi_guid_event_group_memory_map_change
fff5f038 r efi_guid_event_group_reset_system
fff5f048 r efi_guid_fdt
fff5f058 r efi_guid_hii_database_protocol
fff5f068 r efi_guid_hii_string_protocol
fff5f078 r efi_guid_image_security_database
fff5f088 r efi_guid_load_file2_protocol
fff5f098 r efi_guid_load_file_protocol
fff5f0a8 r efi_guid_loaded_image
fff5f0b8 r efi_guid_loaded_image_device_path
fff5f0c8 r efi_guid_rng_protocol
fff5f0d8 r efi_guid_text_input_ex_protocol
fff5f0e8 r efi_guid_text_input_protocol
fff5f0f8 r efi_guid_text_output_protocol
fff5f108 r efi_guid_unicode_collation_protocol2
fff5f118 r efi_hii_database
fff5f144 r efi_hii_string
fff5f158 r efi_lf2_initrd_guid
fff5f168 r efi_lf2_protocol
fff5f198 r efi_mem_attrs
fff5f240 r efi_mem_type_string
fff5f27c r efi_net_guid
fff5f28c r efi_net_guid
fff5f29c r efi_pxe_base_code_protocol_guid
fff5f2ac r efi_rng_protocol
fff5f2b4 r efi_rt_properties_table_guid
fff5f2c4 r efi_simple_file_system_protocol_guid
fff5f2d4 r efi_st_control_characters
fff5f304 r efi_st_guid_device_path
fff5f314 r efi_st_guid_load_file2_protocol
fff5f324 r efi_st_guid_load_file_protocol
fff5f358 r efi_st_scan_codes
fff5f4d0 r efi_system_partition_guid
fff5f4e0 r efi_system_volume_label_id
fff5f4f0 r efi_u_boot_guid
fff5f500 r efi_unicode_collation_protocol2
fff5f564 r exceptions
fff5f5e4 r fastboot_boot.bootm_args
fff5f600 r fastboot_set_reboot_flag.commands
fff5f610 r fastboot_set_reboot_flag.recovery
fff5f630 r fdt_errtable
fff5f680 r fdt_guid
fff5f690 r fdt_guid
fff5f6c4 r fdt_src_name
fff5f6d8 r feature
fff5f6dc r feature
fff5f6e0 r feature_legacy
fff5f6e4 r features
fff5f6e8 r fields
fff5f6f8 r freq_desc_tables
fff5f810 r fstypes
fff5f898 r generic_syscon_ids
fff5f904 r getvar_dispatch
fff5f974 r guid_device_path
fff5f984 r guid_device_path
fff5f994 r guid_driver_binding_protocol
fff5f9a4 r guid_file_info
fff5f9b4 r guid_file_system_info
fff5f9c4 r guid_file_system_info
fff5f9d4 r guid_simple_file_system_protocol
fff5f9e4 r guid_simple_file_system_protocol
fff5f9f4 r guid_vendor0
fff5fa04 r guid_vendor0
fff5fa14 r guid_vendor1
fff5fa24 r hii_database_protocol_guid
fff5fa34 r hii_string_protocol_guid
fff5fa44 r img
fff5fcb8 r img
fff600b4 r img
fff604b0 r img
fff608ac r img
fff60ae8 r img
fff60ce0 r init_sequence_f
fff60db0 r init_sequence_f_r
fff60db8 r irq_router_ids
fff60dc8 r list_guid
fff611e8 r log_cat_name
fff61228 r log_level_name
fff61250 r maintenance_menu_items
fff612d4 r month_offset
fff61304 r mtrr_type_name
fff61320 r name_type
fff61404 r ns16550_serial_ids
fff61434 r ns16550_serial_ops
fff61458 r op_adv
fff61558 r op_table
fff615d8 r partition_basic_data_guid
fff615e8 r pci_bridge_ids
fff615f8 r pci_bridge_ops
fff61600 r pci_generic_ids
fff61610 r pci_x86_ids
fff61620 r pci_x86_ops
fff61628 r qfw_bootdev_ids
fff61638 r qfw_bootmeth_ids
fff61648 r reserved_list
fff616cc r rtc_mc146818_ids
fff616dc r rtc_mc146818_ops
fff61708 r sha256_k
fff61808 r shim_lock_guid
fff61818 r smbios_guid
fff61828 r smbios_write_funcs
fff61860 r sysinfo_smbios_ids
fff61870 r sysinfo_smbios_ops
fff61884 r system_guid
fff618b4 r text_input_ex_protocol_guid
fff618e4 r tsc_timer_ids
fff618f4 r tsc_timer_ops
fff618f8 r uclass_idname_str
fff61968 r uimage_comp
fff619c8 r uimage_os
fff61a64 r uimage_type
fff61c80 r unicode_collation_protocol_guid
fff61d28 r virtio_blk_ops
fff61d3c r virtio_bootdev_ids
fff61d68 r virtio_console_port_serial_ops
fff61d8c r virtio_drv_name
fff61da0 r virtio_net_ops
fff61df0 r virtio_pci_ops
fff61e94 r weekdays
fff61ec0 r x86_sysreset_ids
fff61ed0 r x86_vendor_name
fff61efc r x86_vendors
fff61fa0 r END
fff61fa4 r capitalization_table
fff62e74 r codepage_437
fff62f74 r distfix
fff62ff4 r dp_lf2_handle
fff6300c r inflate.order
fff63032 r inflate_table.dbase
fff63072 r inflate_table.dext
fff630b2 r inflate_table.lbase
fff630f0 r inflate_table.lext
fff6312e r lenfix
fff64b6f r BROADCAST_MAC
fff64b75 r LONG_ONLY_CHARS
fff64b7c r _ctype
fff64c7c r android_bootloader_boot_flow.km_name
fff64c8d r avb_pubkey
fff65096 r bootefi_help_text
fff6527e r bootm_help_text
fff6560c r bootz_help_text
fff65814 r number.digits
fff65828 r default_environment
fff659ef r dm_help_text
fff65b71 r efidebug_help_text
fff65f14 r env_flags_varaccess_rep
fff65f19 r env_flags_vartype_rep
fff65f20 r env_help_text
fff660ee r erase_seq
fff660f2 r extract_keymint_relevant_data.boot_patchlevel_key
fff66118 r extract_keymint_relevant_data.system_patchlevel_key
fff66140 r extract_keymint_relevant_data.system_version_key
fff66164 r extract_keymint_relevant_data.vendor_patchlevel_key
fff6618c r hex_asc
fff6619d r illegal
fff661ae r net_bcast_ethaddr
fff661b4 r net_null_addr_ip6
fff661c4 r net_null_ethaddr
fff661ca r padding_RSA2048_SHA256
fff662aa r padding_RSA2048_SHA512
fff6636a r padding_RSA4096_SHA256
fff6654a r padding_RSA4096_SHA512
fff6670a r padding_RSA8192_SHA256
fff66aea r padding_RSA8192_SHA512
fff66eaa r print_size.names
fff66eb0 r sep
fff66ec1 r source_help_text
fff66ee9 r spc
fff6fc1e r .L.str.8
fff6fc7a r .L.str.17
fff6fc7f r .L.str.18
fff7bc93 r tab_seq
fff7bc9c r version_string
fff7bcf0 D gdt64
fff7bcf0 d gdt
fff7bd20 d gdt_end
fff7bd20 d load_flags
fff7bd40 d xload_flags
fff7bd68 d zboot_subcmds
fff7be10 d qfw_bootmeth_ops
fff7be28 d image_load_addr
fff7be2c d cmd_bootm_sub
fff7bf28 d partition
fff7bf2c d cmd_bcb_sub
fff7bfd4 d default_tm
fff7bff8 d dm_subcmds
fff7c0a0 d cmd_efidebug_sub
fff7c180 d cmd_efidebug_boot_sub
fff7c20c d cmd_efidebug_test_sub
fff7c228 d eficonfig_menu_desc
fff7c22c d select_file_menu_items
fff7c250 d cmd_net
fff7c288 d fastboot_help_text
fff7c344 d cmd_avb
fff7c440 d env_id
fff7c444 d cmd_env_sub
fff7c508 d init_sequence_r
fff7c590 d hist_cur
fff7c594 d av_
fff7c99c d trim_threshold
fff7c9a0 d sbrk_base
fff7c9a4 d _stats
fff7c9b8 d block_cache
fff7c9c0 d root_info
fff7c9c8 d x86_sysreset_ops
fff7c9d4 d virtio_pci_supported
fff7d0f0 d console_ops
fff7d124 d fonts
fff7d154 d video_fontdata_8x16
fff7e154 d qfw_bootdev_ops
fff7e158 d qfw_pio_ops
fff7e160 d env_htab
fff7e170 d efi_gbl_image_loading_proto
fff7e180 d image_buffers
fff7e230 d efi_gbl_slot_proto
fff7e25c d efi_obj_list
fff7e264 d entry_count
fff7e268 d efi_register_notify_events
fff7e270 d efi_boot_services
fff7e338 d efi_event_queue
fff7e340 d efi_tpl
fff7e344 d efi_cout_modes
fff7e368 d efi_con_mode
fff7e380 d efi_con_out
fff7e3a8 d efi_con_in
fff7e3b4 d efi_con_in_ex
fff7e3cc d cin_notify_functions
fff7e3d4 d efi_dt_fixup_prot
fff7e3e0 d efi_package_lists
fff7e3e8 d efi_keyboard_layout_list
fff7e3f0 d efi_mem
fff7e3f8 d efi_obj_list_initialized
fff7e3fc d efi_system_partition
fff7e408 d reset_message
fff7e430 d efi_gop_guid
fff7e440 d table_guid
fff7e450 d guid_controller
fff7e460 d interface1
fff7e464 d binding_interface
fff7e47c d guid_child_controller
fff7e48c d interface2
fff7e490 d guid_device_path_utilities_protocol
fff7e4a0 d event_group
fff7e4b0 d dp
fff7e4c8 d context_before
fff7e4d0 d context
fff7e4d8 d guid_before_exit_boot_services
fff7e4e8 d efi_gop_guid
fff7e4f8 d dp_lf_file
fff7e534 d dp_lf_file_remainder
fff7e538 d dp_lf2_file
fff7e574 d dp_lf2_file_remainder
fff7e578 d dp_lf_prot
fff7e590 d lf_prot
fff7e594 d dp_lf2_prot
fff7e5ac d lf2_prot
fff7e5b0 d loaded_image_protocol_guid
fff7e5c0 d priv_file_info
fff7e630 d file_info
fff7e634 d file_system
fff7e640 d volume
fff7e680 d file
fff7e6c0 d priv_file_system_info
fff7e700 d dp_volume
fff7e718 d dp_file
fff7e754 d guid3
fff7e764 d guid1
fff7e774 d guid2
fff7e784 d guid1
fff7e794 d guid1
fff7e7a4 d guid2
fff7e7b4 d efi_st_ch
fff7e7bc d efi_st_unknown
fff7e7cc d guid_device_path_to_text_protocol
fff7e7dc d guid_vendor1
fff7e7ec d guid_vendor2
fff7e7fc d guid_vendor3
fff7e80c d guid_device_path
fff7e81c d guid_protocol
fff7e82c d multi_part_dp
fff7e847 d packagelist1
fff7e981 d packagelist2
fff7ea70 d kb_layout_guid11
fff7ea80 d package_guid
fff7ea90 d efi_rng_guid
fff7eaa0 d block_io
fff7eabc d guid_vendor
fff7eacc d algorithm_data
fff7eb20 d y
fff7eb24 d net_our_vlan
fff7eb26 d net_native_vlan
fff7eb28 d tftp_timeout_count_max
fff7eb2c d tftp_block_size_option
fff7eb2e d tftp_window_size_option
fff7eb30 d timeout_ms
fff7eb34 d timeout_count_max
fff7eb38 d tftp_block_size
fff7eb3a d sequence_number
fff7eb3c d fastboot_send.cmd
fff7eb50 d _GLOBAL_OFFSET_TABLE_
fff7eb50 d __efi_runtime_rel_start
fff7ecb0 A __data_end
fff7ecb0 A __init_end
fff7ecb0 d __efi_runtime_rel_stop
fff7ecc0 A __rel_dyn_start
fff7ecc0 B __bss_start
fff7ecc0 b i440fx
fff7ecd0 b idt
fff7f4d0 b idt_ptr
fff7f4d8 b irq_handlers
fff7f598 b spurious_irq_cnt
fff7f59c b state
fff7f5b8 b images
fff7f90c b get_console.console
fff7f910 b block
fff7f914 b partition_data
fff7f9c0 b bcb
fff801c0 b image_addr
fff801c4 b image_size
fff801c8 b bootefi_device_path
fff801cc b bootefi_image_path
fff801d0 b avail_row
fff801d4 b eficonfig_init.init
fff801d8 b cin
fff801dc b cout
fff801e0 b virtio_curr_dev
fff801e4 b avb_ops
fff801e8 b top_vars
fff801ec b last_return_code
fff801f0 b get_dollar_var.buf
fff80218 b flag_repeat
fff8021c b ifs
fff80220 b map
fff80320 b do_repeat
fff80321 b get_user_input.the_command
fff80524 b stored_bootdelay
fff80528 b monitor_flash_len
fff8052c b hist_num
fff80530 b hist_max
fff80534 b hist_add_idx
fff80538 b hist_list
fff80588 b console_buffer
fff8078c b cli_readline_into_buffer.initted
fff8078d b hist_lines
fff82fa4 b ctrlc_disabled
fff82fa8 b ctrlc_was_pressed
fff82fac b console_devices
fff82fb8 b cd_count
fff82fc4 b tstcdev
fff82fc8 b mem_malloc_start
fff82fcc b mem_malloc_end
fff82fd0 b mem_malloc_brk
fff82fd4 b top_pad
fff82fd8 b current_mallinfo.0
fff82fdc b max_sbrked_mem
fff82fe0 b max_total_mem
fff82fe4 b stdio_devices
fff82ff0 b devs
fff83040 b env_complete_buf
fff83240 b tmp_buf
fff83441 b print_efiname.name
fff83466 b mode_info
fff8356c b virtio_bootdev_ops
fff83570 b virtio_pci_bind.num_devs
fff83574 b fastboot_progress_callback
fff83578 b fastboot_boot.boot_addr_start
fff8358c b fastboot_buf_addr
fff83590 b fastboot_buf_size
fff83594 b fastboot_bytes_expected
fff83598 b fastboot_bytes_received
fff8359c b image_size
fff835a0 b first_call
fff835a4 b flags_list
fff835a8 b first_call
fff835ac b callback_list
fff835b0 b fs_type
fff835b4 b fs_dev_desc
fff835b8 b fs_partition
fff8365c b fs_dev_part
fff83660 b cur_dev
fff83668 b cur_part_info
fff8370c b total_sector
fff83710 b get_set_cluster.tmpbuf_cluster
fff83740 b android_metadata
fff83760 b block_device
fff83768 b ab_partition
fff8380c b buffer
fff83810 b data_loaded
fff83811 b command
fff83831 b dirty
fff83834 b bs
fff83838 b rs
fff8383c b timers_enabled
fff83840 b current_image
fff83844 b efi_st_keep_devices
fff83848 b efi_get_next_monotonic_count.mono
fff83850 b uart_obj
fff83868 b console_timer_event
fff8386c b key_available
fff83870 b next_key
fff8387c b efi_memory_map_key
fff83880 b efi_root
fff83884 b watchdog_timer_event
fff83888 b dhcp_ack
fff8388c b netobj
fff83890 b transmit_buffer
fff83894 b receive_buffer
fff83898 b receive_lengths
fff8389c b wait_for_packet
fff838a0 b network_timer_event
fff838a4 b rx_packet_num
fff838a8 b new_tx_packet
fff838ac b rx_packet_idx
fff838b0 b efi_initrd_handle
fff838b4 b st_boottime
fff838b8 b handle
fff838bc b setup_status
fff838c0 b st_systable
fff838c4 b runtime
fff838c8 b boottime
fff838cc b pos
fff838d8 b event
fff838dc b gop
fff838e0 b bitmap
fff838e4 b sys_table
fff838e8 b boottime
fff838ec b boottime
fff838f0 b handle_controller
fff838f4 b handle_driver
fff838f8 b handle_child_controller
fff83908 b allow_removal
fff8390c b con_out
fff83910 b con_in
fff83914 b st
fff83918 b bs_crc32
fff8391c b dpu
fff83920 b boottime
fff83924 b boottime
fff83928 b timer_ticks
fff8392c b efi_st_event_notify
fff83930 b event_wait
fff83934 b boottime
fff83938 b image_handle
fff8393c b boottime
fff83940 b image
fff83944 b record
fff83958 b boottime
fff8395c b efi_st_event_notify
fff83960 b boottime
fff83964 b gop
fff83968 b image_handle
fff8396c b boottime
fff83970 b image
fff83974 b handle_lf
fff83978 b handle_lf2
fff8397c b load_file_call_count
fff83980 b load_file2_call_count
fff83984 b image_handle
fff83988 b boottime
fff8398c b priv.0
fff83990 b priv.1
fff83998 b priv.3
fff839a0 b boottime
fff839a4 b image
fff839a8 b handle_image
fff839ac b handle_volume
fff839b0 b handle1
fff839b4 b handle2
fff839b8 b boottime
fff839bc b interface3
fff839c0 b interface1
fff839c4 b interface4
fff839c8 b interface2
fff839cc b boottime
fff839d0 b boottime
fff839d8 b fdt_addr
fff839e0 b boottime
fff839e4 b handle1
fff839e8 b interface1
fff839ec b boottime
fff839f0 b context
fff83a04 b event
fff83a08 b runtime
fff83a0c b boottime
fff83a10 b runtime
fff83a14 b event
fff83a18 b map_size
fff83a1c b desc_size
fff83a20 b desc_version
fff83a24 b memory_map
fff83a28 b page1
fff83a30 b page2
fff83a38 b notify_call_count
fff83a3c b convert_pointer_failed
fff83a40 b image_handle
fff83a44 b boottime
fff83a48 b image
fff83a4c b image_handle
fff83a50 b boottime
fff83a54 b image
fff83a58 b boottime
fff83a5c b boottime
fff83a60 b con_in_ex
fff83a64 b efi_key_notify_handle
fff83a68 b efi_running
fff83a6c b boottime
fff83a70 b notification_count
fff83a74 b efi_st_event_notify
fff83a78 b efi_st_event_wait
fff83a7c b boottime
fff83a80 b runtime
fff83a84 b runtime
fff83a88 b watchdog_reset
fff83a8c b boottime
fff83a90 b notification_context
fff83a98 b efi_st_event_notify
fff83a9c b efi_st_event_wait
fff83aa0 b boot_services
fff83aa4 b protocol
fff83aa8 b boottime
fff83aac b timer
fff83ab0 b net
fff83ab4 b net_ip_id
fff83ab8 b interface
fff83abc b device_path_to_text
fff83ac0 b boottime
fff83ac4 b dp1
fff83ac8 b dp2
fff83acc b dp3
fff83ad0 b handle1
fff83ad4 b handle2
fff83ad8 b handle3
fff83adc b boottime
fff83ae0 b unicode_collation_protocol
fff83ae4 b boottime
fff83ae8 b hii_database_protocol
fff83aec b hii_string_protocol
fff83af0 b boottime
fff83af4 b runtime
fff83af8 b systemtab
fff83afc b boottime
fff83b00 b fdt
fff83b04 b boottime
fff83b08 b image
fff83b0c b disk_handle
fff83b10 b dp
fff83b14 b media
fff83b44 b protocol
fff83b48 b boot_services
fff83b4c b binman
fff83b50 b errno
fff83b54 b local_toa
fff83b6c b arp_wait_packet_ethaddr
fff83b70 b net_arp_wait_packet_ip
fff83b74 b net_arp_wait_reply_ip.0
fff83b78 b arp_wait_tx_packet_size
fff83b7c b arp_tx_packet_buf
fff841bc b arp_tx_packet
fff841c0 b arp_wait_timer_start
fff841c4 b arp_wait_try
fff841c8 b net_nis_domain
fff841e8 b net_hostname
fff84208 b net_root_path
fff84248 b bootp_num_ids
fff8424c b bootp_try
fff84250 b bootp_start
fff84254 b bootp_timeout
fff84258 b time_taken_max
fff8425c b bootp_ids
fff8426c b eth_errno
fff84270 b eth_try_another.first_failed
fff84274 b eth_set_current.act
fff84278 b eth_set_current.env_changed_id
fff8427c b net_nd_sol_packet_ip6
fff8428c b net_nd_timer_start
fff84290 b net_nd_try
fff84294 b net_nd_packet_mac_out
fff84298 b net_nd_tx_packet
fff8429c b net_nd_tx_packet_size
fff842a0 b net_nd_packet_buf
fff848e0 b net_nd_rep_packet_ip6
fff848f0 b push_packet
fff848f4 b net_init.first_call
fff848f5 b net_pkt_buf
fff86738 b net_tx_packet
fff8673c b net_rx_packets
fff8674c b net_state
fff86750 b net_restarted
fff86754 b net_dev_exists
fff86758 b net_try_count
fff8675c b net_boot_file_size
fff86760 b net_ip
fff86764 b time_start
fff86768 b time_handler
fff8676c b time_delta
fff86770 b net_restart_wrap
fff86774 b udp_packet_handler
fff86778 b arp_packet_handler
fff8677c b net_server_ethaddr
fff86784 b net_server_ip
fff86788 b net_rx_packet
fff8678c b net_rx_packet_len
fff86790 b net_ethaddr
fff86798 b net_ip_id
fff8679c b net_boot_file_name
fff86b9c b net_netmask
fff86ba0 b net_gateway
fff86ba4 b net_dns_server
fff86ba8 b net_boot_file_name_explicit
fff86bac b net_boot_file_expected_size_in_blocks
fff86bb0 b net_gateway6
fff86bc0 b net_ip6
fff86bd0 b net_link_local_ip6
fff86be0 b net_server_ip6
fff86bf0 b net_prefix_length
fff86bf4 b use_ip6
fff86bf8 b net_ping_ip
fff86bfc b ping_seq_number
fff86bfe b seq_no
fff86c00 b net_ping_ip6
fff86c10 b saved_tftp_block_size_option
fff86c14 b tftp_remote_ip6
fff86c24 b tftp_remote_ip
fff86c28 b tftp_filename
fff86ca8 b default_filename
fff86cb8 b tftp_load_addr
fff86cbc b tftp_state
fff86cc0 b time_start
fff86cc4 b tftp_remote_port
fff86cc8 b timeout_count
fff86ccc b tftp_our_port
fff86cd0 b tftp_cur_block
fff86cd4 b tftp_windowsize
fff86cd6 b tftp_last_nack
fff86cd8 b tftp_tsize
fff86cdc b tftp_tsize_num_hash
fff86ce0 b tftp_load_size
fff86ce4 b tftp_next_ack
fff86ce8 b tftp_prev_block
fff86cec b tftp_block_wrap
fff86cf0 b tftp_block_wrap_offset
fff86cf4 b fastboot_our_port
fff86cf8 b fastboot_timed_send_info.start
fff86cfc b last_packet_len
fff86d00 b last_packet
fff87100 b fastboot_remote_ip.0
fff87104 b fastboot_remote_port
fff87108 b fastboot_send.command
fff87149 b fastboot_send.pending_command
fff8714c b state
fff87150 b command
fff87191 b response
fff871d8 b curr_header_buffer
fff871e0 b curr_sport
fff871e2 b curr_dport
fff871e4 b curr_tcp_seq_num
fff871e8 b curr_tcp_ack_num
fff871ec b curr_request_len
fff871f0 b curr_chunk_size
fff871f8 b curr_chunk_downloaded
fff87200 b curr_header_downloaded
fff87208 b command_handled_id
fff8720c b command_handled_success
fff8720d b is_ipv6
fff87210 b ip_header_size
fff87214 b udp_ops
fff87218 b current_tcp_state
fff8721c b tcp_last_connection_data_frame
fff87220 b tcp_packet_handler
fff87224 b loc_timestamp
fff87228 b rmt_timestamp
fff8722c b tcp_lost
fff87250 b tcp_activity_count
fff87254 b tcp_ack_edge
fff87258 b prev_len
fff8725c b sack_idx
fff87260 b edge_a
fff873e0 b tcp6_packet_handler
fff873e4 B __bss_end
fff96ed0 A __rel_dyn_end
fff96ed0 A _end
