0000f800 T start16
0000f831 t ff
0000f83a t code32start
0000f840 t idt_ptr
0000f846 t gdt_ptr
0000f850 T gdt_rom
0000fff0 t reset_vector
fff00000 A __text_start
fff00000 T _x86boot_start
fff0001c T _start
fff0003f T car_init_ret
fff00076 T board_init_f_r_trampoline
fff00082 t die
fff00088 W car_uninit
fff00089 t blank_idt_ptr
fff00090 t multiboot_header
fff000b0 T efi_reset_system
fff000b0 d __efi_runtime_start
fff000cf T efi_memcpy_runtime
fff000e5 T efi_update_table_header_crc32
fff00107 W efi_get_time
fff0010d W efi_set_time
fff00113 T efi_convert_pointer
fff001c0 t efi_unimplemented
fff001c6 t efi_update_capsule_unsupported
fff001cc t efi_query_capsule_caps_unsupported
fff001d2 t efi_set_virtual_address_map_runtime
fff001d8 t efi_convert_pointer_runtime
fff001de T efi_runtime_detach
fff00224 T efi_runtime_relocate
fff0032a T efi_get_variable_runtime
fff0035d T efi_get_next_variable_name_runtime
fff0036e T efi_var_mem_find
fff00444 t efi_var_mem_compare
fff004b0 T efi_var_mem_del
fff0051f T efi_var_mem_ins
fff00617 T efi_var_mem_free
fff00628 t efi_var_mem_notify_virtual_address_map
fff0064a T efi_get_variable_mem
fff006d3 T efi_get_next_variable_name_mem
fff0077c T efi_get_variable_int
fff00781 T efi_get_next_variable_name_int
fff00786 t efi_set_variable_runtime
fff0078c t efi_query_variable_info_runtime
fff00792 T u16_strnlen
fff007ac T crc32_no_comp
fff0086f T crc32
fff00880 t crc_table
fff00c80 t efi_events
fff00c88 t systab
fff00cd0 t firmware_vendor
fff00ce8 t efi_runtime_mmio
fff00cf0 t efi_runtime_services
fff00d40 t efi_virtmap
fff00d44 t efi_descriptor_count
fff00d48 t efi_descriptor_size
fff00d4c t efi_runtime_relocate.lastoff
fff00d50 t efi_var_buf
fff00d54 t efi_current_var
fff00d58 d __efi_runtime_stop
fff00d60 T x86_init_cache
fff00d60 W init_cache
fff00d6e T flush_cache
fff00d71 T flush_dcache_range
fff00d72 T invalidate_dcache_range
fff00d73 T cpu_vendor_name
fff00d8a T cpu_get_name
fff00dd4 W board_final_init
fff00dd5 W board_final_cleanup
fff00dd6 T last_stage_init
fff00e04 T cpu_init_r
fff00e69 T reserve_arch
fff00e8b T cpu_x86_bind
fff00ee4 T cpu_x86_get_vendor
fff00f1f T cpu_x86_get_desc
fff00f4c T cpu_x86_get_count
fff00fd7 T car_init
fff00fe8 T qemu_get_low_memory_size
fff01008 T qemu_get_high_memory_size
fff0102c T dram_init
fff0107b T dram_init_banksize
fff010f3 T board_get_usable_ram_top
fff01115 T arch_cpu_init
fff0111e T checkcpu
fff01121 T arch_early_init_r
fff0126b T arch_misc_init
fff01292 T cpu_qemu_get_desc
fff012ac t cpu_qemu_get_count
fff012c9 T install_e820_map
fff013ca T lapic_setup
fff0143c T pirq_check_irq_routed
fff014e4 T pirq_translate_link
fff01524 T pirq_assign_irq
fff015c1 T irq_router_probe
fff0199e T mtrr_open
fff019e6 T mtrr_close
fff01a20 T mtrr_read_all
fff01a6a T mtrr_get_var_count
fff01a75 T mtrr_write_all
fff01add T mtrr_commit
fff01bb5 t h_comp_mtrr
fff01be2 T mtrr_set_next_var
fff01c7a T mtrr_set_valid
fff01c98 t mtrr_start_op
fff01d13 T mtrr_set
fff01d4e T pci_x86_read_config
fff01dad T pci_x86_write_config
fff01e0a T pci_assign_irqs
fff01e90 T cpu_call64
fff01ee1 t code64
fff01ee1 t lret_target
fff01ee6 T call64_stub_size
fff01eea T arch_setup_gd
fff01fc6 t setup_identity
fff020db T x86_cpu_init_f
fff021ac T x86_enable_caches
fff021ac W enable_caches
fff021ba T x86_disable_caches
fff021ba W disable_caches
fff021ca T dcache_status
fff021d7 T cpu_has_64bit
fff0221d T cpu_jump_to_64bit
fff02262 t build_pagetable
fff022b7 T irq_common_entry
fff022e6 T irq_0
fff022ed T irq_1
fff022f4 T irq_2
fff022fb T irq_3
fff02302 T irq_4
fff02309 T irq_5
fff02310 T irq_6
fff02317 T irq_7
fff0231e T irq_8
fff02325 T irq_9
fff0232c T irq_10
fff02333 T irq_11
fff0233a T irq_12
fff02341 T irq_13
fff02348 T irq_14
fff0234f T irq_15
fff02356 T irq_16
fff0235d T irq_17
fff02364 T irq_18
fff0236b T irq_19
fff02372 T irq_20
fff02379 T irq_21
fff02380 T irq_22
fff02387 T irq_23
fff0238e T irq_24
fff02395 T irq_25
fff0239c T irq_26
fff023a3 T irq_27
fff023aa T irq_28
fff023b1 T irq_29
fff023b8 T irq_30
fff023bf T irq_31
fff023c6 T irq_32
fff023cd T irq_33
fff023d4 T irq_34
fff023db T irq_35
fff023e2 T irq_36
fff023e9 T irq_37
fff023f0 T irq_38
fff023f7 T irq_39
fff023fe T irq_40
fff02405 T irq_41
fff0240c T irq_42
fff02413 T irq_43
fff0241a T irq_44
fff02421 T irq_45
fff02428 T irq_46
fff0242f T irq_47
fff02436 T irq_48
fff0243d T irq_49
fff02444 T irq_50
fff0244b T irq_51
fff02452 T irq_52
fff02459 T irq_53
fff02460 T irq_54
fff02467 T irq_55
fff0246e T irq_56
fff02475 T irq_57
fff0247c T irq_58
fff02483 T irq_59
fff0248a T irq_60
fff02491 T irq_61
fff02498 T irq_62
fff0249f T irq_63
fff024a6 T irq_64
fff024ad T irq_65
fff024b4 T irq_66
fff024bb T irq_67
fff024c2 T irq_68
fff024c9 T irq_69
fff024d0 T irq_70
fff024d7 T irq_71
fff024de T irq_72
fff024e5 T irq_73
fff024ec T irq_74
fff024f3 T irq_75
fff024fa T irq_76
fff02501 T irq_77
fff02508 T irq_78
fff0250f T irq_79
fff02516 T irq_80
fff0251d T irq_81
fff02524 T irq_82
fff0252b T irq_83
fff02532 T irq_84
fff02539 T irq_85
fff02540 T irq_86
fff02547 T irq_87
fff0254e T irq_88
fff02555 T irq_89
fff0255c T irq_90
fff02563 T irq_91
fff0256a T irq_92
fff02571 T irq_93
fff02578 T irq_94
fff0257f T irq_95
fff02586 T irq_97
fff0258d T irq_96
fff02594 T irq_98
fff0259b T irq_99
fff025a2 T irq_100
fff025a9 T irq_101
fff025b0 T irq_102
fff025b7 T irq_103
fff025be T irq_104
fff025c5 T irq_105
fff025cc T irq_106
fff025d3 T irq_107
fff025da T irq_108
fff025e1 T irq_109
fff025e8 T irq_110
fff025ef T irq_111
fff025f6 T irq_112
fff025fd T irq_113
fff02604 T irq_114
fff0260b T irq_115
fff02612 T irq_116
fff02619 T irq_117
fff02620 T irq_118
fff02627 T irq_119
fff0262e T irq_120
fff02635 T irq_121
fff0263c T irq_122
fff02643 T irq_123
fff0264a T irq_124
fff02651 T irq_125
fff02658 T irq_126
fff0265f T irq_127
fff02666 T irq_128
fff02670 T irq_129
fff0267a T irq_130
fff02684 T irq_131
fff0268e T irq_132
fff02698 T irq_133
fff026a2 T irq_134
fff026ac T irq_135
fff026b6 T irq_136
fff026c0 T irq_137
fff026ca T irq_138
fff026d4 T irq_139
fff026de T irq_140
fff026e8 T irq_141
fff026f2 T irq_142
fff026fc T irq_143
fff02706 T irq_144
fff02710 T irq_145
fff0271a T irq_146
fff02724 T irq_147
fff0272e T irq_148
fff02738 T irq_149
fff02742 T irq_150
fff0274c T irq_151
fff02756 T irq_152
fff02760 T irq_153
fff0276a T irq_154
fff02774 T irq_155
fff0277e T irq_156
fff02788 T irq_157
fff02792 T irq_158
fff0279c T irq_159
fff027a6 T irq_160
fff027b0 T irq_161
fff027ba T irq_162
fff027c4 T irq_163
fff027ce T irq_164
fff027d8 T irq_165
fff027e2 T irq_166
fff027ec T irq_167
fff027f6 T irq_168
fff02800 T irq_169
fff0280a T irq_170
fff02814 T irq_171
fff0281e T irq_172
fff02828 T irq_173
fff02832 T irq_174
fff0283c T irq_175
fff02846 T irq_176
fff02850 T irq_177
fff0285a T irq_178
fff02864 T irq_179
fff0286e T irq_180
fff02878 T irq_181
fff02882 T irq_182
fff0288c T irq_183
fff02896 T irq_184
fff028a0 T irq_185
fff028aa T irq_186
fff028b4 T irq_187
fff028be T irq_188
fff028c8 T irq_189
fff028d2 T irq_190
fff028dc T irq_191
fff028e6 T irq_192
fff028f0 T irq_193
fff028fa T irq_194
fff02904 T irq_195
fff0290e T irq_196
fff02918 T irq_197
fff02922 T irq_198
fff0292c T irq_199
fff02936 T irq_200
fff02940 T irq_201
fff0294a T irq_202
fff02954 T irq_203
fff0295e T irq_204
fff02968 T irq_205
fff02972 T irq_206
fff0297c T irq_207
fff02986 T irq_208
fff02990 T irq_209
fff0299a T irq_210
fff029a4 T irq_211
fff029ae T irq_212
fff029b8 T irq_213
fff029c2 T irq_214
fff029cc T irq_215
fff029d6 T irq_216
fff029e0 T irq_217
fff029ea T irq_218
fff029f4 T irq_219
fff029fe T irq_220
fff02a08 T irq_221
fff02a12 T irq_222
fff02a1c T irq_223
fff02a26 T irq_224
fff02a30 T irq_225
fff02a3a T irq_226
fff02a44 T irq_227
fff02a4e T irq_228
fff02a58 T irq_229
fff02a62 T irq_230
fff02a6c T irq_231
fff02a76 T irq_232
fff02a80 T irq_233
fff02a8a T irq_234
fff02a94 T irq_235
fff02a9e T irq_236
fff02aa8 T irq_237
fff02ab2 T irq_238
fff02abc T irq_239
fff02ac6 T irq_240
fff02ad0 T irq_241
fff02ada T irq_242
fff02ae4 T irq_243
fff02aee T irq_244
fff02af8 T irq_245
fff02b02 T irq_246
fff02b0c T irq_247
fff02b16 T irq_248
fff02b20 T irq_249
fff02b2a T irq_250
fff02b34 T irq_251
fff02b3e T irq_252
fff02b48 T irq_253
fff02b52 T irq_254
fff02b5c T irq_255
fff02b66 T enable_interrupts
fff02b68 T disable_interrupts
fff02b78 T interrupt_init
fff02c16 T irq_llsr
fff02c50 t dump_regs
fff02dd8 T setjmp
fff02df0 T longjmp
fff02e04 t nz
fff02e07 T memset
fff02e42 T memcpy
fff02e80 T memmove
fff02ff5 T boot_linux_kernel
fff0305b T do_bootm_linux
fff03193 T arch_lmb_reserve
fff031b2 T efi_add_known_memory
fff0325e T init_cache_f_r
fff0327d T irq_install_handler
fff03308 T irq_free_handler
fff03357 T do_irq
fff033cb T i8259_init
fff03439 T unmask_irq
fff0345f T mask_irq
fff03483 T specific_eoi
fff0349d T i8254_init
fff034b4 T pirq_route_irqs
fff035f3 T copy_uboot_to_ram
fff03627 T clear_bss
fff0365f T do_elf_reloc_fixups
fff03701 T write_tables
fff03768 T load_zimage
fff03935 t get_boot_protocol
fff03976 t get_kernel_version
fff039d1 T setup_zimage
fff03c8d T zimage_dump
fff042a9 t print_flags
fff04302 T do_zboot_parent
fff043b9 T android_bootloader_boot_kernel
fff04498 t hex_to_str
fff044ed t complete_zboot
fff04519 t do_zboot_start
fff045da t do_zboot_load
fff04675 t do_zboot_setup
fff046d3 t do_zboot_info
fff046f5 t do_zboot_go
fff04727 t do_zboot_dump
fff04764 W board_quiesce_devices
fff04765 T bootm_find_images
fff0486c T bootm_disable_interrupts
fff04871 T bootm_process_cmdline
fff04874 T do_bootm_states
fff04e76 W switch_to_non_secure_mode
fff04e77 W arch_preboot_os
fff04e78 W board_preboot_os
fff04e79 T boot_selected_os
fff04ec3 T bootm_os_get_boot_func
fff04ecb t do_bootm_standalone
fff04f01 T image_multi_getimg
fff04f58 T image_decomp
fff05079 T genimg_get_os_name
fff0509e T genimg_get_comp_name
fff050c3 t on_loadaddr
fff050e2 T env_get_bootm_low
fff05103 T env_get_bootm_size
fff0519e T env_get_bootm_mapsize
fff051c6 T memmove_wd
fff051cf T genimg_get_kernel_addr_fit
fff051e0 T genimg_get_format
fff0520c T genimg_has_config
fff0520f T boot_get_ramdisk
fff05305 T boot_ramdisk_high
fff0540f T boot_get_setup
fff05415 T image_setup_linux
fff05478 T image_locate_script
fff054ab T ab_select_slot
fff0587a T android_image_get_kernel
fff05885 T android_image_check_header
fff05888 T android_image_get_end
fff0588b T android_image_get_kload
fff0588f T android_image_get_kcomp
fff05892 T android_image_get_ramdisk
fff058aa T android_image_get_kernel_cmdline
fff058ae T android_image_is_bootconfig_used
fff058b9 T android_get_preloaded_partition
fff0596b t is_same_partition
fff059cf T android_image_load
fff05f52 t _extract_boot_image_header
fff05fcc t _read_in_boot_ramdisk
fff05ffc T android_image_get_second
fff06000 T android_image_get_dtb_by_index
fff06003 t android_read_data
fff06123 T android_bootloader_boot_flow
fff06981 t do_avb_verify
fff06b0a t android_part_get_info_by_name_suffix
fff06b7d t get_partition_size
fff06bfb T android_bootloader_request_response
fff06df1 t console_write
fff06e52 t console_read
fff06eb0 T oemlock_is_allowed
fff06eba t oemlock_get_field
fff06f0b T oemlock_set_locked
fff06f65 T oemlock_is_locked
fff06f6f t get_console
fff06fb3 T write_avb_to_keymint_console
fff0733f t parse_patchlevel
fff073fb t qfw_bootmeth_bind
fff0740f t qfw_check
fff07431 t qfw_read_bootflow
fff0749f t qfw_read_file
fff074a5 t qfw_boot
fff074d9 T boot_fdt_add_mem_rsv_regions
fff0760b t boot_fdt_reserve_region
fff07664 T boot_relocate_fdt
fff078d3 t fdt_error
fff078f8 T boot_get_fdt
fff07ae8 W ft_verify_fdt
fff07aec W arch_fixup_fdt
fff07aef T image_setup_libfdt
fff07c73 T do_bootm
fff07d43 T bootm_maybe_autostart
fff07da6 T do_bootd
fff07dc1 t do_help
fff07df8 t do_panic
fff07e14 t do_version
fff07e4f t do_ab_select
fff07eea T blk_common_cmd
fff081a8 t do_source
fff081e6 T bcb_find_partition_and_load
fff0824d t __bcb_initialize
fff08320 t __bcb_load
fff083e5 T bcb_load
fff08438 T bcb_set
fff0844d t __bcb_set
fff08517 T bcb_get
fff0855c t bcb_field_get
fff0860b T bcb_store
fff08610 t __bcb_store
fff0867c T bcb_reset
fff086b8 t do_bcb
fff087f1 t do_bcb_load
fff0885b t do_bcb_set
fff0886a t do_bcb_clear
fff088bb t do_bcb_test
fff0893e t do_bcb_dump
fff0898b t do_bcb_store
fff08990 t do_boot_android
fff089a7 t do_verified_boot_android
fff089be t boot_android
fff08afb T efi_get_image_parameters
fff08b0b T efi_set_bootdev
fff08c30 T efi_install_fdt
fff08e6a T efi_run_image
fff08fd2 t do_bootefi_exec
fff0909a t do_bootefi
fff09230 W bootz_setup
fff09244 T do_bootz
fff0931b t do_video_clear
fff09330 T mk_date
fff0955f t do_date
fff096c8 t do_dm
fff09737 t complete_dm
fff09763 t do_dm_dump_driver_compat
fff09771 t do_dm_dump_devres
fff09774 t do_dm_dump_drivers
fff09782 t do_dm_dump_static_driver_info
fff09790 t do_dm_dump_tree
fff097c0 t do_dm_dump_uclass
fff097ce t do_echo
fff09836 T eficonfig_print_msg
fff09864 T eficonfig_print_entry
fff098d8 T eficonfig_display_statusline
fff09920 T eficonfig_choice_entry
fff099ad T eficonfig_destroy
fff09a0c T eficonfig_process_quit
fff09a12 T eficonfig_append_menu_entry
fff09a9a T eficonfig_append_quit_entry
fff09ae4 T eficonfig_create_fixed_menu
fff09b59 T eficonfig_process_common
fff09c74 T eficonfig_create_device_path
fff09cdd T eficonfig_process_clear_file_selection
fff09cf2 T eficonfig_process_show_file_option
fff09d5a T eficonfig_process_select_file
fff0a540 T eficonfig_get_unused_bootoption
fff0a5c6 T eficonfig_append_bootorder
fff0a654 T eficonfig_choice_change_boot_order
fff0a85c T eficonfig_enumerate_boot_option
fff0a976 T eficonfig_delete_invalid_boot_option
fff0ab37 t delete_boot_option
fff0ac20 T eficonfig_generate_media_device_boot_option
fff0ad6f t do_eficonfig
fff0aedd t eficonfig_volume_selected
fff0aef3 t sort_file
fff0af02 t eficonfig_file_selected
fff0b074 t eficonfig_process_add_boot_option
fff0b0f3 t eficonfig_process_edit_boot_option
fff0b1fc t eficonfig_process_change_boot_order
fff0b485 t eficonfig_process_delete_boot_option
fff0b4bb t eficonfig_edit_boot_option
fff0b904 t fill_file_info
fff0b962 t eficonfig_set_boot_option
fff0b9e0 t create_boot_option_entry
fff0ba62 t eficonfig_boot_add_enter_description
fff0ba80 t prepare_file_selection_entry
fff0bbb7 t eficonfig_boot_add_optional_data
fff0bbd5 t eficonfig_boot_edit_save
fff0bc1f t handle_user_input
fff0bc9f t eficonfig_show_boot_selection
fff0be67 t eficonfig_add_boot_selection_entry
fff0bfaa t eficonfig_process_boot_selected
fff0bfb9 t eficonfig_print_change_boot_order_entry
fff0c04a t eficonfig_add_change_boot_order_entry
fff0c156 t eficonfig_process_save_boot_order
fff0c21f t do_exit
fff0c24c T do_fat_size
fff0c25e T do_fat_fsload
fff0c270 t do_fat_ls
fff0c282 t do_fat_fsinfo
fff0c30d t do_fat_fswrite
fff0c31f t do_fat_rm
fff0c331 t do_fat_mkdir
fff0c343 t do_size_wrapper
fff0c355 t do_load_wrapper
fff0c367 t do_save_wrapper
fff0c379 t do_ls_wrapper
fff0c38b t do_ln_wrapper
fff0c39d t do_fstype_wrapper
fff0c3a2 t do_fstypes_wrapper
fff0c3a7 t do_itest
fff0c415 t binary_test
fff0c522 t evalstr
fff0c571 t evalexp
fff0c5ce t do_sleep
fff0c69b t do_bootp
fff0c6b7 T do_tftpb
fff0c6d6 t netboot_common
fff0c97f t do_ping
fff0c9e0 T do_ping6
fff0ca4c t do_net
fff0caa7 t do_net_list
fff0cb24 t do_part
fff0ce0a t do_part_types
fff0ce96 t do_part_type
fff0cf0e t do_part_info
fff0d052 T do_read
fff0d179 T setexpr_regex_sub
fff0d392 t substitute
fff0d455 t do_setexpr
fff0d6b8 t get_arg
fff0d754 t regex_sub_var
fff0d857 t do_test
fff0dae9 t do_false
fff0daed t do_true
fff0daf0 t do_virtio
fff0db76 t do_video_setcursor
fff0dbcf t do_video_puts
fff0dc24 t do_fastboot
fff0dd7c t do_gpt
fff0dfcc t gpt_verify
fff0e0d5 t gpt_setenv
fff0e1b2 t gpt_enumerate
fff0e2c2 t do_disk_guid
fff0e30d t set_gpt_info
fff0e81c t extract_val
fff0e897 t extract_env
fff0e935 T do_avb_init
fff0e985 T do_avb_read_part
fff0ea3a T do_avb_read_part_hex
fff0eb4f T do_avb_write_part
fff0ebec T do_avb_read_rb
fff0ec62 T do_avb_write_rb
fff0ecd3 T do_avb_get_uuid
fff0ed3e T do_avb_verify_part
fff0edce T do_avb_is_unlocked
fff0ee38 t do_avb
fff0ee8f t do_mtrr
fff0f138 T env_get_id
fff0f13e T env_set
fff0f194 t _do_env_set
fff0f32e t do_env
fff0f379 t do_env_print
fff0f406 t do_env_set
fff0f426 t do_env_default
fff0f4bb t do_env_delete
fff0f55b t do_env_verified_import
fff0f730 t do_env_exists
fff0f778 t env_print
fff0f82a T board_init_f_alloc_reserve
fff0f833 T board_init_f_init_reserve
fff0f863 T main_loop
fff0f8a4 T get_version
fff0f8aa T jumptable_init
fff0fb2e t dummy
fff0fb2f t mdelay
fff0fb3a T get_local_var
fff0fb9f T set_local_var
fff0fcd5 T parse_string_outer
fff0fdad t parse_stream_outer
fff103e2 T parse_file_outer
fff1041e T u_boot_hush_start
fff1045b t do_showvar
fff10543 t static_peek
fff10549 t static_get
fff1055e t done_word
fff107d8 t done_pipe
fff10813 t file_peek
fff10819 t free_pipe_list
fff108c9 t new_pipe
fff108fc t done_command
fff1096d t b_addqchr
fff109af t b_addchr
fff10a04 t run_list_real
fff111b9 t insert_var_value_sub
fff11476 t make_string
fff1158a t file_get
fff11708 T bootdelay_process
fff11798 T autoboot_command
fff1187e W board_add_ram_info
fff1187f W mach_cpu_init
fff11882 W arch_setup_dest_addr
fff11885 W arch_reserve_mmu
fff11888 W arch_reserve_stacks
fff1188b W arch_setup_bdinfo
fff1188e T setup_bdinfo
fff11899 T board_init_f
fff11900 T board_init_f_r
fff1197e t setup_mon_len
fff1198e t log_init
fff11991 t initf_bootstage
fff11994 t setup_spl_handoff
fff11997 t initf_dm
fff1199f t init_baud_rate
fff119c6 t display_text_info
fff119c9 t print_resetinfo
fff11a5d t misc_init_f
fff11a67 t announce_dram_init
fff11a7a t setup_dest_addr
fff11ad7 t reserve_round_4k
fff11ae7 t reserve_video
fff11b14 t reserve_trace
fff11b17 t reserve_uboot
fff11b59 t reserve_malloc
fff11b77 t reserve_board
fff11bcc t reserve_global_data
fff11bfd t reserve_fdt
fff11c6b t reserve_bootstage
fff11c6e t reserve_bloblist
fff11c71 t reserve_stacks
fff11c8f t show_dram_config
fff11f74 t display_new_sp
fff11f77 t reloc_fdt
fff11fd2 t reloc_bootstage
fff11fd5 t reloc_bloblist
fff11fd8 t setup_reloc
fff12024 t cyclic_unregister_all
fff12027 t jump_to_copy
fff12058 W cpu_secondary_init_r
fff1205b W arch_initr_trap
fff1205e W power_init_board
fff12061 T board_init_r
fff120d1 t initr_trace
fff120d4 t initr_reloc
fff120e4 t initr_reloc_global_data
fff12116 t initr_barrier
fff12119 t initr_malloc
fff1213b t log_init
fff1213e t initr_bootstage
fff12141 t initr_of_live
fff12144 t initr_dm
fff12172 t initr_binman
fff12199 t initr_dm_devices
fff1219c t initr_announce
fff1219f t dm_announce
fff121f4 t initr_env
fff1224b t initr_net
fff12263 t run_main_loop
fff12277 T fdt_find_and_setprop
fff122c9 T fdt_find_or_add_subnode
fff12318 T fdt_root
fff12390 T fdt_initrd
fff1250f W board_fdt_chosen_bootargs
fff12519 T fdt_chosen
fff125d2 T do_fixup_by_path
fff12611 T fdt_fixup_ethernet
fff12777 T fdt_shrink_to_minimum
fff1285c T fdt_support_default_count_cells
fff128ad T fdt_translate_address
fff128c8 t __of_translate_address
fff12ae9 t of_bus_default_map
fff12b9a t of_bus_default_translate
fff12bf8 T iomux_match_device
fff12c18 T iomux_doenv
fff12dce T menu_default_choice
fff12de3 T menu_default_set
fff12e55 T menu_get_choice
fff12fc7 T menu_item_add
fff1307c T menu_create
fff130fb T menu_destroy
fff13153 T bootmenu_conv_key
fff131b5 T bootmenu_loop
fff131fb T cli_ch_init
fff13207 T cli_ch_process
fff13379 T cli_readline
fff1338c T cli_readline_into_buffer
fff13b40 t delete_char
fff13be8 t cread_add_char
fff13ca6 T cli_simple_process_macros
fff13ed0 T bounce_buffer_start_extalign
fff13f4e T bounce_buffer_stop
fff13f95 t on_console
fff1403b t console_needs_start_stop
fff14084 T console_stop
fff140a9 T serial_printf
fff140ea T fgetc
fff14120 t console_tstc
fff14197 T fputs
fff141e1 T getchar
fff14208 T tstc
fff1422f T putc
fff1429e T puts
fff14308 T flush
fff14370 T ctrlc
fff143b1 T disable_ctrlc
fff143bf T had_ctrlc
fff143c7 T clear_ctrlc
fff143cf T console_search_dev
fff143eb T console_assign
fff144c8 T console_init_f
fff144de T console_init_r
fff1467c T sbrk
fff146ba T mem_malloc_init
fff146cd T malloc
fff14adf t malloc_extend_top
fff14c4a T free
fff14e34 T malloc_trim
fff14efd T realloc
fff15312 T memalign
fff1546e T calloc
fff154fa T initf_malloc
fff15523 T malloc_simple
fff1552d t alloc_simple
fff1559d T memalign_simple
fff155a6 T event_notify
fff15643 T event_notify_null
fff1564c T event_register
fff156aa T event_init
fff156c5 W get_effective_memsize
fff156d3 T stdio_file_to_flags
fff156e7 T stdio_get_by_name
fff157ab T stdio_clone
fff157dd T stdio_register_dev
fff1581f T stdio_register
fff15855 T stdio_init_tables
fff15867 T stdio_add_devices
fff158eb t stdio_serial_putc
fff158f2 t stdio_serial_puts
fff158f9 t stdio_serial_flush
fff158fe t stdio_serial_getc
fff15903 t stdio_serial_tstc
fff15908 T run_command
fff15914 T run_command_list
fff15971 T do_run
fff159c6 T cli_process_fdt
fff159f2 T cli_secure_boot_cmd
fff15a53 T cli_loop
fff15a5d T cli_init
fff15a62 T _do_help
fff15b81 T find_cmd_tbl
fff15c14 T cmd_usage
fff15c68 T find_cmd
fff15c87 T var_complete
fff15ceb T complete_subcmdv
fff15e65 T cmd_auto_complete
fff161c7 T cmd_get_data_size
fff16222 T cmd_always_repeatable
fff1623f T cmd_never_repeatable
fff1625c T cmd_discard_repeatable
fff16274 T cmd_process
fff163a8 T cmd_source_script
fff163e9 T avb_ops_alloc
fff1646a t read_from_partition
fff1648e t write_to_partition
fff164b0 t validate_vbmeta_public_key
fff164f0 t read_rollback_index
fff1651d t write_rollback_index
fff16538 t read_is_device_unlocked
fff16557 t get_unique_guid_for_partition
fff1659c t get_size_of_partition
fff165e2 T avb_ops_free
fff16618 T avb_verify
fff1665a T avb_verify_partitions
fff16793 t blk_byte_io
fff16a8e t get_partition
fff16b40 t blk_read_and_flush
fff16c4d t avb_blk_write
fff16d4f T qfw_get_dev
fff16d5b T qfw_online_cpus
fff16d7d T qemu_fwcfg_setup_kernel
fff16f08 T blk_get_dev
fff16f1d t get_dev_hwpart
fff16f44 T dev_print
fff1716f T part_init
fff171d1 T part_print
fff172c8 t part_driver_lookup_type
fff17353 T part_get_info
fff173a3 T part_get_info_whole_disk
fff173ec T blk_get_device_by_str
fff174ce T blk_get_device_part_str
fff1788c T part_get_info_by_name_type
fff17904 T part_get_info_by_name
fff17910 T part_get_info_by_dev_and_name
fff1799a T part_get_info_by_dev_and_name_or_num
fff179f7 T part_set_generic_name
fff17a56 T part_create_block_devices
fff17b30 T disk_blk_read
fff17c24 t dev_get_blk
fff17c4d T disk_blk_write
fff17ca6 t part_blk_read
fff17d4f t part_blk_write
fff17dfa t part_blk_erase
fff17e9e t test_block_type
fff17f22 t part_get_info_dos
fff17f46 t part_print_dos
fff17f72 t part_test_dos
fff17ff2 t part_get_info_extended
fff18277 t print_partition_extended
fff18510 T get_disk_guid
fff1858c t find_valid_gpt
fff185e2 T part_print_efi
fff1876a t is_pte_valid
fff187a5 T part_get_info_efi
fff1892e T write_gpt_table
fff18a65 t set_protective_mbr
fff18b25 T gpt_fill_pte
fff18d9e T gpt_fill_header
fff18e35 t partition_entries_offset
fff18e86 T gpt_restore
fff18f64 T gpt_verify_headers
fff18fe0 t is_gpt_valid
fff191c0 T gpt_repair_headers
fff1934a t write_one_gpt_table
fff193bb T gpt_verify_partitions
fff19566 t validate_gpt_header
fff1960f t part_test_efi
fff1969e T blk_get_uclass_name
fff196bd T blk_get_devnum_by_uclass_idname
fff1976e T blk_list_part
fff197d8 t get_desc
fff19883 T blk_print_part_devnum
fff198b4 T blk_list_devices
fff19906 T blk_print_device_num
fff19942 T blk_show_device
fff199aa T blk_read_devnum
fff199f1 T blk_dread
fff199f9 T blk_write_devnum
fff19a40 T blk_dwrite
fff19a48 T blk_dselect_hwpart
fff19a66 T blk_read
fff19b14 T blk_write
fff19b67 T blk_find_max_devnum
fff19bc1 T blk_next_free_devnum
fff19bdf T blk_create_device
fff19d51 t blk_post_probe
fff19d77 T blkcache_read
fff19e71 T blkcache_fill
fff19fbf T blkcache_invalidate
fff1a026 T device_bind_with_driver_data
fff1a04b t device_bind_common
fff1a32d T device_bind
fff1a352 T device_bind_by_name
fff1a3b1 T device_of_to_plat
fff1a496 T device_probe
fff1a5a8 T device_get_uclass_id
fff1a5b2 T dev_get_plat
fff1a5d9 T dev_get_parent_plat
fff1a600 T dev_get_uclass_plat
fff1a627 T dev_get_priv
fff1a64e T dev_get_uclass_priv
fff1a675 T dev_get_parent_priv
fff1a69c T dev_get_parent
fff1a6a0 T device_get_decendent_count
fff1a6c6 T device_find_first_child
fff1a6df T device_find_next_child
fff1a6fd T device_first_child_err
fff1a72b T device_next_child_err
fff1a75e T dev_get_driver_data
fff1a762 T device_set_name_alloced
fff1a767 T device_set_name
fff1a78d T dev_set_priv
fff1a791 T dev_set_parent_priv
fff1a795 T dev_set_uclass_priv
fff1a799 T dev_set_plat
fff1a79d T dev_set_parent_plat
fff1a7a1 T dev_set_uclass_plat
fff1a7a5 t alloc_priv
fff1a7f6 T devfdt_get_addr_index
fff1a8a6 T devfdt_get_addr
fff1a8ad T devfdt_get_addr_pci
fff1a924 T lists_driver_lookup_name
fff1a982 T lists_uclass_lookup
fff1a9c8 T lists_bind_drivers
fff1aa98 T device_bind_driver
fff1aaba T device_bind_driver_to_node
fff1ab44 T lists_bind_fdt
fff1acfd T dm_root
fff1ad29 T dm_init
fff1adca T dm_remove_devices_flags
fff1ae03 T dm_scan_plat
fff1ae2d T dm_scan_fdt_dev
fff1ae53 t dm_scan_fdt_node
fff1aee7 T dm_extended_scan
fff1af46 W dm_scan_other
fff1af49 T dm_init_and_scan
fff1afa6 T dm_get_stats
fff1afca t dm_probe_devices
fff1b02e T uclass_get_priv
fff1b031 T uclass_get
fff1b167 T dev_get_uclass_index
fff1b19c T uclass_find_device
fff1b1e1 T uclass_find_first_device
fff1b212 T uclass_find_next_device
fff1b22f T uclass_find_device_by_namelen
fff1b2ac T uclass_find_next_free_seq
fff1b302 T uclass_find_device_by_seq
fff1b346 T uclass_find_device_by_of_offset
fff1b389 T uclass_find_device_by_ofnode
fff1b3cc T uclass_get_nth_device_by_driver_name
fff1b437 T uclass_get_device
fff1b465 T uclass_get_device_by_name
fff1b4ae T uclass_get_device_by_seq
fff1b4dc T uclass_get_device_by_of_offset
fff1b50a T uclass_get_device_by_ofnode
fff1b538 T uclass_first_device
fff1b56d t _uclass_next_device
fff1b5a1 T uclass_next_device
fff1b5c0 T uclass_first_device_err
fff1b5e0 T uclass_first_device_check
fff1b626 T uclass_next_device_check
fff1b64b T uclass_get_count
fff1b676 T uclass_first_device_drvdata
fff1b6cf T uclass_bind_device
fff1b726 T uclass_pre_unbind_device
fff1b742 T uclass_unbind_device
fff1b758 T uclass_pre_probe_device
fff1b798 T uclass_post_probe_device
fff1b7d6 T uclass_pre_remove_device
fff1b7f2 T uclass_probe_all
fff1b837 T pci_get_devfn
fff1b86c T dev_tag_set_ptr
fff1b914 T dev_tag_get_ptr
fff1b96f T dev_tag_del
fff1b9e7 T devres_release_probe
fff1b9ff t release_nodes
fff1ba53 T devres_release_all
fff1ba6b T device_chld_unbind
fff1bade T device_unbind
fff1bbd0 T device_chld_remove
fff1bc2a T device_remove
fff1bd6a T device_free
fff1bded T dm_dump_tree
fff1be70 t show_devices
fff1bfef T dm_dump_uclass
fff1c0b0 T dm_dump_driver_compat
fff1c156 T dm_dump_drivers
fff1c26a T dm_dump_static_driver_info
fff1c2c4 t h_cmp_uclass_id
fff1c2e3 t init_range
fff1c33a T regmap_init_mem
fff1c49a T syscon_get_by_driver_data
fff1c4ae t syscon_pre_probe
fff1c4de T ofnode_get_name
fff1c4f7 T ofnode_read_u32_index
fff1c549 T ofnode_read_u32_default
fff1c564 T ofnode_read_bool
fff1c589 T ofnode_get_property
fff1c5a9 T ofnode_read_string
fff1c5e6 T ofnode_read_size
fff1c615 T ofnode_find_subnode
fff1c632 T ofnode_is_enabled
fff1c64e T ofnode_first_subnode
fff1c66b T ofnode_next_subnode
fff1c688 T ofnode_get_parent
fff1c6a5 T ofnode_path
fff1c6c9 T ofnode_get_chosen_node
fff1c730 T ofnode_read_u8_array_ptr
fff1c750 T ofnode_read_pci_addr
fff1c802 T ofnode_read_pci_vendev
fff1c8d6 T ofnode_read_simple_addr_cells
fff1c8e6 T ofnode_read_simple_size_cells
fff1c8f6 T ofnode_pre_reloc
fff1c986 T ofnode_conf_read_int
fff1c9c4 T ofnode_conf_read_str
fff1c9f3 T sysreset_get_status
fff1ca11 T sysreset_walk
fff1ca7e T sysreset_walk_halt
fff1caac T do_reset
fff1caf3 t sysreset_post_bind
fff1caf6 T pch_sysreset_power_off
fff1cb79 t x86_sysreset_probe
fff1cb93 t x86_sysreset_request
fff1cbbb t x86_sysreset_get_last
fff1cbc1 T pch_ioctl
fff1cbe6 T setup_video
fff1cc95 T pci_get_bus
fff1ccd8 T dm_pci_get_bdf
fff1cd0f T pci_bus_find_devfn
fff1cd64 T dm_pci_write_config
fff1cde6 T pci_write_config32
fff1cdfe t pci_write_config
fff1ce60 T pci_write_config16
fff1ce78 T pci_write_config8
fff1ce90 T dm_pci_write_config8
fff1cea3 T dm_pci_read_config
fff1cf53 t pci_read_config
fff1cfe1 T pci_read_config16
fff1d00b T pci_read_config8
fff1d033 T dm_pci_read_config8
fff1d058 T dm_pci_read_config16
fff1d07f T dm_pci_read_config32
fff1d0a4 W board_pci_fixup_dev
fff1d0a5 T pci_bind_bus_devices
fff1d59b T dm_pci_read_bar32
fff1d5d7 T dm_pci_bus_to_phys
fff1d67c T dm_pci_map_bar
fff1d6d9 T dm_pci_find_next_capability
fff1d6ef t _dm_pci_find_next_capability
fff1d77b T dm_pci_find_capability
fff1d7ea t pci_uclass_pre_probe
fff1dada t pci_uclass_post_probe
fff1daf0 t pci_uclass_child_post_bind
fff1db21 T pci_init
fff1db53 t pci_bridge_read_config
fff1dbd0 t pci_bridge_write_config
fff1dc19 t _pci_x86_read_config
fff1dc38 t _pci_x86_write_config
fff1dc57 T serial_init
fff1dda5 T serial_setbrg
fff1dde4 T serial_initialize
fff1ddf2 T serial_putc
fff1de46 T serial_puts
fff1de6b t _serial_puts
fff1deb1 T serial_flush
fff1deeb T serial_getc
fff1df24 T serial_tstc
fff1df57 T serial_stdio_init
fff1df58 t on_baudrate
fff1e038 t serial_post_probe
fff1e0dd t serial_pre_remove
fff1e0e0 t serial_stub_putc
fff1e11c t serial_stub_puts
fff1e124 t serial_stub_flush
fff1e146 t serial_stub_getc
fff1e167 t serial_stub_tstc
fff1e17f T ns16550_init
fff1e205 t ns16550_setbrg
fff1e276 T ns16550_serial_probe
fff1e2d6 T ns16550_serial_of_to_plat
fff1e396 t ns16550_serial_setbrg
fff1e3c2 t ns16550_serial_getc
fff1e3fd t ns16550_serial_putc
fff1e43b t ns16550_serial_pending
fff1e46c t ns16550_serial_setconfig
fff1e4ba t ns16550_serial_getinfo
fff1e4f9 T timer_get_count
fff1e51f T timer_get_rate
fff1e52d T dm_timer_init
fff1e5fb t timer_pre_probe
fff1e624 t timer_post_probe
fff1e63c T get_timer
fff1e67a T timer_get_us
fff1e6ac T __udelay
fff1e6f9 t tsc_timer_ensure_setup
fff1e879 t tsc_timer_probe
fff1e8c2 t cpu_mhz_from_msr
fff1e963 t quick_pit_calibrate
fff1eab2 t tsc_timer_get_count
fff1eace T virtio_get_config
fff1eae8 T virtio_set_config
fff1eb03 T virtio_generation
fff1eb1a T virtio_reset
fff1eb25 T virtio_find_vqs
fff1eb39 T virtio_notify
fff1eb46 T virtio_add_status
fff1eb78 T virtio_finalize_features
fff1ebd1 T virtio_driver_features_init
fff1ebea t virtio_uclass_pre_probe
fff1ec37 t virtio_uclass_post_probe
fff1ecd5 t virtio_uclass_child_post_bind
fff1ece6 t virtio_uclass_child_pre_probe
fff1eedd t virtio_uclass_child_post_probe
fff1eef0 t virtio_bootdev_bind
fff1ef05 t virtio_bootdev_hunt
fff1ef21 T virtqueue_add
fff1f1a9 T virtqueue_kick
fff1f212 T virtqueue_get_buf
fff1f35d T vring_create_virtqueue
fff1f5b6 T vring_del_virtqueue
fff1f5f0 T virtqueue_get_vring_size
fff1f5f4 T virtqueue_get_desc_addr
fff1f5f8 T virtqueue_get_avail_addr
fff1f5fc T virtqueue_get_used_addr
fff1f600 T virtqueue_poll
fff1f623 t __bb_force_page_align
fff1f63f t virtio_pci_bind
fff1f67b t virtio_pci_probe
fff1f87d t virtio_pci_find_capability
fff1f989 t virtio_pci_get_config
fff1fa7a t virtio_pci_set_config
fff1fba5 t virtio_pci_generation
fff1fbce t virtio_pci_get_status
fff1fbf4 t virtio_pci_set_status
fff1fc3e t virtio_pci_reset
fff1fc87 t virtio_pci_get_features
fff1fcf6 t virtio_pci_set_features
fff1fd80 t virtio_pci_find_vqs
fff1ff60 t virtio_pci_del_vqs
fff1ffbf t virtio_pci_notify
fff2002c t virtio_net_bind
fff20057 t virtio_net_probe
fff20098 t virtio_net_start
fff20104 t virtio_net_send
fff2018d t virtio_net_recv
fff201c4 t virtio_net_free_pkt
fff201ff t virtio_net_stop
fff20200 t virtio_net_write_hwaddr
fff20259 t virtio_net_read_rom_hwaddr
fff202f5 t virtio_blk_bind
fff20389 t virtio_blk_probe
fff20420 t virtio_blk_read
fff20444 t virtio_blk_write
fff20468 t virtio_blk_do_req
fff2053c t virtio_console_bind
fff20562 t virtio_console_probe
fff205a0 t add_inbuf
fff20600 t virtio_console_serial_setbrg
fff20603 t virtio_console_serial_getc
fff20662 t virtio_console_serial_putc
fff206c3 t virtio_console_serial_pending
fff206dd T sysinfo_get_str
fff20723 T cpu_get_desc
fff20740 T cpu_get_vendor
fff2075e t uclass_cpu_post_bind
fff20761 t uclass_cpu_init
fff207ad T fastboot_response
fff20807 T fastboot_fail
fff2081f T fastboot_okay
fff2084c W fastboot_set_reboot_flag
fff208b1 T fastboot_boot
fff20922 T fastboot_handle_boot
fff2096b T fastboot_init
fff20997 T fastboot_getvar
fff20a3b t getvar_version
fff20a45 t getvar_version_bootloader
fff20a4f t getvar_downloadsize
fff20a6c t getvar_serialno
fff20a9b t getvar_version_baseband
fff20aa5 t getvar_product
fff20ad4 t getvar_platform
fff20b03 t getvar_current_slot
fff20b0d t getvar_is_userspace
fff20b17 T fastboot_handle_command
fff20ba5 T fastboot_data_remaining
fff20bb1 T fastboot_data_download
fff20c32 T fastboot_data_complete
fff20c78 t getvar
fff20c7d t download
fff20cf8 t okay
fff20cff t reboot_bootloader
fff20d2d t reboot_fastbootd
fff20d5c t reboot_recovery
fff20d8d t run_flashing_lock
fff20dd1 t run_flashing_unlock
fff20e26 T irq_snapshot_polarities
fff20e3a T irq_first_device_type
fff20e48 T qfw_read_entry
fff20ebc T qfw_register
fff20f28 t qfw_post_bind
fff20f2b t qfw_get_bootflow
fff20f3c t qfw_bootdev_bind
fff20f51 t qfw_bootdev_hunt
fff20f6d t qfw_pio_probe
fff20f72 t qfw_pio_read_entry_io
fff20f96 t qfw_pio_read_entry_dma
fff20fab T dm_rtc_get
fff20fbe T dm_rtc_set
fff20fd2 T dm_rtc_reset
fff20fe6 t rtc_mc146818_probe
fff21007 t rtc_mc146818_get
fff21101 t rtc_mc146818_set
fff2121d t rtc_mc146818_reset
fff21248 t rtc_mc146818_read8
fff21264 t rtc_mc146818_write8
fff21283 t console_normal_putc_xy
fff2137f t console_normal_move_rows
fff213bd t console_normal_set_row
fff21441 t console_normal_probe
fff2147e T video_reserve
fff214f8 t alloc_fb
fff21531 T video_fill
fff2159f T video_sync
fff215bd T video_clear
fff215d6 T video_index_to_colour
fff21653 T video_set_default_colors
fff21695 T video_sync_all
fff216de T video_get_xsize
fff216ed T video_get_ysize
fff216fd t video_post_bind
fff2177a t video_post_probe
fff2188f T vidconsole_put_char
fff21db4 t vidconsole_newline
fff21e3b T vidconsole_put_string
fff21e6a t vidconsole_pre_probe
fff21e8f t vidconsole_post_probe
fff21ef4 T vidconsole_position_cursor
fff21f51 t vidconsole_putc
fff21f6d t vidconsole_puts
fff21fa0 T video_bmp_display
fff2255c t write_pix8
fff225ff T dm_rng_read
fff2261c T env_set_ulong
fff22636 T env_set_hex
fff22662 T env_get_hex
fff2269d T env_get
fff2273a T eth_env_get_enetaddr
fff22770 T eth_env_set_enetaddr
fff227b2 t env_get_from_linear
fff22878 T env_get_ulong
fff2289e T env_get_yesno
fff228de T env_get_autostart
fff228f5 T env_get_default
fff22933 T env_set_default
fff229b6 T env_set_default_vars
fff229ef T env_relocate
fff22a08 T env_complete
fff22b8d W arch_env_get_location
fff22b99 W env_get_location
fff22b9e T env_load
fff22c44 t env_driver_lookup
fff22c9d T env_init
fff22d49 T env_attr_walk
fff22e46 T env_attr_lookup
fff22ead t regex_callback
fff22fed T env_flags_parse_vartype
fff23033 T env_flags_parse_varaccess
fff2307c T eth_validate_ethaddr_str
fff230f7 T env_flags_init
fff2318f t on_flags
fff231ca T env_flags_validate
fff2340c t clear_flags
fff23416 t set_flags
fff23483 T env_callback_init
fff23551 t on_callbacks
fff2358c t clear_callback
fff23596 t set_callback
fff23629 t env_nowhere_load
fff23648 t env_nowhere_init
fff23658 T fs_get_type
fff2365e T fs_set_blk_dev
fff236e2 T fs_set_blk_dev_with_part
fff2375b T fs_close
fff23781 T fs_exists
fff237c2 T fs_size
fff23803 T fs_read
fff23868 T fs_write
fff238f5 T fs_opendir
fff2395d T fs_readdir
fff239bf T fs_closedir
fff23a0b T fs_unlink
fff23a4c T fs_mkdir
fff23a8d T fs_ln
fff23ad9 T do_size
fff23b5b T do_load
fff23ed6 T do_ls
fff23f6b T file_exists
fff23fc1 T do_save
fff24103 T do_fs_type
fff2419c T do_rm
fff2420b T do_mkdir
fff2428c T do_ln
fff242cf T do_fs_types
fff24337 t fs_ls_generic
fff243e7 t fs_ln_unsupported
fff243eb t fs_probe_unsupported
fff243ef t fs_ls_unsupported
fff243f3 t fs_exists_unsupported
fff243f6 t fs_size_unsupported
fff243fa t fs_read_unsupported
fff243fe t fs_write_unsupported
fff24402 t fs_close_unsupported
fff24403 t fs_uuid_unsupported
fff24407 t fs_opendir_unsupported
fff2440d t fs_unlink_unsupported
fff24411 t fs_mkdir_unsupported
fff24415 T fat_set_blk_dev
fff244de t disk_read
fff2451e T fat_next_cluster
fff245f9 t get_fatent
fff24735 T file_fat_detectfs
fff247f0 t read_bootsectandvi
fff24908 T fat_exists
fff2496a t fat_itr_root
fff24ad7 t fat_itr_resolve
fff24c37 T fat_size
fff24ce1 T fat_read_file
fff25140 T fat_opendir
fff251d2 T fat_readdir
fff252c8 t fat_itr_next
fff2551d t fat2rtc
fff25571 T fat_closedir
fff2558d T fat_close
fff2558e T fat_uuid
fff255e6 T file_fat_write_at
fff2587f t split_filename
fff2596b t normalize_longname
fff25a17 t find_directory_entry
fff25a7c t set_name
fff25c93 t fat_find_empty_dentries
fff25e1f t fill_dir_slot
fff25fea t fill_dentry
fff26044 t set_contents
fff26ac0 t flush_dirty_fat_buffer
fff26b3e t flush_dir
fff26bc6 T file_fat_write
fff26beb T fat_unlink
fff26d5e t fat_dir_entries
fff26e05 t delete_dentry_long
fff26eb4 T fat_mkdir
fff27216 t fat_itr_child
fff27270 t get_cluster
fff27402 t next_dent
fff27453 t downcase
fff27484 t str2fat
fff274e9 t fat_move_to_cluster
fff2752a t set_fatent_value
fff2769b t clear_fatent
fff276ff t determine_fatent
fff2772e t disk_write
fff277c7 t set_sectors
fff27933 t delete_single_dentry
fff27966 T efi_driver_init
fff27a5c t efi_uc_init
fff27a5f t efi_uc_destroy
fff27a62 t efi_uc_supported
fff27afa t efi_uc_start
fff27ba5 t efi_uc_stop
fff27c83 t check_node_type
fff27cdc t disconnect_child
fff27d1e t efi_bl_read
fff27d6d t efi_bl_write
fff27dbc t efi_bl_init
fff27e18 t efi_bl_bind
fff27f43 T efi_bootmgr_load
fff2808b t try_load_entry
fff2835a t try_load_from_file_path
fff283f9 T __efi_entry_check
fff2840f T __efi_exit_check
fff2841b T efi_save_gd
fff2841c T efi_restore_gd
fff2841d T efi_signal_event
fff284af t efi_queue_event
fff28500 T efi_add_handle
fff28524 T efi_create_handle
fff2856c T efi_search_protocol
fff285cf T efi_search_obj
fff285ed T efi_remove_protocol
fff2862d T efi_delete_handle
fff2869e T efi_create_event
fff287ac T efi_timer_check
fff28830 t efi_process_event_queue
fff288a7 T efi_set_timer
fff2896d T efi_add_protocol
fff28a9d T efi_register_protocol_notify
fff28b26 T efi_install_configuration_table
fff28c58 T efi_setup_loaded_image
fff28d66 T efi_locate_device_path
fff28e80 T efi_locate_handle_buffer
fff28eb6 T efi_load_image
fff29297 T efi_close_protocol
fff2932f T efi_locate_handle_buffer_int
fff293ca t efi_locate_handle
fff29502 T efi_install_multiple_protocol_interfaces
fff2951a t efi_install_multiple_protocol_interfaces_int
fff29649 T efi_uninstall_multiple_protocol_interfaces
fff29661 t efi_uninstall_multiple_protocol_interfaces_int
fff29735 T efi_protocol_open
fff298b7 t efi_disconnect_controller
fff29b08 T efi_start_image
fff29c05 t efi_open_protocol
fff29d01 T efi_unload_image
fff29dbc t efi_delete_image
fff29e33 T efi_handle_protocol
fff29e55 T efi_initialize_system_table
fff29ecd t efi_install_protocol_interface
fff29f20 t efi_uninstall_protocol_interface
fff29f73 t efi_uninstall_protocol
fff2a02d t efi_disconnect_all_drivers
fff2a18d t efi_raise_tpl
fff2a1a7 t efi_restore_tpl
fff2a1d2 t efi_allocate_pages_ext
fff2a1ff t efi_free_pages_ext
fff2a223 t efi_get_memory_map_ext
fff2a259 t efi_allocate_pool_ext
fff2a27d t efi_free_pool_ext
fff2a299 t efi_create_event_ext
fff2a2d1 t efi_set_timer_ext
fff2a303 t efi_wait_for_event
fff2a3c6 t efi_signal_event_ext
fff2a413 t efi_close_event
fff2a4fd t efi_check_event
fff2a55d t efi_reinstall_protocol_interface
fff2a5c2 t efi_locate_handle_ext
fff2a5f9 t efi_install_configuration_table_ext
fff2a619 t efi_exit
fff2a6f8 t efi_exit_boot_services
fff2a87f t efi_get_next_monotonic_count
fff2a8bc t efi_stall
fff2a907 t efi_set_watchdog_timer
fff2a923 t efi_connect_controller
fff2aac6 t efi_close_protocol_ext
fff2aaf3 t efi_open_protocol_information
fff2abd2 t efi_protocols_per_handle
fff2ac8e t efi_locate_protocol
fff2ad7d t efi_install_multiple_protocol_interfaces_ext
fff2ada1 t efi_uninstall_multiple_protocol_interfaces_ext
fff2adc5 t efi_calculate_crc32
fff2ae0e t efi_copy_mem
fff2ae32 t efi_set_mem
fff2ae57 t efi_create_event_ex
fff2aeb4 t efi_update_exit_data
fff2af05 t efi_bind_controller
fff2afae T efi_get_dp_from_boot
fff2b054 T efi_link_dev
fff2b065 T efi_unlink_dev
fff2b088 T efi_varname_is_load_option
fff2b0ef T efi_next_variable_name
fff2b143 T efi_setup_console_size
fff2b31b t efi_cout_reset
fff2b35c t efi_cout_output_string
fff2b488 t efi_cout_test_string
fff2b49b t efi_cout_query_mode
fff2b4fb t efi_cout_set_mode
fff2b54e t efi_cout_set_attribute
fff2b5a8 t efi_cout_clear_screen
fff2b5f2 t efi_cout_set_cursor_position
fff2b663 t efi_cout_enable_cursor
fff2b6a1 t efi_cin_reset
fff2b6cb t efi_cin_read_key_stroke
fff2b723 T efi_console_register
fff2b82e t efi_key_notify
fff2b843 t efi_console_timer_notify
fff2b858 T efi_console_get_u16_string
fff2b973 t efi_cin_empty_buffer
fff2b991 t term_get_char
fff2b9c9 t efi_cin_check
fff2bc5d t set_shift_mask
fff2bcb2 t analyze_modifiers
fff2bd0c t efi_cin_reset_ex
fff2bd36 t efi_cin_read_key_stroke_ex
fff2be0e t efi_cin_set_state
fff2be24 t efi_cin_register_key_notify
fff2bea9 t efi_cin_unregister_key_notify
fff2befb T efi_dp_next
fff2bf19 T efi_dp_shorten
fff2bf5d T efi_dp_find_obj
fff2bf90 t find_handle
fff2c0ce T efi_dp_last_node
fff2c0f3 T efi_dp_instance_size
fff2c11c T efi_dp_size
fff2c13b T efi_dp_dup
fff2c186 t dp_alloc
fff2c1ba T efi_dp_append
fff2c1cf t efi_dp_append_or_concatenate
fff2c2b3 T efi_dp_concat
fff2c2c8 T efi_dp_append_node
fff2c37b T efi_dp_create_device_node
fff2c3b3 T efi_dp_append_instance
fff2c474 T efi_dp_get_next_instance
fff2c500 T efi_dp_is_multi_instance
fff2c527 T efi_dp_from_part
fff2c576 t dp_part_fill
fff2c59f T efi_dp_part_node
fff2c5d9 t dp_part_node
fff2c6e2 T efi_dp_from_file
fff2c7e3 T efi_dp_from_uart
fff2c82a T efi_dp_from_eth
fff2c868 t dp_size
fff2c8e8 t dp_fill
fff2ca32 T efi_dp_from_mem
fff2ca71 T efi_dp_split_file_path
fff2cae8 T efi_dp_from_name
fff2ccaf T efi_dp_check_length
fff2ccf7 T efi_dp_from_lo
fff2cd69 T efi_dp_str
fff2cd92 t efi_convert_device_path_to_text
fff2ce07 t efi_convert_device_node_to_text
fff2ce49 t efi_convert_single_device_node_to_text
fff2d391 t efi_str_to_u16
fff2d3d4 t get_device_path_size
fff2d401 t duplicate_device_path
fff2d423 t append_device_path
fff2d44b t append_device_node
fff2d473 t append_device_path_instance
fff2d49b t get_next_device_path_instance
fff2d4c3 t is_device_path_multi_instance
fff2d4e5 t create_device_node
fff2d514 T efi_try_purge_kaslr_seed
fff2d581 T efi_carve_out_dt_rsv
fff2d683 t efi_reserve_memory
fff2d6cb t efi_dt_fixup
fff2d7d5 T efi_file_open_int
fff2d858 t file_open
fff2dab3 T efi_file_size
fff2db47 T efi_file_read_int
fff2dde2 T efi_file_setpos_int
fff2de38 t efi_get_file_size
fff2de73 T efi_file_from_path
fff2dfa7 T efi_simple_file_system
fff2dfde t efi_open_volume
fff2e03f t efi_create_file
fff2e064 t efi_file_open
fff2e0ac t efi_file_close
fff2e0d4 t efi_file_delete
fff2e123 t efi_file_read
fff2e14f t efi_file_write
fff2e182 t efi_file_getpos
fff2e1b7 t efi_file_setpos
fff2e1e3 t efi_file_getinfo
fff2e3d7 t efi_file_setinfo
fff2e4e4 t efi_file_flush
fff2e515 t efi_file_open_ex
fff2e577 t efi_file_read_ex
fff2e5c4 t efi_file_write_ex
fff2e614 t efi_file_flush_ex
fff2e65d t efi_file_write_int
fff2e6ef t new_package_list
fff2e792 t remove_package_list
fff2e7cf t update_package_list
fff2e875 t list_package_lists
fff2e93f t export_package_lists
fff2e96d t register_package_notify
fff2e9ae t unregister_package_notify
fff2e9c4 t find_keyboard_layouts
fff2ea67 t get_keyboard_layout
fff2eaf8 t set_keyboard_layout
fff2eb1a t get_package_list_handle
fff2eb5a t new_string
fff2ec47 t get_string
fff2ecdb t set_string
fff2edd0 t get_languages
fff2ee8f t get_secondary_languages
fff2ef00 t add_packages
fff2f201 t free_packagelist
fff2f236 t free_keyboard_layouts
fff2f278 t remove_strings_package
fff2f2d9 t remove_guid_package
fff2f30a t remove_keyboard_package
fff2f342 t language_match
fff2f378 T efi_print_image_infos
fff2f44c W invalidate_icache_all
fff2f44d T efi_check_pe
fff2f48b T efi_load_pe
fff2f75e t efi_set_code_and_data_type
fff2f7a5 t efi_loader_relocate
fff2f855 T efi_set_load_options
fff2f887 T efi_deserialize_load_option
fff2f90c T efi_serialize_load_option
fff2f9c1 T efi_add_memory_map
fff2f9fe t efi_add_memory_map_pg
fff2fcda T efi_allocate_pages
fff2fef7 t efi_check_allocated
fff2ff5c T efi_free_pages
fff2ffc9 T efi_alloc_aligned_pages
fff30134 T efi_allocate_pool
fff301a9 T efi_free_pool
fff30232 T efi_get_memory_map
fff302cf T efi_get_memory_map_alloc
fff3033f T efi_add_conventional_memory_map
fff303e2 T efi_memory_init
fff3045c t efi_mem_sort
fff30541 t efi_mem_cmp
fff30575 T efi_root_node_register
fff30621 T efi_init_runtime_supported
fff30667 W efi_reset_system_init
fff3066a t efi_get_time_boottime
fff30749 t efi_set_time_boottime
fff3075f t efi_set_virtual_address_map
fff30980 t efi_reset_system_boottime
fff309dd W allow_unaligned
fff309de T efi_init_early
fff30a11 T efi_init_obj_list
fff30bac T efi_create_indexed_name
fff30c0c t efi_stri_coll
fff30c79 t efi_metai_match
fff30c9f t efi_str_lwr
fff30cd7 t efi_str_upr
fff30d0f t efi_fat_to_str
fff30d5e t efi_str_to_fat
fff30e2e t metai_match
fff30f90 T efi_get_variable
fff30fdc T efi_set_variable
fff31020 T efi_get_next_variable_name
fff3104c T efi_query_variable_info
fff3108e T efi_init_secure_state
fff311a8 T efi_auth_var_get_type
fff311fb T efi_get_var
fff31262 T efi_var_mem_init
fff31302 t efi_var_mem_notify_exit_boot_services
fff31352 T efi_var_collect
fff314ed T efi_var_to_file
fff31580 t efi_set_blk_dev_to_system_partition
fff315f3 T efi_var_restore
fff31724 T efi_var_from_file
fff317cc T efi_set_variable_int
fff319f0 T efi_query_variable_info_int
fff31a4f T efi_variables_boot_exit_notify
fff31a81 T efi_init_variables
fff31aa2 T efi_set_watchdog
fff31ade T efi_watchdog_register
fff31b22 t efi_watchdog_timer_notify
fff31b50 T efi_gop_register
fff31cc8 t gop_query_mode
fff31d38 t gop_set_mode
fff31db1 t gop_blt
fff323bd t gop_blt_video_fill
fff324ca T efi_disk_is_removable
fff32500 T efi_fs_from_path
fff32564 T efi_disk_probe
fff32700 T efi_disk_remove
fff3278b T efi_disk_get_device_name
fff3283f T efi_disks_register
fff32871 t efi_disk_add_dev
fff32ac0 t efi_disk_reset
fff32ad3 t efi_disk_read_blocks
fff32b7e t efi_disk_write_blocks
fff32c34 t efi_disk_flush_blocks
fff32c47 t efi_disk_rw_blocks
fff32d18 T efi_net_register
fff33089 t efi_net_start
fff330d5 t efi_net_stop
fff3311a t efi_net_initialize
fff3319a t efi_net_reset
fff331f4 t efi_net_shutdown
fff33254 t efi_net_receive_filters
fff3326a t efi_net_station_address
fff33280 t efi_net_statistics
fff33296 t efi_net_mcastiptomac
fff33324 t efi_net_nvdata
fff3333a t efi_net_get_status
fff333af t efi_net_transmit
fff334a2 t efi_net_receive
fff33618 t efi_pxe_base_code_start
fff3361e t efi_pxe_base_code_stop
fff33624 t efi_pxe_base_code_dhcp
fff3362a t efi_pxe_base_code_discover
fff33630 t efi_pxe_base_code_mtftp
fff33636 t efi_pxe_base_code_udp_write
fff3363c t efi_pxe_base_code_udp_read
fff33642 t efi_pxe_base_code_set_ip_filter
fff33648 t efi_pxe_base_code_arp
fff3364e t efi_pxe_base_code_set_parameters
fff33654 t efi_pxe_base_code_set_station_ip
fff3365a t efi_pxe_base_code_set_packets
fff33660 t efi_network_timer_notify
fff336ba t efi_net_push
fff33713 T efi_smbios_register
fff33794 W platform_get_rng_device
fff337c2 T efi_rng_register
fff3380e t rng_getinfo
fff33887 t getrng
fff33925 T efi_initrd_register
fff339ce T efi_initrd_deregister
fff33a0d t efi_load_file2_initrd
fff33b3c t find_image_node
fff33b94 T binman_init
fff33bd5 T console_read_unicode
fff33c90 T utf8_get
fff33d4b T utf8_put
fff33df5 T utf8_utf16_strnlen
fff33e49 T utf8_utf16_strncpy
fff33ea7 T utf16_put
fff33f0a T utf16_get
fff33f7f T utf16_strnlen
fff33fc9 T utf16_utf8_strnlen
fff34039 T utf16_utf8_strncpy
fff34096 T utf_to_lower
fff340ca T utf_to_upper
fff340fe T u16_strncmp
fff34130 T u16_strsize
fff34149 T u16_strcpy
fff3416f T u16_strdup
fff341b0 T u16_strlcat
fff3421c T utf16_to_utf8
fff34309 T utf_to_cp
fff34346 T write_smbios_table
fff3446c t smbios_write_type0
fff34532 t smbios_write_type1
fff34659 t smbios_write_type2
fff3472d t smbios_write_type3
fff347a9 t smbios_write_type4
fff348bd t smbios_write_type32
fff34903 t smbios_write_type127
fff3492f t smbios_add_string
fff349a2 t smbios_add_prop_si
fff349f7 T string_to_ip
fff34a6a T string_to_ip6
fff34c52 T string_to_enetaddr
fff34c93 T compute_ip_checksum
fff34cd2 T ip_checksum_ok
fff34cea T list_sort
fff34e7b t merge
fff34ede T inflate_fast
fff35438 T inflate_table
fff35875 T inflateReset
fff358cd T inflateInit2_
fff359a1 T zcalloc
fff359ab T zcfree
fff359b2 T inflate
fff37275 T adler32
fff374df T inflateEnd
fff37527 T gzalloc
fff37535 T gzfree
fff3753c T gzip_parse_header
fff375b1 T gunzip
fff375f5 T zunzip
fff376c8 T ulz4fn
fff37ba3 t LZ4_wildCopy
fff37bc4 T avb_chain_partition_descriptor_validate_and_byteswap
fff37d00 T avb_sub_cmdline
fff37ef4 T avb_append_options
fff38221 t cmdline_append_option
fff382e6 t cmdline_append_hex
fff38320 T avb_new_cmdline_subst_list
fff3832a T avb_free_cmdline_subst_list
fff3835f T avb_add_root_digest_substitution
fff383f3 t uint64_to_base10
fff38449 T avb_get_algorithm_data
fff3845c T avb_rsa_public_key_header_validate_and_byteswap
fff3848b T avb_footer_validate_and_byteswap
fff38558 T avb_hashtree_descriptor_validate_and_byteswap
fff38704 T avb_property_descriptor_validate_and_byteswap
fff38811 T avb_property_lookup
fff38875 t property_lookup_desc_foreach
fff38906 T avb_sha256_init
fff38926 T avb_sha256_update
fff389bd t SHA256_transform
fff38b95 T avb_sha256_final
fff38c6d T avb_slot_verify
fff39077 t load_and_verify_vbmeta
fff39f31 t has_system_partition
fff39fe9 t avb_manage_hashtree_error_mode
fff3a196 T avb_slot_verify_data_free
fff3a24c T avb_slot_verify_data_calculate_vbmeta_digest
fff3a33c t load_requested_partitions
fff3a50b t load_and_verify_hash_partition
fff3a9d9 t read_persistent_digest
fff3ac86 t load_full_partition
fff3ae36 T avb_be32toh
fff3ae39 T avb_be64toh
fff3ae44 T avb_safe_memcmp
fff3ae6d T avb_safe_add_to
fff3aec3 T avb_basename
fff3af04 T avb_safe_add
fff3af2d T avb_validate_utf8
fff3af96 T avb_str_concat
fff3b054 T avb_malloc
fff3b096 T avb_calloc
fff3b0b9 T avb_strdup
fff3b0e6 T avb_strstr
fff3b127 T avb_strv_find_str
fff3b16c T avb_replace
fff3b311 T avb_strdupv
fff3b404 T avb_uppercase
fff3b423 T avb_bin2hex
fff3b473 T avb_version_string
fff3b479 T avb_descriptor_validate_and_byteswap
fff3b4dd T avb_descriptor_foreach
fff3b764 T avb_descriptor_get_all
fff3b7d3 t count_descriptors
fff3b7d8 t set_descriptors
fff3b7ec T avb_hash_descriptor_validate_and_byteswap
fff3b928 T avb_kernel_cmdline_descriptor_validate_and_byteswap
fff3ba14 T avb_rsa_verify
fff3be88 t montMul
fff3bfa9 T avb_sha512_init
fff3bfd5 T avb_sha512_update
fff3c06c t SHA512_transform
fff3c477 T avb_sha512_final
fff3c55c T avb_memcmp
fff3c561 T avb_memcpy
fff3c566 T avb_memset
fff3c56b T avb_strcmp
fff3c570 T avb_strncmp
fff3c575 T avb_strlen
fff3c57a T avb_abort
fff3c582 T avb_printv
fff3c5b9 T avb_malloc_
fff3c5be T avb_free
fff3c5c3 T avb_div_by_10
fff3c5f3 T avb_vbmeta_image_verify
fff3cb94 T avb_vbmeta_image_header_to_host_byte_order
fff3ccb6 T avb_vbmeta_verify_result_to_string
fff3ccfc T addBootConfigParameters
fff3cd92 T addBootConfigTrailer
fff3ce20 T fdt_ro_probe_
fff3ce88 T fdt_header_size
fff3ceb8 T fdt_check_header
fff3cfa6 T fdt_offset_ptr
fff3cff3 T fdt_next_tag
fff3d0e8 T fdt_check_node_offset_
fff3d11f T fdt_check_prop_offset_
fff3d156 T fdt_next_node
fff3d201 T fdt_first_subnode
fff3d22f T fdt_next_subnode
fff3d26d T fdt_find_string_
fff3d2b6 T fdt_move
fff3d2f7 T fdt_get_string
fff3d3ac T fdt_get_mem_rsv
fff3d3f9 t fdt_mem_rsv
fff3d422 T fdt_num_mem_rsv
fff3d45b T fdt_subnode_offset_namelen
fff3d519 T fdt_subnode_offset
fff3d541 T fdt_path_offset_namelen
fff3d60b T fdt_get_alias_namelen
fff3d64c T fdt_path_offset
fff3d66a T fdt_get_name
fff3d6da T fdt_first_property_offset
fff3d6fb t nextprop_
fff3d748 T fdt_next_property_offset
fff3d769 t fdt_get_property_by_offset_
fff3d7a1 T fdt_get_property_namelen
fff3d7da t fdt_get_property_namelen_
fff3d865 T fdt_get_property
fff3d896 T fdt_getprop_namelen
fff3d8e8 T fdt_getprop_by_offset
fff3d96e T fdt_getprop
fff3d99f T fdt_supernode_atdepth_offset
fff3da30 T fdt_parent_offset
fff3da79 T fdt_stringlist_search
fff3db1a T fdt_add_mem_rsv
fff3db83 t fdt_rw_probe_
fff3dbd5 t fdt_splice_mem_rsv_
fff3dc26 T fdt_del_mem_rsv
fff3dc6b t fdt_splice_struct_
fff3dca7 T fdt_setprop_placeholder
fff3dd5b t fdt_add_property_
fff3de79 T fdt_setprop
fff3deb1 T fdt_delprop
fff3df07 T fdt_add_subnode_namelen
fff3dfee T fdt_add_subnode
fff3e016 T fdt_open_into
fff3e195 t fdt_blocks_misordered_
fff3e1d2 t fdt_packblocks_
fff3e250 t fdt_splice_
fff3e2be T fdt_strerror
fff3e2ed T fdt_address_cells
fff3e317 t fdt_cells
fff3e354 T fdt_size_cells
fff3e371 T fdtdec_get_int
fff3e39d T fdtdec_get_srcname
fff3e3b1 T fdtdec_get_addr_size_fixed
fff3e46b T fdtdec_get_number
fff3e48a T fdtdec_get_addr_size_auto_parent
fff3e4e3 T fdtdec_get_pci_bar32
fff3e50f T fdtdec_get_is_enabled
fff3e543 T fdtdec_get_alias_seq
fff3e61f T fdtdec_get_alias_highest_id
fff3e6cf T fdtdec_get_chosen_prop
fff3e6ff t fdtdec_prepare_fdt
fff3e740 T fdtdec_get_bool
fff3e75e T fdtdec_locate_byte_array
fff3e785 T fdt_get_resource
fff3e88f W fdtdec_board_setup
fff3e892 T fdtdec_setup
fff3e903 T qsort
fff3e9c0 T strcmp_compar
fff3e9c9 T hcreate_r
fff3ea4a T hdestroy_r
fff3eaac T hmatch_r
fff3eb25 T hsearch_r
fff3ef6f T hdelete_r
fff3f042 T hexport_r
fff3f2e4 t cmpkey
fff3f2f1 T himport_r
fff3f5fa t drop_var_from_set
fff3f646 T hwalk_r
fff3f685 t match_string
fff3f6ff T display_options_get_banner_priv
fff3f787 T display_options_get_banner
fff3f7a0 T display_options
fff3f811 T print_size
fff3f955 T hexdump_line
fff3fa98 T print_buffer
fff3fb61 W __div64_32
fff3fc81 T hang
fff3fc90 T strim
fff3fcd4 T lmb_dump_all
fff3fcd5 T arch_lmb_reserve_generic
fff3fd94 T lmb_reserve
fff3fdb5 T lmb_init_and_reserve
fff3fe28 t lmb_reserve_common
fff3fedc T lmb_init_and_reserve_range
fff3ff2f T lmb_free
fff400bf t lmb_remove_region
fff400fc t lmb_add_region_flags
fff40409 T lmb_reserve_flags
fff4042c T lmb_alloc
fff40445 T lmb_alloc_base
fff4048c T __lmb_alloc_base
fff406dd T lmb_alloc_addr
fff407ac T lmb_get_free_size
fff40886 W board_lmb_reserve
fff40887 T slre_compile
fff409a5 t compile
fff40fc8 T slre_match
fff41039 t match
fff4135b t get_escape_char
fff413b1 t quantifier
fff41478 t relocate
fff414c7 t loop_greedy
fff41571 t loop_non_greedy
fff415d7 T strncasecmp
fff4162f T strcasecmp
fff41637 T strcpy
fff41647 T strncpy
fff4165d T strlcpy
fff41694 T strlen
fff416a4 T strcat
fff416c1 T strncat
fff416ed T strlcat
fff4171b T strnlen
fff41738 T strcmp
fff41756 T strncmp
fff4177a T strchr
fff41792 T strrchr
fff417b2 T strdup
fff417e6 T strsep
fff41835 T memcmp
fff41857 T strstr
fff418b2 T memchr
fff418cb T table_compute_checksum
fff418dd T get_tbclk
fff4190a T get_ticks
fff41964 W timer_init
fff41967 T usec_to_tick
fff419d5 T udelay
fff419fb T uuid_str_valid
fff41a4c T uuid_guid_get_bin
fff41a94 T uuid_guid_get_str
fff41ac6 T uuid_str_to_bin
fff41bf4 T uuid_bin_to_str
fff41ca0 T rand
fff41cc0 t panic_finish
fff41ce6 T panic
fff41cff T vsnprintf
fff41d19 t vsnprintf_internal
fff424bd T vscnprintf
fff424eb T snprintf
fff42512 T sprintf
fff42539 T printf
fff42551 T vprintf
fff4259b T simple_itoa
fff425d6 t string16
fff426a1 t string
fff42714 t number
fff429a1 t put_dec_trunc
fff42a90 t put_dec
fff42be2 T simple_strtoul
fff42c68 T hextoul
fff42c72 T dectoul
fff42c7c T strict_strtoul
fff42cdd T simple_strtol
fff42cf9 T ustrtoul
fff42d5f T ustrtoull
fff42dcf T simple_strtoull
fff42e5d T trailing_strtoln_end
fff42ebe T trailing_strtoln
fff42ec5 T trailing_strtol
fff42ece T rtc_calc_weekday
fff42f82 T arp_init
fff42fa6 T arp_raw_request
fff43042 T arp_request
fff43096 T arp_timeout_check
fff43106 T arp_is_waiting
fff43111 T arp_receive
fff432d8 T bootp_reset
fff43301 T bootp_request
fff435a9 t bootp_timeout_handler
fff435fc t bootp_handler
fff4395c t eth_get_uclass_priv
fff43982 T eth_set_current_to_next
fff439b3 T eth_get_dev
fff43a04 T eth_set_dev
fff43a32 T eth_get_dev_by_name
fff43aeb T eth_get_ethaddr
fff43b0c T eth_halt_state_only
fff43b2d T eth_get_dev_index
fff43b4a t on_ethaddr
fff43bb2 T eth_init
fff43c6e T eth_halt
fff43ca7 T eth_send
fff43cf3 T eth_rx
fff43d86 T eth_initialize
fff43e9b t eth_write_hwaddr
fff43f22 t eth_post_bind
fff43f62 t eth_pre_unbind
fff43f83 t eth_post_probe
fff4411e t eth_pre_remove
fff4414d T eth_env_get_enetaddr_by_index
fff44181 T eth_env_set_enetaddr_by_index
fff441b5 T eth_common_init
fff441b6 T eth_mac_skip
fff441ef T eth_current_changed
fff4427e T eth_get_name
fff4429d T eth_try_another
fff442fe T eth_set_current
fff44361 T ndisc_request
fff444eb T ndisc_timeout_check
fff4455e T ndisc_init
fff445c4 T ndisc_receive
fff447fe t on_ipaddr
fff44820 t on_gatewayip
fff44842 t on_netmask
fff44864 t on_serverip
fff44886 t on_nvlan
fff448bf t on_vlan
fff448f8 T net_auto_load
fff4494a t net_check_prereq
fff44a9a T net_init
fff44b1e t net_init_loop
fff44b8c T net_loop
fff44e46 T net_start_again
fff44f48 T net_set_timeout_handler
fff44f8b t start_again_timeout_handler
fff44f96 T net_set_udp_handler
fff44fa8 T net_get_udp_handler
fff44fae t dummy_handler
fff44faf T net_get_arp_handler
fff44fb5 T net_get_async_tx_pkt_buf
fff44fd1 T net_send_udp_packet
fff44ff1 T net_send_ip_packet
fff45141 T net_send_tcp_packet
fff45176 T net_set_ether
fff451d9 T net_set_udp_header
fff45237 T net_set_ip_header
fff452b7 T net_process_received_packet
fff45511 t receive_icmp
fff4554f T net_eth_hdr_size
fff4556c T net_update_ether
fff455cf T copy_filename
fff45611 T net_parse_bootfile
fff45689 T ip_to_string
fff456c1 t on_ip6addr
fff4573c t on_gatewayip6
fff45769 t on_serverip6
fff45796 T ip6_is_unspecified_addr
fff457a9 T ip6_is_our_addr
fff457e6 T ip6_make_eui
fff45818 T ip6_make_lladdr
fff45858 T ip6_make_snma
fff4588e T ip6_make_mult_ethdstaddr
fff458a3 T ip6_addr_in_subnet
fff458da T csum_partial
fff4597c T csum_ipv6_magic
fff45a03 T ip6_add_hdr
fff45a50 T udp6_add_hdr
fff45abe T net_send_ip_packet6
fff45c4d T net_send_udp_packet6
fff45c6d T net_send_tcp_packet6
fff45ca1 T net_ip6_handler
fff45e70 T ping_start
fff45f36 t ping_timeout_handler
fff45f4c T ping_receive
fff46046 T ip6_make_ping
fff4610a T ping6_send
fff4619b T ping6_start
fff461cb t ping6_timeout
fff461e1 T ping6_receive
fff46233 T tftp_start
fff466f3 t tftp_timeout_handler
fff46754 t tftp_handler
fff46af1 t tftp_send
fff46d0b t update_block_number
fff46df1 t tftp_complete
fff46ec6 T fastboot_udp_start_server
fff46f16 t fastboot_handler
fff47035 t fastboot_send
fff472ec T fastboot_tcp_start_server
fff47343 t fastboot_tcp_handler_ipv4
fff4735b t fastboot_tcp_handler_ipv6
fff4739f t fastboot_tcp_handler
fff47623 t fastboot_tcp_answer
fff47690 T udp_prereq
fff476a3 T udp_start
fff476af T tcp_set_tcp_state
fff476b5 T tcp_set_tcp_handler
fff476c7 t dummy_handler
fff476c8 T tcp_set_pseudo_header
fff4772a T net_set_ack_options
fff477c1 T tcp_sent_state_machine
fff4783c T net_set_tcp_header_common
fff47916 T net_set_tcp_header
fff47993 T tcp_hole
fff47aaf T tcp_parse_options
fff47adc T tcp_state_machine
fff47d08 T rxhand_tcp_f
fff47e83 T net_set_tcp_handler6
fff47e95 t dummy_handler
fff47e96 T net_set_tcp_header6
fff47f23 T rxhand_tcp6
fff48061 T __udivdi3
fff48079 t _64bit_divide
fff48199 T __umoddi3
fff481d0 d _u_boot_list_2_bootdev_hunter_2_qfw_bootdev_hunter
fff481e0 d _u_boot_list_2_bootdev_hunter_2_virtio_bootdev_hunter
fff481f0 d _u_boot_list_2_cmd_2_ab_select
fff481f0 d complete_cmdv.start
fff481f0 d complete_cmdv.start.17
fff481f0 d do_help.start
fff481f0 d do_help.start.6
fff481f0 d find_cmd.start
fff481f0 d find_cmd.start.2
fff4820c d _u_boot_list_2_cmd_2_avb
fff48228 d _u_boot_list_2_cmd_2_bcb
fff48244 d _u_boot_list_2_cmd_2_boot
fff48260 d _u_boot_list_2_cmd_2_boot_android
fff4827c d _u_boot_list_2_cmd_2_bootd
fff48298 d _u_boot_list_2_cmd_2_bootefi
fff482b4 d _u_boot_list_2_cmd_2_bootm
fff482d0 d _u_boot_list_2_cmd_2_bootp
fff482ec d _u_boot_list_2_cmd_2_bootz
fff48308 d _u_boot_list_2_cmd_2_cls
fff48324 d _u_boot_list_2_cmd_2_date
fff48340 d _u_boot_list_2_cmd_2_dm
fff4835c d _u_boot_list_2_cmd_2_echo
fff48378 d _u_boot_list_2_cmd_2_eficonfig
fff48394 d _u_boot_list_2_cmd_2_env
fff483b0 d _u_boot_list_2_cmd_2_exit
fff483cc d _u_boot_list_2_cmd_2_false
fff483e8 d _u_boot_list_2_cmd_2_fastboot
fff48404 d _u_boot_list_2_cmd_2_fatinfo
fff48420 d _u_boot_list_2_cmd_2_fatload
fff4843c d _u_boot_list_2_cmd_2_fatls
fff48458 d _u_boot_list_2_cmd_2_fatmkdir
fff48474 d _u_boot_list_2_cmd_2_fatrm
fff48490 d _u_boot_list_2_cmd_2_fatsize
fff484ac d _u_boot_list_2_cmd_2_fatwrite
fff484c8 d _u_boot_list_2_cmd_2_fstype
fff484e4 d _u_boot_list_2_cmd_2_fstypes
fff48500 d _u_boot_list_2_cmd_2_gpt
fff4851c d _u_boot_list_2_cmd_2_help
fff48538 d _u_boot_list_2_cmd_2_itest
fff48554 d _u_boot_list_2_cmd_2_lcdputs
fff48570 d _u_boot_list_2_cmd_2_ln
fff4858c d _u_boot_list_2_cmd_2_load
fff485a8 d _u_boot_list_2_cmd_2_ls
fff485c4 d _u_boot_list_2_cmd_2_mtrr
fff485e0 d _u_boot_list_2_cmd_2_net
fff485fc d _u_boot_list_2_cmd_2_panic
fff48618 d _u_boot_list_2_cmd_2_part
fff48634 d _u_boot_list_2_cmd_2_ping
fff48650 d _u_boot_list_2_cmd_2_ping6
fff4866c d _u_boot_list_2_cmd_2_printenv
fff48688 d _u_boot_list_2_cmd_2_question_mark
fff486a4 d _u_boot_list_2_cmd_2_read
fff486c0 d _u_boot_list_2_cmd_2_reset
fff486dc d _u_boot_list_2_cmd_2_run
fff486f8 d _u_boot_list_2_cmd_2_save
fff48714 d _u_boot_list_2_cmd_2_setcurs
fff48730 d _u_boot_list_2_cmd_2_setenv
fff4874c d _u_boot_list_2_cmd_2_setexpr
fff48768 d _u_boot_list_2_cmd_2_showvar
fff48784 d _u_boot_list_2_cmd_2_size
fff487a0 d _u_boot_list_2_cmd_2_sleep
fff487bc d _u_boot_list_2_cmd_2_source
fff487d8 d _u_boot_list_2_cmd_2_test
fff487f4 d _u_boot_list_2_cmd_2_tftpboot
fff48810 d _u_boot_list_2_cmd_2_true
fff4882c d _u_boot_list_2_cmd_2_verified_boot_android
fff48848 d _u_boot_list_2_cmd_2_version
fff48864 d _u_boot_list_2_cmd_2_virtio
fff48880 d _u_boot_list_2_cmd_2_zboot
fff4889c d complete_cmdv.end
fff4889c d do_help.end
fff4889c d find_cmd.end
fff488a0 d _u_boot_list_2_driver_2_blk_partition
fff488a0 d dm_dump_driver_compat.start
fff488a0 d dm_dump_driver_compat.start.5
fff488a0 d dm_dump_drivers.start
fff488a0 d dm_dump_drivers.start.12
fff488a0 d efi_driver_init.start
fff488a0 d fix_drivers.start
fff488a0 d fix_drivers.start.1
fff488a0 d lists_bind_fdt.start
fff488a0 d lists_bind_fdt.start.3
fff488a0 d lists_driver_lookup_name.start
fff488a0 d lists_driver_lookup_name.start.1
fff488e4 d _u_boot_list_2_driver_2_bootmeth_qfw
fff48928 d _u_boot_list_2_driver_2_cpu_bus
fff4896c d _u_boot_list_2_driver_2_cpu_qemu_drv
fff489b0 d _u_boot_list_2_driver_2_cpu_x86_drv
fff489f4 d _u_boot_list_2_driver_2_efi_blk
fff48a38 d _u_boot_list_2_driver_2_efi_block
fff48a7c d _u_boot_list_2_driver_2_generic_syscon
fff48ac0 d _u_boot_list_2_driver_2_irq_router_drv
fff48b04 d _u_boot_list_2_driver_2_motorola_mc146818
fff48b48 d _u_boot_list_2_driver_2_ns16550_serial
fff48b8c d _u_boot_list_2_driver_2_pci_bridge_drv
fff48bd0 d _u_boot_list_2_driver_2_pci_generic_drv
fff48c14 d _u_boot_list_2_driver_2_pci_x86
fff48c58 d _u_boot_list_2_driver_2_qfw_bootdev
fff48c9c d _u_boot_list_2_driver_2_qfw_pio
fff48ce0 d _u_boot_list_2_driver_2_root_driver
fff48d24 d _u_boot_list_2_driver_2_sysinfo_smbios
fff48d68 d _u_boot_list_2_driver_2_vidconsole_normal
fff48dac d _u_boot_list_2_driver_2_virtio_blk
fff48df0 d _u_boot_list_2_driver_2_virtio_bootdev
fff48e34 d _u_boot_list_2_driver_2_virtio_console
fff48e78 d _u_boot_list_2_driver_2_virtio_net
fff48ebc d _u_boot_list_2_driver_2_virtio_pci_modern
fff48f00 d _u_boot_list_2_driver_2_x86_reset
fff48f44 d _u_boot_list_2_driver_2_x86_tsc_timer
fff48f88 d _u_boot_list_2_driver_info_2_x86_qfw_pio
fff48f88 d bind_drivers_pass.start
fff48f88 d bind_drivers_pass.start.14
fff48f88 d dm_dump_driver_compat.end
fff48f88 d dm_dump_drivers.end
fff48f88 d dm_dump_static_driver_info.start
fff48f88 d dm_dump_static_driver_info.start.20
fff48f88 d efi_driver_init.end
fff48f88 d fix_devices.start
fff48f88 d fix_devices.start.3
fff48f88 d fix_drivers.end
fff48f88 d lists_bind_fdt.end
fff48f88 d lists_driver_lookup_name.end
fff48f90 d _u_boot_list_2_env_clbk_2_baudrate
fff48f90 d bind_drivers_pass.end
fff48f90 d dm_dump_static_driver_info.end
fff48f90 d find_env_callback.start
fff48f90 d find_env_callback.start.3
fff48f90 d fix_devices.end
fff48f98 d _u_boot_list_2_env_clbk_2_callbacks
fff48fa0 d _u_boot_list_2_env_clbk_2_console
fff48fa8 d _u_boot_list_2_env_clbk_2_ethaddr
fff48fb0 d _u_boot_list_2_env_clbk_2_flags
fff48fb8 d _u_boot_list_2_env_clbk_2_gatewayip
fff48fc0 d _u_boot_list_2_env_clbk_2_gatewayip6
fff48fc8 d _u_boot_list_2_env_clbk_2_ip6addr
fff48fd0 d _u_boot_list_2_env_clbk_2_ipaddr
fff48fd8 d _u_boot_list_2_env_clbk_2_loadaddr
fff48fe0 d _u_boot_list_2_env_clbk_2_netmask
fff48fe8 d _u_boot_list_2_env_clbk_2_nvlan
fff48ff0 d _u_boot_list_2_env_clbk_2_serverip
fff48ff8 d _u_boot_list_2_env_clbk_2_serverip6
fff49000 d _u_boot_list_2_env_clbk_2_vlan
fff49008 d _env_driver_lookup.start
fff49008 d _env_driver_lookup.start.11
fff49008 d _u_boot_list_2_env_driver_2_nowhere
fff49008 d env_select.start
fff49008 d env_select.start.8
fff49008 d find_env_callback.end
fff49020 d _env_driver_lookup.end
fff49020 d _u_boot_list_2_part_driver_2_a_efi
fff49020 d do_part_types.start
fff49020 d do_part_types.start.19
fff49020 d env_select.end
fff49020 d event_show_spy_list.end
fff49020 d event_show_spy_list.start
fff49020 d event_show_spy_list.start.3
fff49020 d fit_loadable_process.start
fff49020 d fit_loadable_process.start.27
fff49020 d notify_static.end
fff49020 d notify_static.start
fff49020 d notify_static.start.10
fff49020 d part_driver_get_count.start
fff49020 d part_driver_get_first.start
fff49020 d part_driver_lookup_type.start
fff49020 d part_driver_lookup_type.start.44
fff49020 d part_init.start
fff49020 d part_init.start.19
fff49038 d _u_boot_list_2_part_driver_2_dos
fff49050 d _u_boot_list_2_pci_driver_entry_2_virtio_pci_modern
fff49050 d do_part_types.end
fff49050 d part_driver_get_count.end
fff49050 d part_driver_lookup_type.end
fff49050 d part_init.end
fff49050 d pci_find_and_bind_driver.start
fff49050 d pci_find_and_bind_driver.start.14
fff49058 d _u_boot_list_2_uclass_driver_2_backlight
fff49058 d fix_uclass.start
fff49058 d fix_uclass.start.2
fff49058 d lists_uclass_lookup.start
fff49058 d lists_uclass_lookup.start.2
fff49058 d pci_find_and_bind_driver.end
fff490a0 d _u_boot_list_2_uclass_driver_2_blk
fff490e8 d _u_boot_list_2_uclass_driver_2_cpu
fff49130 d _u_boot_list_2_uclass_driver_2_efi
fff49178 d _u_boot_list_2_uclass_driver_2_ethernet
fff491c0 d _u_boot_list_2_uclass_driver_2_irq
fff49208 d _u_boot_list_2_uclass_driver_2_lpc
fff49250 d _u_boot_list_2_uclass_driver_2_nop
fff49298 d _u_boot_list_2_uclass_driver_2_northbridge
fff492e0 d _u_boot_list_2_uclass_driver_2_panel
fff49328 d _u_boot_list_2_uclass_driver_2_partition
fff49370 d _u_boot_list_2_uclass_driver_2_pch
fff493b8 d _u_boot_list_2_uclass_driver_2_pci
fff49400 d _u_boot_list_2_uclass_driver_2_pci_generic
fff49448 d _u_boot_list_2_uclass_driver_2_qfw
fff49490 d _u_boot_list_2_uclass_driver_2_rng
fff494d8 d _u_boot_list_2_uclass_driver_2_root
fff49520 d _u_boot_list_2_uclass_driver_2_rtc
fff49568 d _u_boot_list_2_uclass_driver_2_serial
fff495b0 d _u_boot_list_2_uclass_driver_2_syscon
fff495f8 d _u_boot_list_2_uclass_driver_2_sysinfo
fff49640 d _u_boot_list_2_uclass_driver_2_sysreset
fff49688 d _u_boot_list_2_uclass_driver_2_timer
fff496d0 d _u_boot_list_2_uclass_driver_2_vidconsole
fff49718 d _u_boot_list_2_uclass_driver_2_video
fff49760 d _u_boot_list_2_uclass_driver_2_virtio
fff497a8 d fix_uclass.end
fff497a8 d lists_uclass_lookup.end
fff497b0 R __splash_u_boot_logo_begin
fff4b2c4 R __splash_u_boot_logo_end
fff4b2d8 r sha512_h0
fff4b318 r sha512_k
fff4b648 r avb_pubkey_size
fff4b66c r baudrate_table
fff4b6b0 r blk_part_ops
fff4b6c0 r block_io_disk_template
fff4b6dc r boot_os
fff4b724 r bootloader_id
fff4b878 r color
fff4b8b8 r colours
fff4b978 r commands
fff4ba3c r cpu_qemu_ids
fff4ba4c r cpu_qemu_ops
fff4ba60 r cpu_x86_ids
fff4ba70 r cpu_x86_ops
fff4ba84 r env_flags_varaccess_mask
fff4bab4 r .Lswitch.table.cli_ch_process
fff4bad4 r LZ4_decompress_generic.inc32table
fff4baf4 r LZ4_decompress_generic.dec64table
fff4bb14 r sha256_h0
fff4bbc0 r driver_ops
fff4bbd0 r e820_type_name
fff4bbf8 r efi_blk_ops
fff4bc08 r efi_block_io_guid
fff4bd64 r efi_device_path_to_text
fff4bd6c r efi_device_path_utilities
fff4bd8c r efi_file_handle_protocol
fff4bdcc r efi_file_info_guid
fff4bddc r efi_file_system_info_guid
fff4bdec r efi_global_variable_guid
fff4bdfc r efi_gop_guid
fff4be0c r efi_guid_bootmenu_auto_generated
fff4be1c r efi_guid_device_path
fff4be2c r efi_guid_device_path_to_text_protocol
fff4be3c r efi_guid_device_path_utilities_protocol
fff4be4c r efi_guid_driver_binding_protocol
fff4be5c r efi_guid_dt_fixup_protocol
fff4be6c r efi_guid_event_group_before_exit_boot_services
fff4be7c r efi_guid_event_group_exit_boot_services
fff4be8c r efi_guid_event_group_memory_map_change
fff4be9c r efi_guid_event_group_reset_system
fff4beac r efi_guid_fdt
fff4bebc r efi_guid_hii_database_protocol
fff4becc r efi_guid_hii_string_protocol
fff4bedc r efi_guid_image_security_database
fff4beec r efi_guid_load_file2_protocol
fff4befc r efi_guid_load_file_protocol
fff4bf0c r efi_guid_loaded_image
fff4bf1c r efi_guid_loaded_image_device_path
fff4bf2c r efi_guid_rng_protocol
fff4bf3c r efi_guid_text_input_ex_protocol
fff4bf4c r efi_guid_text_input_protocol
fff4bf5c r efi_guid_text_output_protocol
fff4bf6c r efi_guid_unicode_collation_protocol2
fff4bf7c r efi_guid_virtio_dev
fff4bf8c r efi_hii_database
fff4bfb8 r efi_hii_string
fff4bfcc r efi_lf2_initrd_guid
fff4bfdc r efi_lf2_protocol
fff4c00c r efi_net_guid
fff4c01c r efi_pxe_base_code_protocol_guid
fff4c02c r efi_rng_protocol
fff4c034 r efi_rt_properties_table_guid
fff4c044 r efi_simple_file_system_protocol_guid
fff4c054 r efi_system_partition_guid
fff4c064 r efi_system_volume_label_id
fff4c074 r efi_unicode_collation_protocol2
fff4c0d8 r exceptions
fff4c158 r fastboot_boot.bootm_args
fff4c174 r fastboot_set_reboot_flag.commands
fff4c184 r fastboot_set_reboot_flag.recovery
fff4c194 r fdt_errtable
fff4c208 r fdt_src_name
fff4c21c r feature
fff4c220 r feature_legacy
fff4c224 r fields
fff4c234 r freq_desc_tables
fff4c34c r fstypes
fff4c3d4 r generic_syscon_ids
fff4c41c r getvar_dispatch
fff4c500 r init_sequence_f
fff4c5c8 r init_sequence_f_r
fff4c5d0 r irq_router_ids
fff4c5e0 r list_guid
fff4c6e0 r maintenance_menu_items
fff4c764 r month_offset
fff4c794 r mtrr_type_name
fff4c7b0 r name_type
fff4c878 r ns16550_serial_ids
fff4c8a8 r ns16550_serial_ops
fff4c8cc r op_adv
fff4c9cc r op_table
fff4ca4c r partition_basic_data_guid
fff4ca5c r pci_bridge_ids
fff4ca6c r pci_bridge_ops
fff4ca74 r pci_generic_ids
fff4ca84 r pci_x86_ids
fff4ca94 r pci_x86_ops
fff4ca9c r qfw_bootdev_ids
fff4caac r qfw_bootmeth_ids
fff4cabc r reserved_list
fff4cb40 r rtc_mc146818_ids
fff4cb50 r rtc_mc146818_ops
fff4cb7c r sha256_k
fff4cc7c r shim_lock_guid
fff4cc8c r smbios_guid
fff4cc9c r smbios_write_funcs
fff4ccd4 r sysinfo_smbios_ids
fff4cce4 r sysinfo_smbios_ops
fff4ccf8 r system_guid
fff4cd70 r tsc_timer_ids
fff4cd80 r tsc_timer_ops
fff4cd84 r uclass_idname_str
fff4cddc r uimage_comp
fff4ce3c r uimage_os
fff4ced8 r uimage_type
fff4d174 r virtio_blk_ops
fff4d184 r virtio_bootdev_ids
fff4d194 r virtio_console_serial_ops
fff4d1b8 r virtio_drv_name
fff4d1cc r virtio_net_ops
fff4d210 r virtio_pci_ops
fff4d2b4 r weekdays
fff4d2d0 r x86_sysreset_ids
fff4d2e0 r x86_vendor_name
fff4d30c r x86_vendors
fff4d37c r END
fff4d380 r ROOT
fff4d394 r capitalization_table
fff4e264 r codepage_437
fff4e364 r distfix
fff4e3e4 r dp_lf2_handle
fff4e3fc r inflate.order
fff4e422 r inflate_table.dbase
fff4e462 r inflate_table.dext
fff4e4a2 r inflate_table.lbase
fff4e4e0 r inflate_table.lext
fff4e51e r lenfix
fff4eea8 r LONG_ONLY_CHARS
fff4eeaf r _ctype
fff4efaf r android_bootloader_boot_flow.km_name
fff4efc0 r avb_pubkey
fff4f3c9 r number.digits
fff4f3d9 r default_environment
fff4f576 r env_flags_varaccess_rep
fff4f57b r env_flags_vartype_rep
fff4f582 r erase_seq
fff4f586 r extract_keymint_relevant_data.boot_patchlevel_key
fff4f5ac r extract_keymint_relevant_data.system_patchlevel_key
fff4f5d4 r extract_keymint_relevant_data.system_version_key
fff4f5f8 r extract_keymint_relevant_data.vendor_patchlevel_key
fff4f620 r hex_asc
fff4f631 r illegal
fff4f642 r net_bcast_ethaddr
fff4f648 r net_null_addr_ip6
fff4f658 r net_null_ethaddr
fff4f65e r padding_RSA2048_SHA256
fff4f73e r padding_RSA2048_SHA512
fff4f7fe r padding_RSA4096_SHA256
fff4f9de r padding_RSA4096_SHA512
fff4fb9e r padding_RSA8192_SHA256
fff4ff7e r padding_RSA8192_SHA512
fff5033e r print_size.names
fff57ff8 r .L.str.8
fff58054 r .L.str.17
fff58059 r .L.str.18
fff5e9d3 r tab_seq
fff5e9dc r version_string
fff5ea27 r video_fontdata
fff5fa30 D gdt64
fff5fa30 d gdt
fff5fa60 d gdt_end
fff5fa60 d load_flags
fff5fa80 d xload_flags
fff5faa8 d zboot_subcmds
fff5fb50 d image_load_addr
fff5fb54 d qfw_bootmeth_ops
fff5fb6c d bootm_help_text
fff5fefc d cmd_bootm_sub
fff5fff8 d source_help_text
fff60020 d partition
fff60024 d cmd_bcb_sub
fff600cc d bootefi_help_text
fff601dd d bootz_help_text
fff603e8 d default_tm
fff6040c d dm_help_text
fff60580 d dm_subcmds
fff60628 d eficonfig_menu_desc
fff6062c d select_file_menu_items
fff60650 d cmd_net
fff6066c d fastboot_help_text
fff60728 d cmd_avb
fff60824 d env_id
fff60828 d env_help_text
fff609f8 d cmd_env_sub
fff60abc d init_sequence_r
fff60b40 d hist_cur
fff60b44 d av_
fff60f4c d trim_threshold
fff60f50 d sbrk_base
fff60f54 d _stats
fff60f68 d block_cache
fff60f70 d root_info
fff60f78 d x86_sysreset_ops
fff60f84 d virtio_pci_supported
fff616a0 d qfw_bootdev_ops
fff616a4 d qfw_pio_ops
fff616ac d console_normal_ops
fff616c8 d env_htab
fff616d8 d efi_obj_list
fff616e0 d efi_event_queue
fff616e8 d efi_register_notify_events
fff616f0 d entry_count
fff616f4 d efi_boot_services
fff617bc d efi_tpl
fff617c0 d efi_cout_modes
fff617e4 d efi_con_mode
fff617fc d efi_con_out
fff61824 d efi_con_in
fff61830 d efi_con_in_ex
fff61848 d cin_notify_functions
fff61850 d efi_dt_fixup_prot
fff6185c d efi_package_lists
fff61864 d efi_keyboard_layout_list
fff6186c d efi_mem
fff61874 d efi_obj_list_initialized
fff61878 d efi_system_partition
fff61884 d algorithm_data
fff618d8 d y
fff618dc d net_our_vlan
fff618de d net_native_vlan
fff618e0 d tftp_timeout_count_max
fff618e4 d tftp_block_size_option
fff618e6 d tftp_window_size_option
fff618e8 d timeout_ms
fff618ec d timeout_count_max
fff618f0 d tftp_block_size
fff618f2 d sequence_number
fff618f4 d fastboot_send.cmd
fff61908 d _GLOBAL_OFFSET_TABLE_
fff61908 d __efi_runtime_rel_start
fff61a68 A __data_end
fff61a68 A __init_end
fff61a68 d __efi_runtime_rel_stop
fff61a78 A __rel_dyn_start
fff61a78 B __bss_start
fff61a78 b i440fx
fff61a80 b idt
fff62280 b idt_ptr
fff62288 b irq_handlers
fff62348 b spurious_irq_cnt
fff6234c b state
fff62368 b images
fff626bc b get_console.console
fff626c0 b block
fff626c4 b partition_data
fff62780 b bcb
fff62f80 b image_addr
fff62f84 b image_size
fff62f88 b bootefi_device_path
fff62f8c b bootefi_image_path
fff62f90 b avail_row
fff62f94 b eficonfig_init.init
fff62f98 b cin
fff62f9c b cout
fff62fa0 b virtio_curr_dev
fff62fa4 b avb_ops
fff62fa8 b top_vars
fff62fac b last_return_code
fff62fb0 b get_dollar_var.buf
fff62fd8 b flag_repeat
fff62fdc b ifs
fff62fe0 b map
fff630e0 b do_repeat
fff630e1 b get_user_input.the_command
fff632e4 b stored_bootdelay
fff632e8 b monitor_flash_len
fff632ec b console_buffer
fff634f0 b cli_readline_into_buffer.initted
fff634f4 b hist_max
fff634f8 b hist_add_idx
fff634fc b hist_num
fff63500 b hist_lines
fff65d14 b hist_list
fff65d64 b ctrlc_disabled
fff65d68 b ctrlc_was_pressed
fff65d6c b console_devices
fff65d78 b cd_count
fff65d84 b tstcdev
fff65d88 b mem_malloc_start
fff65d8c b mem_malloc_end
fff65d90 b mem_malloc_brk
fff65d94 b top_pad
fff65d98 b current_mallinfo.0
fff65d9c b max_sbrked_mem
fff65da0 b max_total_mem
fff65da4 b stdio_devices
fff65db0 b devs
fff65e00 b env_complete_buf
fff66000 b tmp_buf
fff66201 b print_efiname.name
fff66226 b mode_info
fff6632c b virtio_bootdev_ops
fff66330 b virtio_pci_bind.num_devs
fff66334 b fastboot_progress_callback
fff66338 b fastboot_boot.boot_addr_start
fff6634c b fastboot_buf_addr
fff66350 b fastboot_buf_size
fff66354 b fastboot_bytes_expected
fff66358 b fastboot_bytes_received
fff6635c b first_call
fff66360 b flags_list
fff66364 b first_call
fff66368 b callback_list
fff6636c b fs_type
fff66370 b fs_dev_desc
fff66374 b fs_partition
fff66418 b fs_dev_part
fff6641c b cur_dev
fff66420 b cur_part_info
fff664c4 b total_sector
fff664c8 b get_set_cluster.tmpbuf_cluster
fff664cc b bs
fff664d0 b rs
fff664d4 b timers_enabled
fff664d8 b current_image
fff664dc b efi_st_keep_devices
fff664e0 b efi_get_next_monotonic_count.mono
fff664e8 b uart_obj
fff66500 b console_timer_event
fff66504 b key_available
fff66508 b next_key
fff66514 b efi_memory_map_key
fff66518 b efi_root
fff6651c b watchdog_timer_event
fff66520 b dhcp_ack
fff66524 b netobj
fff66528 b transmit_buffer
fff6652c b receive_buffer
fff66530 b receive_lengths
fff66534 b wait_for_packet
fff66538 b network_timer_event
fff6653c b rx_packet_num
fff66540 b new_tx_packet
fff66544 b rx_packet_idx
fff66548 b efi_initrd_handle
fff6654c b binman
fff66550 b errno
fff66554 b local_toa
fff6656c b arp_wait_packet_ethaddr
fff66570 b net_arp_wait_packet_ip
fff66574 b net_arp_wait_reply_ip.0
fff66578 b arp_wait_tx_packet_size
fff6657c b arp_tx_packet_buf
fff66bbc b arp_tx_packet
fff66bc0 b arp_wait_timer_start
fff66bc4 b arp_wait_try
fff66bc8 b net_nis_domain
fff66be8 b net_hostname
fff66c08 b net_root_path
fff66c48 b bootp_num_ids
fff66c4c b bootp_try
fff66c50 b bootp_start
fff66c54 b bootp_timeout
fff66c58 b time_taken_max
fff66c5c b bootp_ids
fff66c6c b eth_errno
fff66c70 b eth_try_another.first_failed
fff66c74 b eth_set_current.act
fff66c78 b eth_set_current.env_changed_id
fff66c7c b net_nd_sol_packet_ip6
fff66c8c b net_nd_timer_start
fff66c90 b net_nd_try
fff66c94 b net_nd_packet_mac
fff66c98 b net_nd_tx_packet
fff66c9c b net_nd_tx_packet_size
fff66ca0 b net_nd_packet_buf
fff672e0 b net_nd_rep_packet_ip6
fff672f0 b push_packet
fff672f4 b net_init.first_call
fff672f5 b net_pkt_buf
fff69138 b net_tx_packet
fff6913c b net_rx_packets
fff6914c b net_state
fff69150 b net_restarted
fff69154 b net_dev_exists
fff69158 b net_try_count
fff6915c b net_boot_file_size
fff69160 b net_ip
fff69164 b time_start
fff69168 b time_handler
fff6916c b time_delta
fff69170 b net_restart_wrap
fff69174 b udp_packet_handler
fff69178 b arp_packet_handler
fff6917c b net_server_ethaddr
fff69184 b net_server_ip
fff69188 b net_rx_packet
fff6918c b net_rx_packet_len
fff69190 b net_ethaddr
fff69198 b net_ip_id
fff6919c b net_boot_file_name
fff6959c b net_netmask
fff695a0 b net_gateway
fff695a4 b net_dns_server
fff695a8 b net_boot_file_name_explicit
fff695ac b net_boot_file_expected_size_in_blocks
fff695b0 b net_gateway6
fff695c0 b net_ip6
fff695d0 b net_link_local_ip6
fff695e0 b net_server_ip6
fff695f0 b net_prefix_length
fff695f4 b use_ip6
fff695f8 b net_ping_ip
fff695fc b ping_seq_number
fff695fe b seq_no
fff69600 b ping6_send.mac
fff69608 b net_ping_ip6
fff69618 b saved_tftp_block_size_option
fff6961c b tftp_remote_ip6
fff6962c b tftp_remote_ip
fff69630 b tftp_filename
fff696b0 b default_filename
fff696c0 b tftp_load_addr
fff696c4 b tftp_state
fff696c8 b time_start
fff696cc b tftp_remote_port
fff696d0 b timeout_count
fff696d4 b tftp_our_port
fff696d8 b tftp_cur_block
fff696dc b tftp_windowsize
fff696de b tftp_last_nack
fff696e0 b tftp_tsize
fff696e4 b tftp_tsize_num_hash
fff696e8 b tftp_load_size
fff696ec b tftp_next_ack
fff696f0 b tftp_prev_block
fff696f4 b tftp_block_wrap
fff696f8 b tftp_block_wrap_offset
fff696fc b fastboot_our_port
fff69700 b fastboot_remote_ip.0
fff69704 b fastboot_remote_port
fff69708 b fastboot_send.command
fff69749 b fastboot_send.pending_command
fff6974a b last_packet
fff69b4c b last_packet_len
fff69b50 b is_ipv6
fff69b54 b ip_header_size
fff69b58 b curr_sport
fff69b5a b curr_dport
fff69b5c b curr_tcp_seq_num
fff69b60 b curr_tcp_ack_num
fff69b64 b curr_request_len
fff69b68 b state
fff69b6c b command
fff69bad b response
fff69bf0 b command_handled_id
fff69bf4 b command_handled_success
fff69bf8 b udp_ops
fff69bfc b current_tcp_state
fff69c00 b tcp_packet_handler
fff69c04 b loc_timestamp
fff69c08 b rmt_timestamp
fff69c0c b tcp_lost
fff69c30 b tcp_activity_count
fff69c34 b tcp_ack_edge
fff69c38 b prev_len
fff69c3c b sack_idx
fff69c40 b edge_a
fff69dc0 b tcp6_packet_handler
fff69dc4 B __bss_end
fff70830 A __rel_dyn_end
fff70830 A _end
